Archive member included to satisfy reference by file (symbol)

/Applications/STM32CubeIDE.app/Contents/Eclipse/plugins/com.st.stm32cube.ide.mcu.externaltools.gnu-tools-for-stm32.13.3.rel1.macos64_1.0.0.202411102158/tools/bin/../lib/gcc/arm-none-eabi/13.3.1/../../../../arm-none-eabi/lib/thumb/v7e-m+fp/hard/libc_nano.a(libc_a-exit.o)
                              /Applications/STM32CubeIDE.app/Contents/Eclipse/plugins/com.st.stm32cube.ide.mcu.externaltools.gnu-tools-for-stm32.13.3.rel1.macos64_1.0.0.202411102158/tools/bin/../lib/gcc/arm-none-eabi/13.3.1/../../../../arm-none-eabi/lib/thumb/v7e-m+fp/hard/crt0.o (exit)
/Applications/STM32CubeIDE.app/Contents/Eclipse/plugins/com.st.stm32cube.ide.mcu.externaltools.gnu-tools-for-stm32.13.3.rel1.macos64_1.0.0.202411102158/tools/bin/../lib/gcc/arm-none-eabi/13.3.1/../../../../arm-none-eabi/lib/thumb/v7e-m+fp/hard/libc_nano.a(libc_a-findfp.o)
                              /Applications/STM32CubeIDE.app/Contents/Eclipse/plugins/com.st.stm32cube.ide.mcu.externaltools.gnu-tools-for-stm32.13.3.rel1.macos64_1.0.0.202411102158/tools/bin/../lib/gcc/arm-none-eabi/13.3.1/../../../../arm-none-eabi/lib/thumb/v7e-m+fp/hard/libc_nano.a(libc_a-exit.o) (__stdio_exit_handler)
/Applications/STM32CubeIDE.app/Contents/Eclipse/plugins/com.st.stm32cube.ide.mcu.externaltools.gnu-tools-for-stm32.13.3.rel1.macos64_1.0.0.202411102158/tools/bin/../lib/gcc/arm-none-eabi/13.3.1/../../../../arm-none-eabi/lib/thumb/v7e-m+fp/hard/libc_nano.a(libc_a-fwalk.o)
                              /Applications/STM32CubeIDE.app/Contents/Eclipse/plugins/com.st.stm32cube.ide.mcu.externaltools.gnu-tools-for-stm32.13.3.rel1.macos64_1.0.0.202411102158/tools/bin/../lib/gcc/arm-none-eabi/13.3.1/../../../../arm-none-eabi/lib/thumb/v7e-m+fp/hard/libc_nano.a(libc_a-findfp.o) (_fwalk_sglue)
/Applications/STM32CubeIDE.app/Contents/Eclipse/plugins/com.st.stm32cube.ide.mcu.externaltools.gnu-tools-for-stm32.13.3.rel1.macos64_1.0.0.202411102158/tools/bin/../lib/gcc/arm-none-eabi/13.3.1/../../../../arm-none-eabi/lib/thumb/v7e-m+fp/hard/libc_nano.a(libc_a-printf.o)
                              ./Core/Src/main.o (printf)
/Applications/STM32CubeIDE.app/Contents/Eclipse/plugins/com.st.stm32cube.ide.mcu.externaltools.gnu-tools-for-stm32.13.3.rel1.macos64_1.0.0.202411102158/tools/bin/../lib/gcc/arm-none-eabi/13.3.1/../../../../arm-none-eabi/lib/thumb/v7e-m+fp/hard/libc_nano.a(libc_a-putchar.o)
                              ./Core/Src/main.o (putchar)
/Applications/STM32CubeIDE.app/Contents/Eclipse/plugins/com.st.stm32cube.ide.mcu.externaltools.gnu-tools-for-stm32.13.3.rel1.macos64_1.0.0.202411102158/tools/bin/../lib/gcc/arm-none-eabi/13.3.1/../../../../arm-none-eabi/lib/thumb/v7e-m+fp/hard/libc_nano.a(libc_a-puts.o)
                              ./Core/Src/main.o (puts)
/Applications/STM32CubeIDE.app/Contents/Eclipse/plugins/com.st.stm32cube.ide.mcu.externaltools.gnu-tools-for-stm32.13.3.rel1.macos64_1.0.0.202411102158/tools/bin/../lib/gcc/arm-none-eabi/13.3.1/../../../../arm-none-eabi/lib/thumb/v7e-m+fp/hard/libc_nano.a(libc_a-memset.o)
                              /Applications/STM32CubeIDE.app/Contents/Eclipse/plugins/com.st.stm32cube.ide.mcu.externaltools.gnu-tools-for-stm32.13.3.rel1.macos64_1.0.0.202411102158/tools/bin/../lib/gcc/arm-none-eabi/13.3.1/../../../../arm-none-eabi/lib/thumb/v7e-m+fp/hard/crt0.o (memset)
/Applications/STM32CubeIDE.app/Contents/Eclipse/plugins/com.st.stm32cube.ide.mcu.externaltools.gnu-tools-for-stm32.13.3.rel1.macos64_1.0.0.202411102158/tools/bin/../lib/gcc/arm-none-eabi/13.3.1/../../../../arm-none-eabi/lib/thumb/v7e-m+fp/hard/libc_nano.a(libc_a-errno.o)
                              ./Core/Src/syscalls.o (__errno)
/Applications/STM32CubeIDE.app/Contents/Eclipse/plugins/com.st.stm32cube.ide.mcu.externaltools.gnu-tools-for-stm32.13.3.rel1.macos64_1.0.0.202411102158/tools/bin/../lib/gcc/arm-none-eabi/13.3.1/../../../../arm-none-eabi/lib/thumb/v7e-m+fp/hard/libc_nano.a(libc_a-init.o)
                              /Applications/STM32CubeIDE.app/Contents/Eclipse/plugins/com.st.stm32cube.ide.mcu.externaltools.gnu-tools-for-stm32.13.3.rel1.macos64_1.0.0.202411102158/tools/bin/../lib/gcc/arm-none-eabi/13.3.1/../../../../arm-none-eabi/lib/thumb/v7e-m+fp/hard/crt0.o (__libc_init_array)
/Applications/STM32CubeIDE.app/Contents/Eclipse/plugins/com.st.stm32cube.ide.mcu.externaltools.gnu-tools-for-stm32.13.3.rel1.macos64_1.0.0.202411102158/tools/bin/../lib/gcc/arm-none-eabi/13.3.1/../../../../arm-none-eabi/lib/thumb/v7e-m+fp/hard/libc_nano.a(libc_a-lock.o)
                              /Applications/STM32CubeIDE.app/Contents/Eclipse/plugins/com.st.stm32cube.ide.mcu.externaltools.gnu-tools-for-stm32.13.3.rel1.macos64_1.0.0.202411102158/tools/bin/../lib/gcc/arm-none-eabi/13.3.1/../../../../arm-none-eabi/lib/thumb/v7e-m+fp/hard/libc_nano.a(libc_a-findfp.o) (__retarget_lock_init_recursive)
[...]
Memory Configuration

Name             Origin             Length             Attributes
RAM              0x20000000         0x00018000         xrw
RAM2             0x10000000         0x00008000         xrw
FLASH            0x08000000         0x00100000         xr
*default*        0x00000000         0xffffffff

Linker script and memory map

LOAD /Applications/STM32CubeIDE.app/Contents/Eclipse/plugins/com.st.stm32cube.ide.mcu.externaltools.gnu-tools-for-stm32.13.3.rel1.macos64_1.0.0.202411102158/tools/bin/../lib/gcc/arm-none-eabi/13.3.1/thumb/v7e-m+fp/hard/crti.o
LOAD /Applications/STM32CubeIDE.app/Contents/Eclipse/plugins/com.st.stm32cube.ide.mcu.externaltools.gnu-tools-for-stm32.13.3.rel1.macos64_1.0.0.202411102158/tools/bin/../lib/gcc/arm-none-eabi/13.3.1/thumb/v7e-m+fp/hard/crtbegin.o
LOAD /Applications/STM32CubeIDE.app/Contents/Eclipse/plugins/com.st.stm32cube.ide.mcu.externaltools.gnu-tools-for-stm32.13.3.rel1.macos64_1.0.0.202411102158/tools/bin/../lib/gcc/arm-none-eabi/13.3.1/../../../../arm-none-eabi/lib/thumb/v7e-m+fp/hard/crt0.o
LOAD ./Core/Src/LinkedList.o
LOAD ./Core/Src/app_events.o
LOAD ./Core/Src/buff_manager.o
LOAD ./Core/Src/lora.o
LOAD ./Core/Src/main.o
LOAD ./Core/Src/stm32l4xx_hal_msp.o
LOAD ./Core/Src/stm32l4xx_it.o
LOAD ./Core/Src/syscalls.o
LOAD ./Core/Src/sysmem.o
LOAD ./Core/Src/system_stm32l4xx.o
LOAD ./Core/Startup/startup_stm32l476rgtx.o
LOAD ./Drivers/STM32L4xx_HAL_Driver/Src/stm32l4xx_hal.o
LOAD ./Drivers/STM32L4xx_HAL_Driver/Src/stm32l4xx_hal_cortex.o
LOAD ./Drivers/STM32L4xx_HAL_Driver/Src/stm32l4xx_hal_dma.o
LOAD ./Drivers/STM32L4xx_HAL_Driver/Src/stm32l4xx_hal_dma_ex.o
LOAD ./Drivers/STM32L4xx_HAL_Driver/Src/stm32l4xx_hal_exti.o
LOAD ./Drivers/STM32L4xx_HAL_Driver/Src/stm32l4xx_hal_flash.o
LOAD ./Drivers/STM32L4xx_HAL_Driver/Src/stm32l4xx_hal_flash_ex.o
LOAD ./Drivers/STM32L4xx_HAL_Driver/Src/stm32l4xx_hal_flash_ramfunc.o
LOAD ./Drivers/STM32L4xx_HAL_Driver/Src/stm32l4xx_hal_gpio.o
LOAD ./Drivers/STM32L4xx_HAL_Driver/Src/stm32l4xx_hal_i2c.o
LOAD ./Drivers/STM32L4xx_HAL_Driver/Src/stm32l4xx_hal_i2c_ex.o
LOAD ./Drivers/STM32L4xx_HAL_Driver/Src/stm32l4xx_hal_lptim.o
LOAD ./Drivers/STM32L4xx_HAL_Driver/Src/stm32l4xx_hal_pwr.o
LOAD ./Drivers/STM32L4xx_HAL_Driver/Src/stm32l4xx_hal_pwr_ex.o
LOAD ./Drivers/STM32L4xx_HAL_Driver/Src/stm32l4xx_hal_rcc.o
LOAD ./Drivers/STM32L4xx_HAL_Driver/Src/stm32l4xx_hal_rcc_ex.o
LOAD ./Drivers/STM32L4xx_HAL_Driver/Src/stm32l4xx_hal_rng.o
LOAD ./Drivers/STM32L4xx_HAL_Driver/Src/stm32l4xx_hal_rtc.o
LOAD ./Drivers/STM32L4xx_HAL_Driver/Src/stm32l4xx_hal_rtc_ex.o
LOAD ./Drivers/STM32L4xx_HAL_Driver/Src/stm32l4xx_hal_spi.o
LOAD ./Drivers/STM32L4xx_HAL_Driver/Src/stm32l4xx_hal_spi_ex.o
LOAD ./Drivers/STM32L4xx_HAL_Driver/Src/stm32l4xx_hal_uart.o
LOAD ./Drivers/STM32L4xx_HAL_Driver/Src/stm32l4xx_hal_uart_ex.o
START GROUP
LOAD /Applications/STM32CubeIDE.app/Contents/Eclipse/plugins/com.st.stm32cube.ide.mcu.externaltools.gnu-tools-for-stm32.13.3.rel1.macos64_1.0.0.202411102158/tools/bin/../lib/gcc/arm-none-eabi/13.3.1/../../../../arm-none-eabi/lib/thumb/v7e-m+fp/hard/libc_nano.a
LOAD /Applications/STM32CubeIDE.app/Contents/Eclipse/plugins/com.st.stm32cube.ide.mcu.externaltools.gnu-tools-for-stm32.13.3.rel1.macos64_1.0.0.202411102158/tools/bin/../lib/gcc/arm-none-eabi/13.3.1/../../../../arm-none-eabi/lib/thumb/v7e-m+fp/hard/libm.a
END GROUP
START GROUP
LOAD /Applications/STM32CubeIDE.app/Contents/Eclipse/plugins/com.st.stm32cube.ide.mcu.externaltools.gnu-tools-for-stm32.13.3.rel1.macos64_1.0.0.202411102158/tools/bin/../lib/gcc/arm-none-eabi/13.3.1/thumb/v7e-m+fp/hard/libgcc.a
LOAD /Applications/STM32CubeIDE.app/Contents/Eclipse/plugins/com.st.stm32cube.ide.mcu.externaltools.gnu-tools-for-stm32.13.3.rel1.macos64_1.0.0.202411102158/tools/bin/../lib/gcc/arm-none-eabi/13.3.1/../../../../arm-none-eabi/lib/thumb/v7e-m+fp/hard/libc_nano.a
END GROUP
START GROUP
LOAD /Applications/STM32CubeIDE.app/Contents/Eclipse/plugins/com.st.stm32cube.ide.mcu.externaltools.gnu-tools-for-stm32.13.3.rel1.macos64_1.0.0.202411102158/tools/bin/../lib/gcc/arm-none-eabi/13.3.1/thumb/v7e-m+fp/hard/libgcc.a
LOAD /Applications/STM32CubeIDE.app/Contents/Eclipse/plugins/com.st.stm32cube.ide.mcu.externaltools.gnu-tools-for-stm32.13.3.rel1.macos64_1.0.0.202411102158/tools/bin/../lib/gcc/arm-none-eabi/13.3.1/../../../../arm-none-eabi/lib/thumb/v7e-m+fp/hard/libc_nano.a
LOAD /Applications/STM32CubeIDE.app/Contents/Eclipse/plugins/com.st.stm32cube.ide.mcu.externaltools.gnu-tools-for-stm32.13.3.rel1.macos64_1.0.0.202411102158/tools/bin/../lib/gcc/arm-none-eabi/13.3.1/../../../../arm-none-eabi/lib/thumb/v7e-m+fp/hard/libnosys.a
END GROUP
START GROUP
LOAD /Applications/STM32CubeIDE.app/Contents/Eclipse/plugins/com.st.stm32cube.ide.mcu.externaltools.gnu-tools-for-stm32.13.3.rel1.macos64_1.0.0.202411102158/tools/bin/../lib/gcc/arm-none-eabi/13.3.1/thumb/v7e-m+fp/hard/libgcc.a
LOAD /Applications/STM32CubeIDE.app/Contents/Eclipse/plugins/com.st.stm32cube.ide.mcu.externaltools.gnu-tools-for-stm32.13.3.rel1.macos64_1.0.0.202411102158/tools/bin/../lib/gcc/arm-none-eabi/13.3.1/../../../../arm-none-eabi/lib/thumb/v7e-m+fp/hard/libc_nano.a
LOAD /Applications/STM32CubeIDE.app/Contents/Eclipse/plugins/com.st.stm32cube.ide.mcu.externaltools.gnu-tools-for-stm32.13.3.rel1.macos64_1.0.0.202411102158/tools/bin/../lib/gcc/arm-none-eabi/13.3.1/../../../../arm-none-eabi/lib/thumb/v7e-m+fp/hard/libnosys.a
END GROUP
LOAD /Applications/STM32CubeIDE.app/Contents/Eclipse/plugins/com.st.stm32cube.ide.mcu.externaltools.gnu-tools-for-stm32.13.3.rel1.macos64_1.0.0.202411102158/tools/bin/../lib/gcc/arm-none-eabi/13.3.1/thumb/v7e-m+fp/hard/crtend.o
LOAD /Applications/STM32CubeIDE.app/Contents/Eclipse/plugins/com.st.stm32cube.ide.mcu.externaltools.gnu-tools-for-stm32.13.3.rel1.macos64_1.0.0.202411102158/tools/bin/../lib/gcc/arm-none-eabi/13.3.1/thumb/v7e-m+fp/hard/crtn.o
                0x20018000                        _estack = (ORIGIN (RAM) + LENGTH (RAM))
                0x00000200                        _Min_Heap_Size = 0x200
                0x00000400                        _Min_Stack_Size = 0x400

.isr_vector     0x08000000      0x188
                0x08000000                        . = ALIGN (0x4)
 *(.isr_vector)
 .isr_vector    0x08000000      0x188 ./Core/Startup/startup_stm32l476rgtx.o
                0x08000000                g_pfnVectors
                0x08000188                        . = ALIGN (0x4)

.text           0x08000188     0x82ec
                0x08000188                        . = ALIGN (0x4)
 *(.text)
 .text          0x08000188       0x40 /Applications/STM32CubeIDE.app/Contents/Eclipse/plugins/com.st.stm32cube.ide.mcu.externaltools.gnu-tools-for-stm32.13.3.rel1.macos64_1.0.0.202411102158/tools/bin/../lib/gcc/arm-none-eabi/13.3.1/thumb/v7e-m+fp/hard/crtbegin.o
 .text          0x080001c8       0x30 /Applications/STM32CubeIDE.app/Contents/Eclipse/plugins/com.st.stm32cube.ide.mcu.externaltools.gnu-tools-for-stm32.13.3.rel1.macos64_1.0.0.202411102158/tools/bin/../lib/gcc/arm-none-eabi/13.3.1/thumb/v7e-m+fp/hard/libgcc.a(_aeabi_uldivmod.o)
                0x080001c8                __aeabi_uldivmod
 .text          0x080001f8      0x2f8 /Applications/STM32CubeIDE.app/Contents/Eclipse/plugins/com.st.stm32cube.ide.mcu.externaltools.gnu-tools-for-stm32.13.3.rel1.macos64_1.0.0.202411102158/tools/bin/../lib/gcc/arm-none-eabi/13.3.1/thumb/v7e-m+fp/hard/libgcc.a(_udivmoddi4.o)
                0x080001f8                __udivmoddi4
 .text          0x080004f0        0x4 /Applications/STM32CubeIDE.app/Contents/Eclipse/plugins/com.st.stm32cube.ide.mcu.externaltools.gnu-tools-for-stm32.13.3.rel1.macos64_1.0.0.202411102158/tools/bin/../lib/gcc/arm-none-eabi/13.3.1/thumb/v7e-m+fp/hard/libgcc.a(_dvmd_tls.o)
                0x080004f0                __aeabi_ldiv0
                0x080004f0                __aeabi_idiv0
 *(.text*)
 .text.init_LL  0x080004f4       0x5c ./Core/Src/LinkedList.o
                0x080004f4                init_LL
 .text.add_pkt_LL
                0x08000550       0x9e ./Core/Src/LinkedList.o
                0x08000550                add_pkt_LL
 .text.remove_pkt_LL
                0x080005ee       0xd0 ./Core/Src/LinkedList.o
                0x080005ee                remove_pkt_LL
 .text.get_head_LL
                0x080006be       0x24 ./Core/Src/LinkedList.o
                0x080006be                get_head_LL
 .text.get_tail_LL
                0x080006e2       0x24 ./Core/Src/LinkedList.o
                0x080006e2                get_tail_LL
 .text.LL_get_RXbuff_idx
                0x08000706       0x24 ./Core/Src/LinkedList.o
                0x08000706                LL_get_RXbuff_idx
 .text.get_prev_LL
                0x0800072a       0x30 ./Core/Src/LinkedList.o
                0x0800072a                get_prev_LL
 .text.on_rx_event
                0x0800075a      0x216 ./Core/Src/app_events.o
                0x0800075a                on_rx_event
 .text.on_tx_event
                0x08000970      0x1fe ./Core/Src/app_events.o
                0x08000970                on_tx_event
 .text.process_bcNode_up
                0x08000b6e      0x1ce ./Core/Src/app_events.o
                0x08000b6e                process_bcNode_up
 .text.process_envNode_up
                0x08000d3c      0x192 ./Core/Src/app_events.o
                0x08000d3c                process_envNode_up
 .text.process_bcNode_ack
                0x08000ece       0xc0 ./Core/Src/app_events.o
                0x08000ece                process_bcNode_ack
 .text.init_buffers
                0x08000f8e       0x54 ./Core/Src/buff_manager.o
                0x08000f8e                init_buffers
 .text.remove_pkt
                0x08000fe2       0x70 ./Core/Src/buff_manager.o
                0x08000fe2                remove_pkt
 .text.add_pkt  0x08001052       0xd4 ./Core/Src/buff_manager.o
                0x08001052                add_pkt
 .text.get_nextTX_pkt
                0x08001126       0xfa ./Core/Src/buff_manager.o
                0x08001126                get_nextTX_pkt
 .text.get_nextTX_pri
                0x08001220       0x56 ./Core/Src/buff_manager.o
                0x08001220                get_nextTX_pri
 .text.tx_queue_remove
                0x08001276       0x60 ./Core/Src/buff_manager.o
                0x08001276                tx_queue_remove
 .text.read_register
                0x080012d6       0x78 ./Core/Src/lora.o
 .text.write_register
                0x0800134e       0x62 ./Core/Src/lora.o
 .text.rfm95_modify_power
                0x080013b0       0xcc ./Core/Src/lora.o
 .text.rfm95_modify_SF
                0x0800147c       0xc8 ./Core/Src/lora.o
 .text.rfm95_modify_CR_BW
                0x08001544       0x68 ./Core/Src/lora.o
 .text.rfm95_modify_frequency
                0x080015ac       0xbc ./Core/Src/lora.o
 .text.rfm95_modify_syncWord
                0x08001668       0x32 ./Core/Src/lora.o
 *fill*         0x0800169a        0x2 
 .text.config_load_default
                0x0800169c       0x80 ./Core/Src/lora.o
 .text.wait_for_irq
                0x0800171c       0x5c ./Core/Src/lora.o
 .text.rfm95_init
                0x08001778      0x160 ./Core/Src/lora.o
                0x08001778                rfm95_init
 .text.reset_rfm
                0x080018d8       0x3c ./Core/Src/lora.o
                0x080018d8                reset_rfm
 .text.rfm95_set_power
                0x08001914       0x38 ./Core/Src/lora.o
                0x08001914                rfm95_set_power
 .text.rfm95_set_SF
                0x0800194c       0x20 ./Core/Src/lora.o
                0x0800194c                rfm95_set_SF
 .text.rfm95_set_CR
                0x0800196c       0x20 ./Core/Src/lora.o
                0x0800196c                rfm95_set_CR
 .text.rfm95_set_BW
                0x0800198c       0x20 ./Core/Src/lora.o
                0x0800198c                rfm95_set_BW
 .text.rfm95_set_frequency
                0x080019ac       0x40 ./Core/Src/lora.o
                0x080019ac                rfm95_set_frequency
 .text.rfm95_set_syncWord
                0x080019ec       0x2e ./Core/Src/lora.o
                0x080019ec                rfm95_set_syncWord
 .text.rfm95_getRSSI
                0x08001a1a       0x3e ./Core/Src/lora.o
                0x08001a1a                rfm95_getRSSI
 .text.rfm95_getSNR
                0x08001a58       0x44 ./Core/Src/lora.o
                0x08001a58                rfm95_getSNR
 .text.rfm95_getModemStatus
                0x08001a9c       0x3e ./Core/Src/lora.o
                0x08001a9c                rfm95_getModemStatus
 .text.rfm95_stdby
                0x08001ada       0x4e ./Core/Src/lora.o
                0x08001ada                rfm95_stdby
 .text.rfm95_send
                0x08001b28      0x1f6 ./Core/Src/lora.o
                0x08001b28                rfm95_send
 .text.rfm95_enter_rx_mode
                0x08001d1e       0xe2 ./Core/Src/lora.o
                0x08001d1e                rfm95_enter_rx_mode
 .text.rfm95_receive
                0x08001e00      0x14c ./Core/Src/lora.o
                0x08001e00                rfm95_receive
 .text.rfm95_on_interrupt
                0x08001f4c       0x44 ./Core/Src/lora.o
                0x08001f4c                rfm95_on_interrupt
 .text.__NVIC_ClearPendingIRQ
                0x08001f90       0x3c ./Core/Src/main.o
 .text.main     0x08001fcc      0x2cc ./Core/Src/main.o
                0x08001fcc                main
 .text.SystemClock_Config
                0x08002298       0xc0 ./Core/Src/main.o
                0x08002298                SystemClock_Config
 .text.MX_LPTIM1_Init
                0x08002358       0x58 ./Core/Src/main.o
 .text.MX_RNG_Init
                0x080023b0       0x28 ./Core/Src/main.o
 .text.MX_RTC_Init
                0x080023d8       0xc0 ./Core/Src/main.o
 .text.MX_SPI3_Init
                0x08002498       0x90 ./Core/Src/main.o
 .text.MX_USART2_UART_Init
                0x08002528       0x60 ./Core/Src/main.o
 .text.MX_GPIO_Init
                0x08002588      0x1e4 ./Core/Src/main.o
 .text.init_rfm
                0x0800276c       0xd8 ./Core/Src/main.o
 .text.get_precision_tick
                0x08002844       0x30 ./Core/Src/main.o
 .text.precision_sleep_until
                0x08002874       0xb8 ./Core/Src/main.o
 .text.get_battery_level
                0x0800292c       0x10 ./Core/Src/main.o
 .text.rfm95_after_interrupts_configured
                0x0800293c       0x18 ./Core/Src/main.o
 .text.get_random_number
                0x08002954       0xc4 ./Core/Src/main.o
                0x08002954                get_random_number
 .text.random_wait
                0x08002a18       0x66 ./Core/Src/main.o
 *fill*         0x08002a7e        0x2 
 .text.schedule_tx_evt
                0x08002a80      0x104 ./Core/Src/main.o
 .text.enterStopMode
                0x08002b84       0x5c ./Core/Src/main.o
                0x08002b84                enterStopMode
 .text.MySystemClock_Config
                0x08002be0       0xe4 ./Core/Src/main.o
                0x08002be0                MySystemClock_Config
 .text.HAL_LPTIM_AutoReloadMatchCallback
                0x08002cc4       0x24 ./Core/Src/main.o
                0x08002cc4                HAL_LPTIM_AutoReloadMatchCallback
 .text.HAL_LPTIM_CompareMatchCallback
                0x08002ce8       0x14 ./Core/Src/main.o
                0x08002ce8                HAL_LPTIM_CompareMatchCallback
 .text.HAL_RTCEx_WakeUpTimerEventCallback
                0x08002cfc       0x28 ./Core/Src/main.o
                0x08002cfc                HAL_RTCEx_WakeUpTimerEventCallback
 .text.HAL_GPIO_EXTI_Callback
                0x08002d24       0x6c ./Core/Src/main.o
                0x08002d24                HAL_GPIO_EXTI_Callback
 .text._write   0x08002d90       0x2c ./Core/Src/main.o
                0x08002d90                _write
 .text.Error_Handler
                0x08002dbc        0xc ./Core/Src/main.o
                0x08002dbc                Error_Handler
 .text.HAL_MspInit
                0x08002dc8       0x48 ./Core/Src/stm32l4xx_hal_msp.o
                0x08002dc8                HAL_MspInit
 .text.HAL_LPTIM_MspInit
                0x08002e10       0x78 ./Core/Src/stm32l4xx_hal_msp.o
                0x08002e10                HAL_LPTIM_MspInit
 .text.HAL_RNG_MspInit
                0x08002e88       0x6c ./Core/Src/stm32l4xx_hal_msp.o
                0x08002e88                HAL_RNG_MspInit
 .text.HAL_RTC_MspInit
                0x08002ef4       0x74 ./Core/Src/stm32l4xx_hal_msp.o
                0x08002ef4                HAL_RTC_MspInit
 .text.HAL_SPI_MspInit
                0x08002f68       0xac ./Core/Src/stm32l4xx_hal_msp.o
                0x08002f68                HAL_SPI_MspInit
 .text.HAL_UART_MspInit
                0x08003014       0xb8 ./Core/Src/stm32l4xx_hal_msp.o
                0x08003014                HAL_UART_MspInit
 .text.NMI_Handler
                0x080030cc        0x8 ./Core/Src/stm32l4xx_it.o
                0x080030cc                NMI_Handler
 .text.HardFault_Handler
                0x080030d4        0x8 ./Core/Src/stm32l4xx_it.o
                0x080030d4                HardFault_Handler
 .text.MemManage_Handler
                0x080030dc        0x8 ./Core/Src/stm32l4xx_it.o
                0x080030dc                MemManage_Handler
 .text.BusFault_Handler
                0x080030e4        0x8 ./Core/Src/stm32l4xx_it.o
                0x080030e4                BusFault_Handler
 .text.UsageFault_Handler
                0x080030ec        0x8 ./Core/Src/stm32l4xx_it.o
                0x080030ec                UsageFault_Handler
 .text.SVC_Handler
                0x080030f4        0xe ./Core/Src/stm32l4xx_it.o
                0x080030f4                SVC_Handler
 .text.DebugMon_Handler
                0x08003102        0xe ./Core/Src/stm32l4xx_it.o
                0x08003102                DebugMon_Handler
 .text.PendSV_Handler
                0x08003110        0xe ./Core/Src/stm32l4xx_it.o
                0x08003110                PendSV_Handler
 .text.SysTick_Handler
                0x0800311e        0xc ./Core/Src/stm32l4xx_it.o
                0x0800311e                SysTick_Handler
 *fill*         0x0800312a        0x2 
 .text.RTC_WKUP_IRQHandler
                0x0800312c       0x14 ./Core/Src/stm32l4xx_it.o
                0x0800312c                RTC_WKUP_IRQHandler
 .text.EXTI9_5_IRQHandler
                0x08003140       0x10 ./Core/Src/stm32l4xx_it.o
                0x08003140                EXTI9_5_IRQHandler
 .text.EXTI15_10_IRQHandler
                0x08003150       0x20 ./Core/Src/stm32l4xx_it.o
                0x08003150                EXTI15_10_IRQHandler
 .text.LPTIM1_IRQHandler
                0x08003170       0x14 ./Core/Src/stm32l4xx_it.o
                0x08003170                LPTIM1_IRQHandler
 .text._read    0x08003184       0x3a ./Core/Src/syscalls.o
                0x08003184                _read
 .text._close   0x080031be       0x18 ./Core/Src/syscalls.o
                0x080031be                _close
 .text._fstat   0x080031d6       0x20 ./Core/Src/syscalls.o
                0x080031d6                _fstat
 .text._isatty  0x080031f6       0x16 ./Core/Src/syscalls.o
                0x080031f6                _isatty
 .text._lseek   0x0800320c       0x1a ./Core/Src/syscalls.o
                0x0800320c                _lseek
 *fill*         0x08003226        0x2 
 .text._sbrk    0x08003228       0x6c ./Core/Src/sysmem.o
                0x08003228                _sbrk
 .text.SystemInit
                0x08003294       0x24 ./Core/Src/system_stm32l4xx.o
                0x08003294                SystemInit
 .text.Reset_Handler
                0x080032b8       0x50 ./Core/Startup/startup_stm32l476rgtx.o
                0x080032b8                Reset_Handler
 .text.Default_Handler
                0x08003308        0x2 ./Core/Startup/startup_stm32l476rgtx.o
                0x08003308                TIM1_BRK_TIM15_IRQHandler
                0x08003308                EXTI2_IRQHandler
                0x08003308                TIM8_TRG_COM_IRQHandler
                0x08003308                TIM8_CC_IRQHandler
                0x08003308                TIM1_CC_IRQHandler
                0x08003308                TSC_IRQHandler
                0x08003308                TAMP_STAMP_IRQHandler
                0x08003308                EXTI3_IRQHandler
                0x08003308                LPTIM2_IRQHandler
                0x08003308                DFSDM1_FLT1_IRQHandler
                0x08003308                I2C3_ER_IRQHandler
                0x08003308                DFSDM1_FLT2_IRQHandler
                0x08003308                EXTI0_IRQHandler
                0x08003308                I2C2_EV_IRQHandler
                0x08003308                CAN1_RX0_IRQHandler
                0x08003308                FPU_IRQHandler
                0x08003308                TIM1_UP_TIM16_IRQHandler
                0x08003308                ADC1_2_IRQHandler
                0x08003308                SPI1_IRQHandler
                0x08003308                TIM6_DAC_IRQHandler
                0x08003308                TIM8_UP_IRQHandler
                0x08003308                DMA2_Channel2_IRQHandler
                0x08003308                DMA1_Channel4_IRQHandler
                0x08003308                SAI2_IRQHandler
                0x08003308                DFSDM1_FLT3_IRQHandler
                0x08003308                USART3_IRQHandler
                0x08003308                DMA1_Channel7_IRQHandler
                0x08003308                CAN1_RX1_IRQHandler
                0x08003308                LCD_IRQHandler
                0x08003308                UART5_IRQHandler
                0x08003308                ADC3_IRQHandler
                0x08003308                TIM4_IRQHandler
                0x08003308                DMA2_Channel1_IRQHandler
                0x08003308                QUADSPI_IRQHandler
                0x08003308                I2C1_EV_IRQHandler
                0x08003308                DMA1_Channel6_IRQHandler
                0x08003308                UART4_IRQHandler
                0x08003308                DMA2_Channel4_IRQHandler
                0x08003308                TIM3_IRQHandler
                0x08003308                RCC_IRQHandler
                0x08003308                DMA1_Channel1_IRQHandler
                0x08003308                Default_Handler
                0x08003308                DMA2_Channel7_IRQHandler
                0x08003308                TIM7_IRQHandler
                0x08003308                SDMMC1_IRQHandler
                0x08003308                TIM5_IRQHandler
                0x08003308                I2C3_EV_IRQHandler
                0x08003308                PVD_PVM_IRQHandler
                0x08003308                SPI2_IRQHandler
                0x08003308                CAN1_TX_IRQHandler
                0x08003308                DMA2_Channel5_IRQHandler
                0x08003308                DMA1_Channel5_IRQHandler
                0x08003308                EXTI4_IRQHandler
                0x08003308                RNG_IRQHandler
                0x08003308                TIM1_TRG_COM_TIM17_IRQHandler
                0x08003308                DMA1_Channel3_IRQHandler
                0x08003308                COMP_IRQHandler
                0x08003308                WWDG_IRQHandler
                0x08003308                LPUART1_IRQHandler
                0x08003308                DMA2_Channel6_IRQHandler
                0x08003308                TIM2_IRQHandler
                0x08003308                EXTI1_IRQHandler
                0x08003308                USART2_IRQHandler
                0x08003308                DFSDM1_FLT0_IRQHandler
                0x08003308                I2C2_ER_IRQHandler
                0x08003308                DMA1_Channel2_IRQHandler
                0x08003308                TIM8_BRK_IRQHandler
                0x08003308                CAN1_SCE_IRQHandler
                0x08003308                FLASH_IRQHandler
                0x08003308                USART1_IRQHandler
                0x08003308                OTG_FS_IRQHandler
                0x08003308                SPI3_IRQHandler
                0x08003308                I2C1_ER_IRQHandler
                0x08003308                FMC_IRQHandler
                0x08003308                SWPMI1_IRQHandler
                0x08003308                SAI1_IRQHandler
                0x08003308                DMA2_Channel3_IRQHandler
                0x08003308                RTC_Alarm_IRQHandler
 *fill*         0x0800330a        0x2 
 .text.HAL_Init
                0x0800330c       0x40 ./Drivers/STM32L4xx_HAL_Driver/Src/stm32l4xx_hal.o
                0x0800330c                HAL_Init
 .text.HAL_InitTick
                0x0800334c       0x78 ./Drivers/STM32L4xx_HAL_Driver/Src/stm32l4xx_hal.o
                0x0800334c                HAL_InitTick
 .text.HAL_IncTick
                0x080033c4       0x28 ./Drivers/STM32L4xx_HAL_Driver/Src/stm32l4xx_hal.o
                0x080033c4                HAL_IncTick
 .text.HAL_GetTick
                0x080033ec       0x18 ./Drivers/STM32L4xx_HAL_Driver/Src/stm32l4xx_hal.o
                0x080033ec                HAL_GetTick
 .text.HAL_Delay
                0x08003404       0x48 ./Drivers/STM32L4xx_HAL_Driver/Src/stm32l4xx_hal.o
                0x08003404                HAL_Delay
 .text.HAL_SuspendTick
                0x0800344c       0x20 ./Drivers/STM32L4xx_HAL_Driver/Src/stm32l4xx_hal.o
                0x0800344c                HAL_SuspendTick
 .text.HAL_ResumeTick
                0x0800346c       0x20 ./Drivers/STM32L4xx_HAL_Driver/Src/stm32l4xx_hal.o
                0x0800346c                HAL_ResumeTick
 .text.__NVIC_SetPriorityGrouping
                0x0800348c       0x48 ./Drivers/STM32L4xx_HAL_Driver/Src/stm32l4xx_hal_cortex.o
 .text.__NVIC_GetPriorityGrouping
                0x080034d4       0x1c ./Drivers/STM32L4xx_HAL_Driver/Src/stm32l4xx_hal_cortex.o
 .text.__NVIC_EnableIRQ
                0x080034f0       0x3c ./Drivers/STM32L4xx_HAL_Driver/Src/stm32l4xx_hal_cortex.o
 .text.__NVIC_SetPriority
                0x0800352c       0x54 ./Drivers/STM32L4xx_HAL_Driver/Src/stm32l4xx_hal_cortex.o
 .text.NVIC_EncodePriority
                0x08003580       0x66 ./Drivers/STM32L4xx_HAL_Driver/Src/stm32l4xx_hal_cortex.o
 *fill*         0x080035e6        0x2 
 .text.SysTick_Config
                0x080035e8       0x44 ./Drivers/STM32L4xx_HAL_Driver/Src/stm32l4xx_hal_cortex.o
 .text.HAL_NVIC_SetPriorityGrouping
                0x0800362c       0x16 ./Drivers/STM32L4xx_HAL_Driver/Src/stm32l4xx_hal_cortex.o
                0x0800362c                HAL_NVIC_SetPriorityGrouping
 .text.HAL_NVIC_SetPriority
                0x08003642       0x38 ./Drivers/STM32L4xx_HAL_Driver/Src/stm32l4xx_hal_cortex.o
                0x08003642                HAL_NVIC_SetPriority
 .text.HAL_NVIC_EnableIRQ
                0x0800367a       0x1c ./Drivers/STM32L4xx_HAL_Driver/Src/stm32l4xx_hal_cortex.o
                0x0800367a                HAL_NVIC_EnableIRQ
 .text.HAL_SYSTICK_Config
                0x08003696       0x18 ./Drivers/STM32L4xx_HAL_Driver/Src/stm32l4xx_hal_cortex.o
                0x08003696                HAL_SYSTICK_Config
 *fill*         0x080036ae        0x2 
 .text.HAL_GPIO_Init
                0x080036b0      0x354 ./Drivers/STM32L4xx_HAL_Driver/Src/stm32l4xx_hal_gpio.o
                0x080036b0                HAL_GPIO_Init
 .text.HAL_GPIO_WritePin
                0x08003a04       0x30 ./Drivers/STM32L4xx_HAL_Driver/Src/stm32l4xx_hal_gpio.o
                0x08003a04                HAL_GPIO_WritePin
 .text.HAL_GPIO_EXTI_IRQHandler
                0x08003a34       0x30 ./Drivers/STM32L4xx_HAL_Driver/Src/stm32l4xx_hal_gpio.o
                0x08003a34                HAL_GPIO_EXTI_IRQHandler
 .text.HAL_LPTIM_Init
                0x08003a64      0x144 ./Drivers/STM32L4xx_HAL_Driver/Src/stm32l4xx_hal_lptim.o
                0x08003a64                HAL_LPTIM_Init
 .text.HAL_LPTIM_Counter_Start_IT
                0x08003ba8       0xfc ./Drivers/STM32L4xx_HAL_Driver/Src/stm32l4xx_hal_lptim.o
                0x08003ba8                HAL_LPTIM_Counter_Start_IT
 .text.HAL_LPTIM_Counter_Stop_IT
                0x08003ca4       0x84 ./Drivers/STM32L4xx_HAL_Driver/Src/stm32l4xx_hal_lptim.o
                0x08003ca4                HAL_LPTIM_Counter_Stop_IT
 .text.HAL_LPTIM_ReadCounter
                0x08003d28       0x1a ./Drivers/STM32L4xx_HAL_Driver/Src/stm32l4xx_hal_lptim.o
                0x08003d28                HAL_LPTIM_ReadCounter
 .text.HAL_LPTIM_IRQHandler
                0x08003d42      0x136 ./Drivers/STM32L4xx_HAL_Driver/Src/stm32l4xx_hal_lptim.o
                0x08003d42                HAL_LPTIM_IRQHandler
 .text.HAL_LPTIM_TriggerCallback
                0x08003e78       0x14 ./Drivers/STM32L4xx_HAL_Driver/Src/stm32l4xx_hal_lptim.o
                0x08003e78                HAL_LPTIM_TriggerCallback
 .text.HAL_LPTIM_CompareWriteCallback
                0x08003e8c       0x14 ./Drivers/STM32L4xx_HAL_Driver/Src/stm32l4xx_hal_lptim.o
                0x08003e8c                HAL_LPTIM_CompareWriteCallback
 .text.HAL_LPTIM_AutoReloadWriteCallback
                0x08003ea0       0x14 ./Drivers/STM32L4xx_HAL_Driver/Src/stm32l4xx_hal_lptim.o
                0x08003ea0                HAL_LPTIM_AutoReloadWriteCallback
 .text.HAL_LPTIM_DirectionUpCallback
                0x08003eb4       0x14 ./Drivers/STM32L4xx_HAL_Driver/Src/stm32l4xx_hal_lptim.o
                0x08003eb4                HAL_LPTIM_DirectionUpCallback
 .text.HAL_LPTIM_DirectionDownCallback
                0x08003ec8       0x14 ./Drivers/STM32L4xx_HAL_Driver/Src/stm32l4xx_hal_lptim.o
                0x08003ec8                HAL_LPTIM_DirectionDownCallback
 .text.HAL_LPTIM_GetState
                0x08003edc       0x1c ./Drivers/STM32L4xx_HAL_Driver/Src/stm32l4xx_hal_lptim.o
                0x08003edc                HAL_LPTIM_GetState
 .text.LPTIM_WaitForFlag
                0x08003ef8       0x60 ./Drivers/STM32L4xx_HAL_Driver/Src/stm32l4xx_hal_lptim.o
 .text.LPTIM_Disable
                0x08003f58      0x200 ./Drivers/STM32L4xx_HAL_Driver/Src/stm32l4xx_hal_lptim.o
                0x08003f58                LPTIM_Disable
 .text.HAL_PWR_EnableBkUpAccess
                0x08004158       0x20 ./Drivers/STM32L4xx_HAL_Driver/Src/stm32l4xx_hal_pwr.o
                0x08004158                HAL_PWR_EnableBkUpAccess
 .text.HAL_PWREx_GetVoltageRange
                0x08004178       0x1c ./Drivers/STM32L4xx_HAL_Driver/Src/stm32l4xx_hal_pwr_ex.o
                0x08004178                HAL_PWREx_GetVoltageRange
 .text.HAL_PWREx_ControlVoltageScaling
                0x08004194       0xac ./Drivers/STM32L4xx_HAL_Driver/Src/stm32l4xx_hal_pwr_ex.o
                0x08004194                HAL_PWREx_ControlVoltageScaling
 .text.HAL_PWREx_EnterSTOP2Mode
                0x08004240       0x58 ./Drivers/STM32L4xx_HAL_Driver/Src/stm32l4xx_hal_pwr_ex.o
                0x08004240                HAL_PWREx_EnterSTOP2Mode
 .text.HAL_RCC_OscConfig
                0x08004298      0x7b8 ./Drivers/STM32L4xx_HAL_Driver/Src/stm32l4xx_hal_rcc.o
                0x08004298                HAL_RCC_OscConfig
 .text.HAL_RCC_ClockConfig
                0x08004a50      0x200 ./Drivers/STM32L4xx_HAL_Driver/Src/stm32l4xx_hal_rcc.o
                0x08004a50                HAL_RCC_ClockConfig
 .text.HAL_RCC_GetSysClockFreq
                0x08004c50      0x118 ./Drivers/STM32L4xx_HAL_Driver/Src/stm32l4xx_hal_rcc.o
                0x08004c50                HAL_RCC_GetSysClockFreq
 .text.HAL_RCC_GetHCLKFreq
                0x08004d68       0x18 ./Drivers/STM32L4xx_HAL_Driver/Src/stm32l4xx_hal_rcc.o
                0x08004d68                HAL_RCC_GetHCLKFreq
 .text.HAL_RCC_GetPCLK1Freq
                0x08004d80       0x2c ./Drivers/STM32L4xx_HAL_Driver/Src/stm32l4xx_hal_rcc.o
                0x08004d80                HAL_RCC_GetPCLK1Freq
 .text.HAL_RCC_GetPCLK2Freq
                0x08004dac       0x2c ./Drivers/STM32L4xx_HAL_Driver/Src/stm32l4xx_hal_rcc.o
                0x08004dac                HAL_RCC_GetPCLK2Freq
 .text.RCC_SetFlashLatencyFromMSIRange
                0x08004dd8       0xc0 ./Drivers/STM32L4xx_HAL_Driver/Src/stm32l4xx_hal_rcc.o
 .text.HAL_RCCEx_PeriphCLKConfig
                0x08004e98      0x5d4 ./Drivers/STM32L4xx_HAL_Driver/Src/stm32l4xx_hal_rcc_ex.o
                0x08004e98                HAL_RCCEx_PeriphCLKConfig
 .text.RCCEx_PLLSAI1_Config
                0x0800546c      0x1e8 ./Drivers/STM32L4xx_HAL_Driver/Src/stm32l4xx_hal_rcc_ex.o
 .text.RCCEx_PLLSAI2_Config
                0x08005654      0x1bc ./Drivers/STM32L4xx_HAL_Driver/Src/stm32l4xx_hal_rcc_ex.o
 .text.HAL_RNG_Init
                0x08005810       0xae ./Drivers/STM32L4xx_HAL_Driver/Src/stm32l4xx_hal_rng.o
                0x08005810                HAL_RNG_Init
 .text.HAL_RTC_Init
                0x080058be      0x110 ./Drivers/STM32L4xx_HAL_Driver/Src/stm32l4xx_hal_rtc.o
                0x080058be                HAL_RTC_Init
 .text.HAL_RTC_SetTime
                0x080059ce      0x13a ./Drivers/STM32L4xx_HAL_Driver/Src/stm32l4xx_hal_rtc.o
                0x080059ce                HAL_RTC_SetTime
 .text.HAL_RTC_GetTime
                0x08005b08       0xb8 ./Drivers/STM32L4xx_HAL_Driver/Src/stm32l4xx_hal_rtc.o
                0x08005b08                HAL_RTC_GetTime
 .text.HAL_RTC_SetDate
                0x08005bc0      0x10e ./Drivers/STM32L4xx_HAL_Driver/Src/stm32l4xx_hal_rtc.o
                0x08005bc0                HAL_RTC_SetDate
 .text.HAL_RTC_GetDate
                0x08005cce       0x9a ./Drivers/STM32L4xx_HAL_Driver/Src/stm32l4xx_hal_rtc.o
                0x08005cce                HAL_RTC_GetDate
 .text.HAL_RTC_WaitForSynchro
                0x08005d68       0x48 ./Drivers/STM32L4xx_HAL_Driver/Src/stm32l4xx_hal_rtc.o
                0x08005d68                HAL_RTC_WaitForSynchro
 .text.RTC_EnterInitMode
                0x08005db0       0x66 ./Drivers/STM32L4xx_HAL_Driver/Src/stm32l4xx_hal_rtc.o
                0x08005db0                RTC_EnterInitMode
 *fill*         0x08005e16        0x2 
 .text.RTC_ExitInitMode
                0x08005e18       0x7c ./Drivers/STM32L4xx_HAL_Driver/Src/stm32l4xx_hal_rtc.o
                0x08005e18                RTC_ExitInitMode
 .text.RTC_ByteToBcd2
                0x08005e94       0x40 ./Drivers/STM32L4xx_HAL_Driver/Src/stm32l4xx_hal_rtc.o
                0x08005e94                RTC_ByteToBcd2
 .text.RTC_Bcd2ToByte
                0x08005ed4       0x34 ./Drivers/STM32L4xx_HAL_Driver/Src/stm32l4xx_hal_rtc.o
                0x08005ed4                RTC_Bcd2ToByte
 .text.HAL_RTCEx_SetWakeUpTimer_IT
                0x08005f08      0x128 ./Drivers/STM32L4xx_HAL_Driver/Src/stm32l4xx_hal_rtc_ex.o
                0x08005f08                HAL_RTCEx_SetWakeUpTimer_IT
 .text.HAL_RTCEx_DeactivateWakeUpTimer
                0x08006030       0xba ./Drivers/STM32L4xx_HAL_Driver/Src/stm32l4xx_hal_rtc_ex.o
                0x08006030                HAL_RTCEx_DeactivateWakeUpTimer
 *fill*         0x080060ea        0x2 
 .text.HAL_RTCEx_WakeUpTimerIRQHandler
                0x080060ec       0x4c ./Drivers/STM32L4xx_HAL_Driver/Src/stm32l4xx_hal_rtc_ex.o
                0x080060ec                HAL_RTCEx_WakeUpTimerIRQHandler
 .text.HAL_SPI_Init
                0x08006138      0x146 ./Drivers/STM32L4xx_HAL_Driver/Src/stm32l4xx_hal_spi.o
                0x08006138                HAL_SPI_Init
 .text.HAL_SPI_Transmit
                0x0800627e      0x2ec ./Drivers/STM32L4xx_HAL_Driver/Src/stm32l4xx_hal_spi.o
                0x0800627e                HAL_SPI_Transmit
 .text.HAL_SPI_Receive
                0x0800656a      0x270 ./Drivers/STM32L4xx_HAL_Driver/Src/stm32l4xx_hal_spi.o
                0x0800656a                HAL_SPI_Receive
 .text.HAL_SPI_TransmitReceive
                0x080067da      0x43e ./Drivers/STM32L4xx_HAL_Driver/Src/stm32l4xx_hal_spi.o
                0x080067da                HAL_SPI_TransmitReceive
 .text.SPI_WaitFlagStateUntilTimeout
                0x08006c18      0x110 ./Drivers/STM32L4xx_HAL_Driver/Src/stm32l4xx_hal_spi.o
 .text.SPI_WaitFifoStateUntilTimeout
                0x08006d28      0x12c ./Drivers/STM32L4xx_HAL_Driver/Src/stm32l4xx_hal_spi.o
 .text.SPI_EndRxTransaction
                0x08006e54       0xb0 ./Drivers/STM32L4xx_HAL_Driver/Src/stm32l4xx_hal_spi.o
 .text.SPI_EndRxTxTransaction
                0x08006f04       0x8c ./Drivers/STM32L4xx_HAL_Driver/Src/stm32l4xx_hal_spi.o
 .text.HAL_UART_Init
                0x08006f90       0x9c ./Drivers/STM32L4xx_HAL_Driver/Src/stm32l4xx_hal_uart.o
                0x08006f90                HAL_UART_Init
 .text.HAL_UART_Transmit
                0x0800702c      0x112 ./Drivers/STM32L4xx_HAL_Driver/Src/stm32l4xx_hal_uart.o
                0x0800702c                HAL_UART_Transmit
 *fill*         0x0800713e        0x2 
 .text.UART_SetConfig
                0x08007140      0x570 ./Drivers/STM32L4xx_HAL_Driver/Src/stm32l4xx_hal_uart.o
                0x08007140                UART_SetConfig
 .text.UART_AdvFeatureConfig
                0x080076b0      0x144 ./Drivers/STM32L4xx_HAL_Driver/Src/stm32l4xx_hal_uart.o
                0x080076b0                UART_AdvFeatureConfig
 .text.UART_CheckIdleState
                0x080077f4      0x150 ./Drivers/STM32L4xx_HAL_Driver/Src/stm32l4xx_hal_uart.o
                0x080077f4                UART_CheckIdleState
 .text.UART_WaitOnFlagUntilTimeout
                0x08007944       0xda ./Drivers/STM32L4xx_HAL_Driver/Src/stm32l4xx_hal_uart.o
                0x08007944                UART_WaitOnFlagUntilTimeout
 .text.UART_EndRxTransfer
                0x08007a1e       0xc8 ./Drivers/STM32L4xx_HAL_Driver/Src/stm32l4xx_hal_uart.o
 *fill*         0x08007ae6        0x2 
 .text.std      0x08007ae8       0x6c /Applications/STM32CubeIDE.app/Contents/Eclipse/plugins/com.st.stm32cube.ide.mcu.externaltools.gnu-tools-for-stm32.13.3.rel1.macos64_1.0.0.202411102158/tools/bin/../lib/gcc/arm-none-eabi/13.3.1/../../../../arm-none-eabi/lib/thumb/v7e-m+fp/hard/libc_nano.a(libc_a-findfp.o)
 .text.stdio_exit_handler
                0x08007b54       0x18 /Applications/STM32CubeIDE.app/Contents/Eclipse/plugins/com.st.stm32cube.ide.mcu.externaltools.gnu-tools-for-stm32.13.3.rel1.macos64_1.0.0.202411102158/tools/bin/../lib/gcc/arm-none-eabi/13.3.1/../../../../arm-none-eabi/lib/thumb/v7e-m+fp/hard/libc_nano.a(libc_a-findfp.o)
 .text.cleanup_stdio
                0x08007b6c       0x40 /Applications/STM32CubeIDE.app/Contents/Eclipse/plugins/com.st.stm32cube.ide.mcu.externaltools.gnu-tools-for-stm32.13.3.rel1.macos64_1.0.0.202411102158/tools/bin/../lib/gcc/arm-none-eabi/13.3.1/../../../../arm-none-eabi/lib/thumb/v7e-m+fp/hard/libc_nano.a(libc_a-findfp.o)
 .text.global_stdio_init.part.0
                0x08007bac       0x3c /Applications/STM32CubeIDE.app/Contents/Eclipse/plugins/com.st.stm32cube.ide.mcu.externaltools.gnu-tools-for-stm32.13.3.rel1.macos64_1.0.0.202411102158/tools/bin/../lib/gcc/arm-none-eabi/13.3.1/../../../../arm-none-eabi/lib/thumb/v7e-m+fp/hard/libc_nano.a(libc_a-findfp.o)
 .text.__sfp_lock_acquire
                0x08007be8        0xc /Applications/STM32CubeIDE.app/Contents/Eclipse/plugins/com.st.stm32cube.ide.mcu.externaltools.gnu-tools-for-stm32.13.3.rel1.macos64_1.0.0.202411102158/tools/bin/../lib/gcc/arm-none-eabi/13.3.1/../../../../arm-none-eabi/lib/thumb/v7e-m+fp/hard/libc_nano.a(libc_a-findfp.o)
                0x08007be8                __sfp_lock_acquire
 .text.__sfp_lock_release
                0x08007bf4        0xc /Applications/STM32CubeIDE.app/Contents/Eclipse/plugins/com.st.stm32cube.ide.mcu.externaltools.gnu-tools-for-stm32.13.3.rel1.macos64_1.0.0.202411102158/tools/bin/../lib/gcc/arm-none-eabi/13.3.1/../../../../arm-none-eabi/lib/thumb/v7e-m+fp/hard/libc_nano.a(libc_a-findfp.o)
                0x08007bf4                __sfp_lock_release
 .text.__sinit  0x08007c00       0x30 /Applications/STM32CubeIDE.app/Contents/Eclipse/plugins/com.st.stm32cube.ide.mcu.externaltools.gnu-tools-for-stm32.13.3.rel1.macos64_1.0.0.202411102158/tools/bin/../lib/gcc/arm-none-eabi/13.3.1/../../../../arm-none-eabi/lib/thumb/v7e-m+fp/hard/libc_nano.a(libc_a-findfp.o)
                0x08007c00                __sinit
 .text._fwalk_sglue
                0x08007c30       0x3c /Applications/STM32CubeIDE.app/Contents/Eclipse/plugins/com.st.stm32cube.ide.mcu.externaltools.gnu-tools-for-stm32.13.3.rel1.macos64_1.0.0.202411102158/tools/bin/../lib/gcc/arm-none-eabi/13.3.1/../../../../arm-none-eabi/lib/thumb/v7e-m+fp/hard/libc_nano.a(libc_a-fwalk.o)
                0x08007c30                _fwalk_sglue
 .text._puts_r  0x08007c6c       0xaa /Applications/STM32CubeIDE.app/Contents/Eclipse/plugins/com.st.stm32cube.ide.mcu.externaltools.gnu-tools-for-stm32.13.3.rel1.macos64_1.0.0.202411102158/tools/bin/../lib/gcc/arm-none-eabi/13.3.1/../../../../arm-none-eabi/lib/thumb/v7e-m+fp/hard/libc_nano.a(libc_a-puts.o)
                0x08007c6c                _puts_r
 *fill*         0x08007d16        0x2 
 .text.puts     0x08007d18       0x10 /Applications/STM32CubeIDE.app/Contents/Eclipse/plugins/com.st.stm32cube.ide.mcu.externaltools.gnu-tools-for-stm32.13.3.rel1.macos64_1.0.0.202411102158/tools/bin/../lib/gcc/arm-none-eabi/13.3.1/../../../../arm-none-eabi/lib/thumb/v7e-m+fp/hard/libc_nano.a(libc_a-puts.o)
                0x08007d18                puts
 .text.memset   0x08007d28       0x10 /Applications/STM32CubeIDE.app/Contents/Eclipse/plugins/com.st.stm32cube.ide.mcu.externaltools.gnu-tools-for-stm32.13.3.rel1.macos64_1.0.0.202411102158/tools/bin/../lib/gcc/arm-none-eabi/13.3.1/../../../../arm-none-eabi/lib/thumb/v7e-m+fp/hard/libc_nano.a(libc_a-memset.o)
                0x08007d28                memset
 .text.__errno  0x08007d38        0xc /Applications/STM32CubeIDE.app/Contents/Eclipse/plugins/com.st.stm32cube.ide.mcu.externaltools.gnu-tools-for-stm32.13.3.rel1.macos64_1.0.0.202411102158/tools/bin/../lib/gcc/arm-none-eabi/13.3.1/../../../../arm-none-eabi/lib/thumb/v7e-m+fp/hard/libc_nano.a(libc_a-errno.o)
                0x08007d38                __errno
 .text.__libc_init_array
                0x08007d44       0x48 /Applications/STM32CubeIDE.app/Contents/Eclipse/plugins/com.st.stm32cube.ide.mcu.externaltools.gnu-tools-for-stm32.13.3.rel1.macos64_1.0.0.202411102158/tools/bin/../lib/gcc/arm-none-eabi/13.3.1/../../../../arm-none-eabi/lib/thumb/v7e-m+fp/hard/libc_nano.a(libc_a-init.o)
                0x08007d44                __libc_init_array
 .text.__retarget_lock_init_recursive
                0x08007d8c        0x2 /Applications/STM32CubeIDE.app/Contents/Eclipse/plugins/com.st.stm32cube.ide.mcu.externaltools.gnu-tools-for-stm32.13.3.rel1.macos64_1.0.0.202411102158/tools/bin/../lib/gcc/arm-none-eabi/13.3.1/../../../../arm-none-eabi/lib/thumb/v7e-m+fp/hard/libc_nano.a(libc_a-lock.o)
                0x08007d8c                __retarget_lock_init_recursive
 .text.__retarget_lock_acquire_recursive
                0x08007d8e        0x2 /Applications/STM32CubeIDE.app/Contents/Eclipse/plugins/com.st.stm32cube.ide.mcu.externaltools.gnu-tools-for-stm32.13.3.rel1.macos64_1.0.0.202411102158/tools/bin/../lib/gcc/arm-none-eabi/13.3.1/../../../../arm-none-eabi/lib/thumb/v7e-m+fp/hard/libc_nano.a(libc_a-lock.o)
                0x08007d8e                __retarget_lock_acquire_recursive
 .text.__retarget_lock_release_recursive
                0x08007d90        0x2 /Applications/STM32CubeIDE.app/Contents/Eclipse/plugins/com.st.stm32cube.ide.mcu.externaltools.gnu-tools-for-stm32.13.3.rel1.macos64_1.0.0.202411102158/tools/bin/../lib/gcc/arm-none-eabi/13.3.1/../../../../arm-none-eabi/lib/thumb/v7e-m+fp/hard/libc_nano.a(libc_a-lock.o)
                0x08007d90                __retarget_lock_release_recursive
 .text.memcpy   0x08007d92       0x1c /Applications/STM32CubeIDE.app/Contents/Eclipse/plugins/com.st.stm32cube.ide.mcu.externaltools.gnu-tools-for-stm32.13.3.rel1.macos64_1.0.0.202411102158/tools/bin/../lib/gcc/arm-none-eabi/13.3.1/../../../../arm-none-eabi/lib/thumb/v7e-m+fp/hard/libc_nano.a(libc_a-memcpy-stub.o)
                0x08007d92                memcpy
 *fill*         0x08007dae        0x2 
 .text.sbrk_aligned
                0x08007db0       0x44 /Applications/STM32CubeIDE.app/Contents/Eclipse/plugins/com.st.stm32cube.ide.mcu.externaltools.gnu-tools-for-stm32.13.3.rel1.macos64_1.0.0.202411102158/tools/bin/../lib/gcc/arm-none-eabi/13.3.1/../../../../arm-none-eabi/lib/thumb/v7e-m+fp/hard/libc_nano.a(libc_a-mallocr.o)
 .text._malloc_r
                0x08007df4      0x100 /Applications/STM32CubeIDE.app/Contents/Eclipse/plugins/com.st.stm32cube.ide.mcu.externaltools.gnu-tools-for-stm32.13.3.rel1.macos64_1.0.0.202411102158/tools/bin/../lib/gcc/arm-none-eabi/13.3.1/../../../../arm-none-eabi/lib/thumb/v7e-m+fp/hard/libc_nano.a(libc_a-mallocr.o)
                0x08007df4                _malloc_r
 .text.__sflush_r
                0x08007ef4      0x108 /Applications/STM32CubeIDE.app/Contents/Eclipse/plugins/com.st.stm32cube.ide.mcu.externaltools.gnu-tools-for-stm32.13.3.rel1.macos64_1.0.0.202411102158/tools/bin/../lib/gcc/arm-none-eabi/13.3.1/../../../../arm-none-eabi/lib/thumb/v7e-m+fp/hard/libc_nano.a(libc_a-fflush.o)
                0x08007ef4                __sflush_r
 .text._fflush_r
                0x08007ffc       0x50 /Applications/STM32CubeIDE.app/Contents/Eclipse/plugins/com.st.stm32cube.ide.mcu.externaltools.gnu-tools-for-stm32.13.3.rel1.macos64_1.0.0.202411102158/tools/bin/../lib/gcc/arm-none-eabi/13.3.1/../../../../arm-none-eabi/lib/thumb/v7e-m+fp/hard/libc_nano.a(libc_a-fflush.o)
                0x08007ffc                _fflush_r
 .text.__malloc_lock
                0x0800804c        0xc /Applications/STM32CubeIDE.app/Contents/Eclipse/plugins/com.st.stm32cube.ide.mcu.externaltools.gnu-tools-for-stm32.13.3.rel1.macos64_1.0.0.202411102158/tools/bin/../lib/gcc/arm-none-eabi/13.3.1/../../../../arm-none-eabi/lib/thumb/v7e-m+fp/hard/libc_nano.a(libc_a-mlock.o)
                0x0800804c                __malloc_lock
 .text.__malloc_unlock
                0x08008058        0xc /Applications/STM32CubeIDE.app/Contents/Eclipse/plugins/com.st.stm32cube.ide.mcu.externaltools.gnu-tools-for-stm32.13.3.rel1.macos64_1.0.0.202411102158/tools/bin/../lib/gcc/arm-none-eabi/13.3.1/../../../../arm-none-eabi/lib/thumb/v7e-m+fp/hard/libc_nano.a(libc_a-mlock.o)
                0x08008058                __malloc_unlock
 .text.__sread  0x08008064       0x22 /Applications/STM32CubeIDE.app/Contents/Eclipse/plugins/com.st.stm32cube.ide.mcu.externaltools.gnu-tools-for-stm32.13.3.rel1.macos64_1.0.0.202411102158/tools/bin/../lib/gcc/arm-none-eabi/13.3.1/../../../../arm-none-eabi/lib/thumb/v7e-m+fp/hard/libc_nano.a(libc_a-stdio.o)
                0x08008064                __sread
 .text.__swrite
                0x08008086       0x38 /Applications/STM32CubeIDE.app/Contents/Eclipse/plugins/com.st.stm32cube.ide.mcu.externaltools.gnu-tools-for-stm32.13.3.rel1.macos64_1.0.0.202411102158/tools/bin/../lib/gcc/arm-none-eabi/13.3.1/../../../../arm-none-eabi/lib/thumb/v7e-m+fp/hard/libc_nano.a(libc_a-stdio.o)
                0x08008086                __swrite
 .text.__sseek  0x080080be       0x24 /Applications/STM32CubeIDE.app/Contents/Eclipse/plugins/com.st.stm32cube.ide.mcu.externaltools.gnu-tools-for-stm32.13.3.rel1.macos64_1.0.0.202411102158/tools/bin/../lib/gcc/arm-none-eabi/13.3.1/../../../../arm-none-eabi/lib/thumb/v7e-m+fp/hard/libc_nano.a(libc_a-stdio.o)
                0x080080be                __sseek
 .text.__sclose
                0x080080e2        0x8 /Applications/STM32CubeIDE.app/Contents/Eclipse/plugins/com.st.stm32cube.ide.mcu.externaltools.gnu-tools-for-stm32.13.3.rel1.macos64_1.0.0.202411102158/tools/bin/../lib/gcc/arm-none-eabi/13.3.1/../../../../arm-none-eabi/lib/thumb/v7e-m+fp/hard/libc_nano.a(libc_a-stdio.o)
                0x080080e2                __sclose
 .text.__swbuf_r
                0x080080ea       0x7c /Applications/STM32CubeIDE.app/Contents/Eclipse/plugins/com.st.stm32cube.ide.mcu.externaltools.gnu-tools-for-stm32.13.3.rel1.macos64_1.0.0.202411102158/tools/bin/../lib/gcc/arm-none-eabi/13.3.1/../../../../arm-none-eabi/lib/thumb/v7e-m+fp/hard/libc_nano.a(libc_a-wbuf.o)
                0x080080ea                __swbuf_r
 *fill*         0x08008166        0x2 
 .text.__swsetup_r
                0x08008168       0xac /Applications/STM32CubeIDE.app/Contents/Eclipse/plugins/com.st.stm32cube.ide.mcu.externaltools.gnu-tools-for-stm32.13.3.rel1.macos64_1.0.0.202411102158/tools/bin/../lib/gcc/arm-none-eabi/13.3.1/../../../../arm-none-eabi/lib/thumb/v7e-m+fp/hard/libc_nano.a(libc_a-wsetup.o)
                0x08008168                __swsetup_r
 .text.__swhatbuf_r
                0x08008214       0x4c /Applications/STM32CubeIDE.app/Contents/Eclipse/plugins/com.st.stm32cube.ide.mcu.externaltools.gnu-tools-for-stm32.13.3.rel1.macos64_1.0.0.202411102158/tools/bin/../lib/gcc/arm-none-eabi/13.3.1/../../../../arm-none-eabi/lib/thumb/v7e-m+fp/hard/libc_nano.a(libc_a-makebuf.o)
                0x08008214                __swhatbuf_r
 .text.__smakebuf_r
                0x08008260       0x78 /Applications/STM32CubeIDE.app/Contents/Eclipse/plugins/com.st.stm32cube.ide.mcu.externaltools.gnu-tools-for-stm32.13.3.rel1.macos64_1.0.0.202411102158/tools/bin/../lib/gcc/arm-none-eabi/13.3.1/../../../../arm-none-eabi/lib/thumb/v7e-m+fp/hard/libc_nano.a(libc_a-makebuf.o)
                0x08008260                __smakebuf_r
 .text._isatty_r
                0x080082d8       0x20 /Applications/STM32CubeIDE.app/Contents/Eclipse/plugins/com.st.stm32cube.ide.mcu.externaltools.gnu-tools-for-stm32.13.3.rel1.macos64_1.0.0.202411102158/tools/bin/../lib/gcc/arm-none-eabi/13.3.1/../../../../arm-none-eabi/lib/thumb/v7e-m+fp/hard/libc_nano.a(libc_a-isattyr.o)
                0x080082d8                _isatty_r
 .text._lseek_r
                0x080082f8       0x24 /Applications/STM32CubeIDE.app/Contents/Eclipse/plugins/com.st.stm32cube.ide.mcu.externaltools.gnu-tools-for-stm32.13.3.rel1.macos64_1.0.0.202411102158/tools/bin/../lib/gcc/arm-none-eabi/13.3.1/../../../../arm-none-eabi/lib/thumb/v7e-m+fp/hard/libc_nano.a(libc_a-lseekr.o)
                0x080082f8                _lseek_r
 .text._read_r  0x0800831c       0x24 /Applications/STM32CubeIDE.app/Contents/Eclipse/plugins/com.st.stm32cube.ide.mcu.externaltools.gnu-tools-for-stm32.13.3.rel1.macos64_1.0.0.202411102158/tools/bin/../lib/gcc/arm-none-eabi/13.3.1/../../../../arm-none-eabi/lib/thumb/v7e-m+fp/hard/libc_nano.a(libc_a-readr.o)
                0x0800831c                _read_r
 .text._sbrk_r  0x08008340       0x20 /Applications/STM32CubeIDE.app/Contents/Eclipse/plugins/com.st.stm32cube.ide.mcu.externaltools.gnu-tools-for-stm32.13.3.rel1.macos64_1.0.0.202411102158/tools/bin/../lib/gcc/arm-none-eabi/13.3.1/../../../../arm-none-eabi/lib/thumb/v7e-m+fp/hard/libc_nano.a(libc_a-sbrkr.o)
                0x08008340                _sbrk_r
 .text._write_r
                0x08008360       0x24 /Applications/STM32CubeIDE.app/Contents/Eclipse/plugins/com.st.stm32cube.ide.mcu.externaltools.gnu-tools-for-stm32.13.3.rel1.macos64_1.0.0.202411102158/tools/bin/../lib/gcc/arm-none-eabi/13.3.1/../../../../arm-none-eabi/lib/thumb/v7e-m+fp/hard/libc_nano.a(libc_a-writer.o)
                0x08008360                _write_r
 .text._close_r
                0x08008384       0x20 /Applications/STM32CubeIDE.app/Contents/Eclipse/plugins/com.st.stm32cube.ide.mcu.externaltools.gnu-tools-for-stm32.13.3.rel1.macos64_1.0.0.202411102158/tools/bin/../lib/gcc/arm-none-eabi/13.3.1/../../../../arm-none-eabi/lib/thumb/v7e-m+fp/hard/libc_nano.a(libc_a-closer.o)
                0x08008384                _close_r
 .text._fstat_r
                0x080083a4       0x24 /Applications/STM32CubeIDE.app/Contents/Eclipse/plugins/com.st.stm32cube.ide.mcu.externaltools.gnu-tools-for-stm32.13.3.rel1.macos64_1.0.0.202411102158/tools/bin/../lib/gcc/arm-none-eabi/13.3.1/../../../../arm-none-eabi/lib/thumb/v7e-m+fp/hard/libc_nano.a(libc_a-fstatr.o)
                0x080083a4                _fstat_r
 .text._free_r  0x080083c8       0x94 /Applications/STM32CubeIDE.app/Contents/Eclipse/plugins/com.st.stm32cube.ide.mcu.externaltools.gnu-tools-for-stm32.13.3.rel1.macos64_1.0.0.202411102158/tools/bin/../lib/gcc/arm-none-eabi/13.3.1/../../../../arm-none-eabi/lib/thumb/v7e-m+fp/hard/libc_nano.a(libc_a-freer.o)
                0x080083c8                _free_r
 *(.glue_7)
 .glue_7        0x0800845c        0x0 linker stubs
 *(.glue_7t)
 .glue_7t       0x0800845c        0x0 linker stubs
 *(.eh_frame)
 .eh_frame      0x0800845c        0x0 /Applications/STM32CubeIDE.app/Contents/Eclipse/plugins/com.st.stm32cube.ide.mcu.externaltools.gnu-tools-for-stm32.13.3.rel1.macos64_1.0.0.202411102158/tools/bin/../lib/gcc/arm-none-eabi/13.3.1/thumb/v7e-m+fp/hard/crtbegin.o
 *(.init)
 .init          0x0800845c        0x4 /Applications/STM32CubeIDE.app/Contents/Eclipse/plugins/com.st.stm32cube.ide.mcu.externaltools.gnu-tools-for-stm32.13.3.rel1.macos64_1.0.0.202411102158/tools/bin/../lib/gcc/arm-none-eabi/13.3.1/thumb/v7e-m+fp/hard/crti.o
                0x0800845c                _init
 .init          0x08008460        0x8 /Applications/STM32CubeIDE.app/Contents/Eclipse/plugins/com.st.stm32cube.ide.mcu.externaltools.gnu-tools-for-stm32.13.3.rel1.macos64_1.0.0.202411102158/tools/bin/../lib/gcc/arm-none-eabi/13.3.1/thumb/v7e-m+fp/hard/crtn.o
 *(.fini)
 .fini          0x08008468        0x4 /Applications/STM32CubeIDE.app/Contents/Eclipse/plugins/com.st.stm32cube.ide.mcu.externaltools.gnu-tools-for-stm32.13.3.rel1.macos64_1.0.0.202411102158/tools/bin/../lib/gcc/arm-none-eabi/13.3.1/thumb/v7e-m+fp/hard/crti.o
                0x08008468                _fini
 .fini          0x0800846c        0x8 /Applications/STM32CubeIDE.app/Contents/Eclipse/plugins/com.st.stm32cube.ide.mcu.externaltools.gnu-tools-for-stm32.13.3.rel1.macos64_1.0.0.202411102158/tools/bin/../lib/gcc/arm-none-eabi/13.3.1/thumb/v7e-m+fp/hard/crtn.o
                0x08008474                        . = ALIGN (0x4)
                0x08008474                        _etext = .

.vfp11_veneer   0x08008474        0x0
 .vfp11_veneer  0x08008474        0x0 linker stubs

.v4_bx          0x08008474        0x0
 .v4_bx         0x08008474        0x0 linker stubs

.iplt           0x08008474        0x0
 .iplt          0x08008474        0x0 /Applications/STM32CubeIDE.app/Contents/Eclipse/plugins/com.st.stm32cube.ide.mcu.externaltools.gnu-tools-for-stm32.13.3.rel1.macos64_1.0.0.202411102158/tools/bin/../lib/gcc/arm-none-eabi/13.3.1/thumb/v7e-m+fp/hard/crtbegin.o

.rodata         0x08008474      0x160
                0x08008474                        . = ALIGN (0x4)
 *(.rodata)
 .rodata        0x08008474       0xe9 ./Core/Src/main.o
 *(.rodata*)
 *fill*         0x0800855d        0x3 
 .rodata.RFM95_BW_HZ
                0x08008560       0x10 ./Core/Src/lora.o
 .rodata.RFM95_BW_BIN
                0x08008570       0x10 ./Core/Src/lora.o
 .rodata.RFM95_SF
                0x08008580        0x6 ./Core/Src/lora.o
 *fill*         0x08008586        0x2 
 .rodata.RFM95_CR
                0x08008588        0x4 ./Core/Src/lora.o
 .rodata.AHBPrescTable
                0x0800858c       0x10 ./Core/Src/system_stm32l4xx.o
                0x0800858c                AHBPrescTable
 .rodata.APBPrescTable
                0x0800859c        0x8 ./Core/Src/system_stm32l4xx.o
                0x0800859c                APBPrescTable
 .rodata.MSIRangeTable
                0x080085a4       0x30 ./Core/Src/system_stm32l4xx.o
                0x080085a4                MSIRangeTable
                0x080085d4                        . = ALIGN (0x4)

.ARM.extab      0x080085d4        0x0
                0x080085d4                        . = ALIGN (0x4)
 *(.ARM.extab* .gnu.linkonce.armextab.*)
                0x080085d4                        . = ALIGN (0x4)

.ARM            0x080085d4        0x8
                0x080085d4                        . = ALIGN (0x4)
                0x080085d4                        __exidx_start = .
 *(.ARM.exidx*)
 .ARM.exidx     0x080085d4        0x8 /Applications/STM32CubeIDE.app/Contents/Eclipse/plugins/com.st.stm32cube.ide.mcu.externaltools.gnu-tools-for-stm32.13.3.rel1.macos64_1.0.0.202411102158/tools/bin/../lib/gcc/arm-none-eabi/13.3.1/thumb/v7e-m+fp/hard/libgcc.a(_udivmoddi4.o)
                0x080085dc                        __exidx_end = .
                0x080085dc                        . = ALIGN (0x4)

.preinit_array  0x080085dc        0x0
                0x080085dc                        . = ALIGN (0x4)
                0x080085dc                        PROVIDE (__preinit_array_start = .)
 *(.preinit_array*)
                0x080085dc                        PROVIDE (__preinit_array_end = .)
                0x080085dc                        . = ALIGN (0x4)

.init_array     0x080085dc        0x4
                0x080085dc                        . = ALIGN (0x4)
                0x080085dc                        PROVIDE (__init_array_start = .)
 *(SORT_BY_NAME(.init_array.*))
 *(.init_array*)
 .init_array    0x080085dc        0x4 /Applications/STM32CubeIDE.app/Contents/Eclipse/plugins/com.st.stm32cube.ide.mcu.externaltools.gnu-tools-for-stm32.13.3.rel1.macos64_1.0.0.202411102158/tools/bin/../lib/gcc/arm-none-eabi/13.3.1/thumb/v7e-m+fp/hard/crtbegin.o
                0x080085e0                        PROVIDE (__init_array_end = .)
                0x080085e0                        . = ALIGN (0x4)

.fini_array     0x080085e0        0x4
                0x080085e0                        . = ALIGN (0x4)
                [!provide]                        PROVIDE (__fini_array_start = .)
 *(SORT_BY_NAME(.fini_array.*))
 *(.fini_array*)
 .fini_array    0x080085e0        0x4 /Applications/STM32CubeIDE.app/Contents/Eclipse/plugins/com.st.stm32cube.ide.mcu.externaltools.gnu-tools-for-stm32.13.3.rel1.macos64_1.0.0.202411102158/tools/bin/../lib/gcc/arm-none-eabi/13.3.1/thumb/v7e-m+fp/hard/crtbegin.o
                [!provide]                        PROVIDE (__fini_array_end = .)
                0x080085e4                        . = ALIGN (0x4)
                0x080085e4                        _sidata = LOADADDR (.data)

.rel.dyn        0x080085e4        0x0
 .rel.iplt      0x080085e4        0x0 /Applications/STM32CubeIDE.app/Contents/Eclipse/plugins/com.st.stm32cube.ide.mcu.externaltools.gnu-tools-for-stm32.13.3.rel1.macos64_1.0.0.202411102158/tools/bin/../lib/gcc/arm-none-eabi/13.3.1/thumb/v7e-m+fp/hard/crtbegin.o

.data           0x20000000       0x84 load address 0x080085e4
                0x20000000                        . = ALIGN (0x4)
                0x20000000                        _sdata = .
 *(.data)
 *(.data*)
 .data.h_tx     0x20000000       0x10 ./Core/Src/main.o
                0x20000000                h_tx
 .data.h_buffs  0x20000010        0x8 ./Core/Src/main.o
                0x20000010                h_buffs
 .data.h_sys    0x20000018        0x2 ./Core/Src/main.o
                0x20000018                h_sys
 *fill*         0x2000001a        0x2 
 .data.SystemCoreClock
                0x2000001c        0x4 ./Core/Src/system_stm32l4xx.o
                0x2000001c                SystemCoreClock
 .data.uwTickPrio
                0x20000020        0x4 ./Drivers/STM32L4xx_HAL_Driver/Src/stm32l4xx_hal.o
                0x20000020                uwTickPrio
 .data.uwTickFreq
                0x20000024        0x1 ./Drivers/STM32L4xx_HAL_Driver/Src/stm32l4xx_hal.o
                0x20000024                uwTickFreq
 *fill*         0x20000025        0x3 
 .data.__sglue  0x20000028        0xc /Applications/STM32CubeIDE.app/Contents/Eclipse/plugins/com.st.stm32cube.ide.mcu.externaltools.gnu-tools-for-stm32.13.3.rel1.macos64_1.0.0.202411102158/tools/bin/../lib/gcc/arm-none-eabi/13.3.1/../../../../arm-none-eabi/lib/thumb/v7e-m+fp/hard/libc_nano.a(libc_a-findfp.o)
                0x20000028                __sglue
 .data._impure_ptr
                0x20000034        0x4 /Applications/STM32CubeIDE.app/Contents/Eclipse/plugins/com.st.stm32cube.ide.mcu.externaltools.gnu-tools-for-stm32.13.3.rel1.macos64_1.0.0.202411102158/tools/bin/../lib/gcc/arm-none-eabi/13.3.1/../../../../arm-none-eabi/lib/thumb/v7e-m+fp/hard/libc_nano.a(libc_a-impure.o)
                0x20000034                _impure_ptr
 .data._impure_data
                0x20000038       0x4c /Applications/STM32CubeIDE.app/Contents/Eclipse/plugins/com.st.stm32cube.ide.mcu.externaltools.gnu-tools-for-stm32.13.3.rel1.macos64_1.0.0.202411102158/tools/bin/../lib/gcc/arm-none-eabi/13.3.1/../../../../arm-none-eabi/lib/thumb/v7e-m+fp/hard/libc_nano.a(libc_a-impure.o)
                0x20000038                _impure_data
 *(.RamFunc)
 *(.RamFunc*)
                0x20000084                        . = ALIGN (0x4)
                0x20000084                        _edata = .

.igot.plt       0x20000084        0x0 load address 0x08008668
 .igot.plt      0x20000084        0x0 /Applications/STM32CubeIDE.app/Contents/Eclipse/plugins/com.st.stm32cube.ide.mcu.externaltools.gnu-tools-for-stm32.13.3.rel1.macos64_1.0.0.202411102158/tools/bin/../lib/gcc/arm-none-eabi/13.3.1/thumb/v7e-m+fp/hard/crtbegin.o
                0x20000084                        . = ALIGN (0x4)

.bss            0x20000084     0x2010 load address 0x08008668
                0x20000084                        _sbss = .
                0x20000084                        __bss_start__ = _sbss
 *(.bss)
 .bss           0x20000084       0x1c /Applications/STM32CubeIDE.app/Contents/Eclipse/plugins/com.st.stm32cube.ide.mcu.externaltools.gnu-tools-for-stm32.13.3.rel1.macos64_1.0.0.202411102158/tools/bin/../lib/gcc/arm-none-eabi/13.3.1/thumb/v7e-m+fp/hard/crtbegin.o
 *(.bss*)
 .bss.pa_config
                0x200000a0        0x1 ./Core/Src/lora.o
 *fill*         0x200000a1        0x3 
 .bss.rfm95_handle
                0x200000a4       0x50 ./Core/Src/main.o
                0x200000a4                rfm95_handle
 .bss.tx_buff   0x200000f4      0x320 ./Core/Src/main.o
                0x200000f4                tx_buff
 .bss.h_rx      0x20000414     0x19c8 ./Core/Src/main.o
                0x20000414                h_rx
 .bss.hlptim1   0x20001ddc       0x38 ./Core/Src/main.o
                0x20001ddc                hlptim1
 .bss.hrng      0x20001e14       0x10 ./Core/Src/main.o
                0x20001e14                hrng
 .bss.hrtc      0x20001e24       0x24 ./Core/Src/main.o
                0x20001e24                hrtc
 .bss.hspi3     0x20001e48       0x64 ./Core/Src/main.o
                0x20001e48                hspi3
 .bss.huart2    0x20001eac       0x88 ./Core/Src/main.o
                0x20001eac                huart2
 .bss.lptim_tick_msb
                0x20001f34        0x4 ./Core/Src/main.o
                0x20001f34                lptim_tick_msb
 .bss.tx_evt_time
                0x20001f38        0x4 ./Core/Src/main.o
                0x20001f38                tx_evt_time
 .bss.app_flags
                0x20001f3c        0x2 ./Core/Src/main.o
                0x20001f3c                app_flags
 *fill*         0x20001f3e        0x2 
 .bss.__sbrk_heap_end
                0x20001f40        0x4 ./Core/Src/sysmem.o
 .bss.uwTick    0x20001f44        0x4 ./Drivers/STM32L4xx_HAL_Driver/Src/stm32l4xx_hal.o
                0x20001f44                uwTick
 .bss.__sf      0x20001f48      0x138 /Applications/STM32CubeIDE.app/Contents/Eclipse/plugins/com.st.stm32cube.ide.mcu.externaltools.gnu-tools-for-stm32.13.3.rel1.macos64_1.0.0.202411102158/tools/bin/../lib/gcc/arm-none-eabi/13.3.1/../../../../arm-none-eabi/lib/thumb/v7e-m+fp/hard/libc_nano.a(libc_a-findfp.o)
                0x20001f48                __sf
 .bss.__stdio_exit_handler
                0x20002080        0x4 /Applications/STM32CubeIDE.app/Contents/Eclipse/plugins/com.st.stm32cube.ide.mcu.externaltools.gnu-tools-for-stm32.13.3.rel1.macos64_1.0.0.202411102158/tools/bin/../lib/gcc/arm-none-eabi/13.3.1/../../../../arm-none-eabi/lib/thumb/v7e-m+fp/hard/libc_nano.a(libc_a-findfp.o)
                0x20002080                __stdio_exit_handler
 .bss.__lock___malloc_recursive_mutex
                0x20002084        0x1 /Applications/STM32CubeIDE.app/Contents/Eclipse/plugins/com.st.stm32cube.ide.mcu.externaltools.gnu-tools-for-stm32.13.3.rel1.macos64_1.0.0.202411102158/tools/bin/../lib/gcc/arm-none-eabi/13.3.1/../../../../arm-none-eabi/lib/thumb/v7e-m+fp/hard/libc_nano.a(libc_a-lock.o)
                0x20002084                __lock___malloc_recursive_mutex
 .bss.__lock___sfp_recursive_mutex
                0x20002085        0x1 /Applications/STM32CubeIDE.app/Contents/Eclipse/plugins/com.st.stm32cube.ide.mcu.externaltools.gnu-tools-for-stm32.13.3.rel1.macos64_1.0.0.202411102158/tools/bin/../lib/gcc/arm-none-eabi/13.3.1/../../../../arm-none-eabi/lib/thumb/v7e-m+fp/hard/libc_nano.a(libc_a-lock.o)
                0x20002085                __lock___sfp_recursive_mutex
 *fill*         0x20002086        0x2 
 .bss.__malloc_sbrk_start
                0x20002088        0x4 /Applications/STM32CubeIDE.app/Contents/Eclipse/plugins/com.st.stm32cube.ide.mcu.externaltools.gnu-tools-for-stm32.13.3.rel1.macos64_1.0.0.202411102158/tools/bin/../lib/gcc/arm-none-eabi/13.3.1/../../../../arm-none-eabi/lib/thumb/v7e-m+fp/hard/libc_nano.a(libc_a-mallocr.o)
                0x20002088                __malloc_sbrk_start
 .bss.__malloc_free_list
                0x2000208c        0x4 /Applications/STM32CubeIDE.app/Contents/Eclipse/plugins/com.st.stm32cube.ide.mcu.externaltools.gnu-tools-for-stm32.13.3.rel1.macos64_1.0.0.202411102158/tools/bin/../lib/gcc/arm-none-eabi/13.3.1/../../../../arm-none-eabi/lib/thumb/v7e-m+fp/hard/libc_nano.a(libc_a-mallocr.o)
                0x2000208c                __malloc_free_list
 .bss.errno     0x20002090        0x4 /Applications/STM32CubeIDE.app/Contents/Eclipse/plugins/com.st.stm32cube.ide.mcu.externaltools.gnu-tools-for-stm32.13.3.rel1.macos64_1.0.0.202411102158/tools/bin/../lib/gcc/arm-none-eabi/13.3.1/../../../../arm-none-eabi/lib/thumb/v7e-m+fp/hard/libc_nano.a(libc_a-reent.o)
                0x20002090                errno
 *(COMMON)
                0x20002094                        . = ALIGN (0x4)
                0x20002094                        _ebss = .
                0x20002094                        __bss_end__ = _ebss

._user_heap_stack
                0x20002094      0x604 load address 0x08008668
                0x20002098                        . = ALIGN (0x8)
 *fill*         0x20002094        0x4 
                [!provide]                        PROVIDE (end = .)
                0x20002098                        PROVIDE (_end = .)
                0x20002298                        . = (. + _Min_Heap_Size)
 *fill*         0x20002098      0x200 
                0x20002698                        . = (. + _Min_Stack_Size)
 *fill*         0x20002298      0x400 
                0x20002698                        . = ALIGN (0x8)

/DISCARD/
 libc.a(*)
 libm.a(*)
 libgcc.a(*)

.ARM.attributes
                0x00000000       0x30
 *(.ARM.attributes)
 .ARM.attributes
                0x00000000       0x22 /Applications/STM32CubeIDE.app/Contents/Eclipse/plugins/com.st.stm32cube.ide.mcu.externaltools.gnu-tools-for-stm32.13.3.rel1.macos64_1.0.0.202411102158/tools/bin/../lib/gcc/arm-none-eabi/13.3.1/thumb/v7e-m+fp/hard/crti.o
 .ARM.attributes
                0x00000022       0x34 /Applications/STM32CubeIDE.app/Contents/Eclipse/plugins/com.st.stm32cube.ide.mcu.externaltools.gnu-tools-for-stm32.13.3.rel1.macos64_1.0.0.202411102158/tools/bin/../lib/gcc/arm-none-eabi/13.3.1/thumb/v7e-m+fp/hard/crtbegin.o
 .ARM.attributes
                0x00000056       0x34 ./Core/Src/LinkedList.o
 .ARM.attributes
                0x0000008a       0x34 ./Core/Src/app_events.o
 .ARM.attributes
                0x000000be       0x34 ./Core/Src/buff_manager.o
 .ARM.attributes
                0x000000f2       0x34 ./Core/Src/lora.o
 .ARM.attributes
                0x00000126       0x34 ./Core/Src/main.o
 .ARM.attributes
                0x0000015a       0x34 ./Core/Src/stm32l4xx_hal_msp.o
 .ARM.attributes
                0x0000018e       0x34 ./Core/Src/stm32l4xx_it.o
 .ARM.attributes
                0x000001c2       0x34 ./Core/Src/syscalls.o
 .ARM.attributes
                0x000001f6       0x34 ./Core/Src/sysmem.o
 .ARM.attributes
                0x0000022a       0x34 ./Core/Src/system_stm32l4xx.o
 .ARM.attributes
                0x0000025e       0x21 ./Core/Startup/startup_stm32l476rgtx.o
 .ARM.attributes
                0x0000027f       0x34 ./Drivers/STM32L4xx_HAL_Driver/Src/stm32l4xx_hal.o
 .ARM.attributes
                0x000002b3       0x34 ./Drivers/STM32L4xx_HAL_Driver/Src/stm32l4xx_hal_cortex.o
 .ARM.attributes
                0x000002e7       0x34 ./Drivers/STM32L4xx_HAL_Driver/Src/stm32l4xx_hal_gpio.o
 .ARM.attributes
                0x0000031b       0x34 ./Drivers/STM32L4xx_HAL_Driver/Src/stm32l4xx_hal_lptim.o
 .ARM.attributes
                0x0000034f       0x34 ./Drivers/STM32L4xx_HAL_Driver/Src/stm32l4xx_hal_pwr.o
 .ARM.attributes
                0x00000383       0x34 ./Drivers/STM32L4xx_HAL_Driver/Src/stm32l4xx_hal_pwr_ex.o
 .ARM.attributes
                0x000003b7       0x34 ./Drivers/STM32L4xx_HAL_Driver/Src/stm32l4xx_hal_rcc.o
 .ARM.attributes
                0x000003eb       0x34 ./Drivers/STM32L4xx_HAL_Driver/Src/stm32l4xx_hal_rcc_ex.o
 .ARM.attributes
                0x0000041f       0x34 ./Drivers/STM32L4xx_HAL_Driver/Src/stm32l4xx_hal_rng.o
 .ARM.attributes
                0x00000453       0x34 ./Drivers/STM32L4xx_HAL_Driver/Src/stm32l4xx_hal_rtc.o
 .ARM.attributes
                0x00000487       0x34 ./Drivers/STM32L4xx_HAL_Driver/Src/stm32l4xx_hal_rtc_ex.o
 .ARM.attributes
                0x000004bb       0x34 ./Drivers/STM32L4xx_HAL_Driver/Src/stm32l4xx_hal_spi.o
 .ARM.attributes
                0x000004ef       0x34 ./Drivers/STM32L4xx_HAL_Driver/Src/stm32l4xx_hal_uart.o
 .ARM.attributes
                0x00000523       0x34 /Applications/STM32CubeIDE.app/Contents/Eclipse/plugins/com.st.stm32cube.ide.mcu.externaltools.gnu-tools-for-stm32.13.3.rel1.macos64_1.0.0.202411102158/tools/bin/../lib/gcc/arm-none-eabi/13.3.1/../../../../arm-none-eabi/lib/thumb/v7e-m+fp/hard/libc_nano.a(libc_a-findfp.o)
 .ARM.attributes
                0x00000557       0x34 /Applications/STM32CubeIDE.app/Contents/Eclipse/plugins/com.st.stm32cube.ide.mcu.externaltools.gnu-tools-for-stm32.13.3.rel1.macos64_1.0.0.202411102158/tools/bin/../lib/gcc/arm-none-eabi/13.3.1/../../../../arm-none-eabi/lib/thumb/v7e-m+fp/hard/libc_nano.a(libc_a-fwalk.o)
 .ARM.attributes
                0x0000058b       0x34 /Applications/STM32CubeIDE.app/Contents/Eclipse/plugins/com.st.stm32cube.ide.mcu.externaltools.gnu-tools-for-stm32.13.3.rel1.macos64_1.0.0.202411102158/tools/bin/../lib/gcc/arm-none-eabi/13.3.1/../../../../arm-none-eabi/lib/thumb/v7e-m+fp/hard/libc_nano.a(libc_a-puts.o)
 .ARM.attributes
                0x000005bf       0x34 /Applications/STM32CubeIDE.app/Contents/Eclipse/plugins/com.st.stm32cube.ide.mcu.externaltools.gnu-tools-for-stm32.13.3.rel1.macos64_1.0.0.202411102158/tools/bin/../lib/gcc/arm-none-eabi/13.3.1/../../../../arm-none-eabi/lib/thumb/v7e-m+fp/hard/libc_nano.a(libc_a-memset.o)
 .ARM.attributes
                0x000005f3       0x34 /Applications/STM32CubeIDE.app/Contents/Eclipse/plugins/com.st.stm32cube.ide.mcu.externaltools.gnu-tools-for-stm32.13.3.rel1.macos64_1.0.0.202411102158/tools/bin/../lib/gcc/arm-none-eabi/13.3.1/../../../../arm-none-eabi/lib/thumb/v7e-m+fp/hard/libc_nano.a(libc_a-errno.o)
 .ARM.attributes
                0x00000627       0x34 /Applications/STM32CubeIDE.app/Contents/Eclipse/plugins/com.st.stm32cube.ide.mcu.externaltools.gnu-tools-for-stm32.13.3.rel1.macos64_1.0.0.202411102158/tools/bin/../lib/gcc/arm-none-eabi/13.3.1/../../../../arm-none-eabi/lib/thumb/v7e-m+fp/hard/libc_nano.a(libc_a-init.o)
 .ARM.attributes
                0x0000065b       0x34 /Applications/STM32CubeIDE.app/Contents/Eclipse/plugins/com.st.stm32cube.ide.mcu.externaltools.gnu-tools-for-stm32.13.3.rel1.macos64_1.0.0.202411102158/tools/bin/../lib/gcc/arm-none-eabi/13.3.1/../../../../arm-none-eabi/lib/thumb/v7e-m+fp/hard/libc_nano.a(libc_a-lock.o)
 .ARM.attributes
                0x0000068f       0x34 /Applications/STM32CubeIDE.app/Contents/Eclipse/plugins/com.st.stm32cube.ide.mcu.externaltools.gnu-tools-for-stm32.13.3.rel1.macos64_1.0.0.202411102158/tools/bin/../lib/gcc/arm-none-eabi/13.3.1/../../../../arm-none-eabi/lib/thumb/v7e-m+fp/hard/libc_nano.a(libc_a-impure.o)
 .ARM.attributes
                0x000006c3       0x34 /Applications/STM32CubeIDE.app/Contents/Eclipse/plugins/com.st.stm32cube.ide.mcu.externaltools.gnu-tools-for-stm32.13.3.rel1.macos64_1.0.0.202411102158/tools/bin/../lib/gcc/arm-none-eabi/13.3.1/../../../../arm-none-eabi/lib/thumb/v7e-m+fp/hard/libc_nano.a(libc_a-memcpy-stub.o)
 .ARM.attributes
                0x000006f7       0x34 /Applications/STM32CubeIDE.app/Contents/Eclipse/plugins/com.st.stm32cube.ide.mcu.externaltools.gnu-tools-for-stm32.13.3.rel1.macos64_1.0.0.202411102158/tools/bin/../lib/gcc/arm-none-eabi/13.3.1/../../../../arm-none-eabi/lib/thumb/v7e-m+fp/hard/libc_nano.a(libc_a-mallocr.o)
 .ARM.attributes
                0x0000072b       0x34 /Applications/STM32CubeIDE.app/Contents/Eclipse/plugins/com.st.stm32cube.ide.mcu.externaltools.gnu-tools-for-stm32.13.3.rel1.macos64_1.0.0.202411102158/tools/bin/../lib/gcc/arm-none-eabi/13.3.1/../../../../arm-none-eabi/lib/thumb/v7e-m+fp/hard/libc_nano.a(libc_a-fflush.o)
 .ARM.attributes
                0x0000075f       0x34 /Applications/STM32CubeIDE.app/Contents/Eclipse/plugins/com.st.stm32cube.ide.mcu.externaltools.gnu-tools-for-stm32.13.3.rel1.macos64_1.0.0.202411102158/tools/bin/../lib/gcc/arm-none-eabi/13.3.1/../../../../arm-none-eabi/lib/thumb/v7e-m+fp/hard/libc_nano.a(libc_a-mlock.o)
 .ARM.attributes
                0x00000793       0x34 /Applications/STM32CubeIDE.app/Contents/Eclipse/plugins/com.st.stm32cube.ide.mcu.externaltools.gnu-tools-for-stm32.13.3.rel1.macos64_1.0.0.202411102158/tools/bin/../lib/gcc/arm-none-eabi/13.3.1/../../../../arm-none-eabi/lib/thumb/v7e-m+fp/hard/libc_nano.a(libc_a-stdio.o)
 .ARM.attributes
                0x000007c7       0x34 /Applications/STM32CubeIDE.app/Contents/Eclipse/plugins/com.st.stm32cube.ide.mcu.externaltools.gnu-tools-for-stm32.13.3.rel1.macos64_1.0.0.202411102158/tools/bin/../lib/gcc/arm-none-eabi/13.3.1/../../../../arm-none-eabi/lib/thumb/v7e-m+fp/hard/libc_nano.a(libc_a-wbuf.o)
 .ARM.attributes
                0x000007fb       0x34 /Applications/STM32CubeIDE.app/Contents/Eclipse/plugins/com.st.stm32cube.ide.mcu.externaltools.gnu-tools-for-stm32.13.3.rel1.macos64_1.0.0.202411102158/tools/bin/../lib/gcc/arm-none-eabi/13.3.1/../../../../arm-none-eabi/lib/thumb/v7e-m+fp/hard/libc_nano.a(libc_a-wsetup.o)
 .ARM.attributes
                0x0000082f       0x34 /Applications/STM32CubeIDE.app/Contents/Eclipse/plugins/com.st.stm32cube.ide.mcu.externaltools.gnu-tools-for-stm32.13.3.rel1.macos64_1.0.0.202411102158/tools/bin/../lib/gcc/arm-none-eabi/13.3.1/../../../../arm-none-eabi/lib/thumb/v7e-m+fp/hard/libc_nano.a(libc_a-makebuf.o)
 .ARM.attributes
                0x00000863       0x34 /Applications/STM32CubeIDE.app/Contents/Eclipse/plugins/com.st.stm32cube.ide.mcu.externaltools.gnu-tools-for-stm32.13.3.rel1.macos64_1.0.0.202411102158/tools/bin/../lib/gcc/arm-none-eabi/13.3.1/../../../../arm-none-eabi/lib/thumb/v7e-m+fp/hard/libc_nano.a(libc_a-isattyr.o)
 .ARM.attributes
                0x00000897       0x34 /Applications/STM32CubeIDE.app/Contents/Eclipse/plugins/com.st.stm32cube.ide.mcu.externaltools.gnu-tools-for-stm32.13.3.rel1.macos64_1.0.0.202411102158/tools/bin/../lib/gcc/arm-none-eabi/13.3.1/../../../../arm-none-eabi/lib/thumb/v7e-m+fp/hard/libc_nano.a(libc_a-lseekr.o)
 .ARM.attributes
                0x000008cb       0x34 /Applications/STM32CubeIDE.app/Contents/Eclipse/plugins/com.st.stm32cube.ide.mcu.externaltools.gnu-tools-for-stm32.13.3.rel1.macos64_1.0.0.202411102158/tools/bin/../lib/gcc/arm-none-eabi/13.3.1/../../../../arm-none-eabi/lib/thumb/v7e-m+fp/hard/libc_nano.a(libc_a-readr.o)
 .ARM.attributes
                0x000008ff       0x34 /Applications/STM32CubeIDE.app/Contents/Eclipse/plugins/com.st.stm32cube.ide.mcu.externaltools.gnu-tools-for-stm32.13.3.rel1.macos64_1.0.0.202411102158/tools/bin/../lib/gcc/arm-none-eabi/13.3.1/../../../../arm-none-eabi/lib/thumb/v7e-m+fp/hard/libc_nano.a(libc_a-sbrkr.o)
 .ARM.attributes
                0x00000933       0x34 /Applications/STM32CubeIDE.app/Contents/Eclipse/plugins/com.st.stm32cube.ide.mcu.externaltools.gnu-tools-for-stm32.13.3.rel1.macos64_1.0.0.202411102158/tools/bin/../lib/gcc/arm-none-eabi/13.3.1/../../../../arm-none-eabi/lib/thumb/v7e-m+fp/hard/libc_nano.a(libc_a-writer.o)
 .ARM.attributes
                0x00000967       0x34 /Applications/STM32CubeIDE.app/Contents/Eclipse/plugins/com.st.stm32cube.ide.mcu.externaltools.gnu-tools-for-stm32.13.3.rel1.macos64_1.0.0.202411102158/tools/bin/../lib/gcc/arm-none-eabi/13.3.1/../../../../arm-none-eabi/lib/thumb/v7e-m+fp/hard/libc_nano.a(libc_a-closer.o)
 .ARM.attributes
                0x0000099b       0x34 /Applications/STM32CubeIDE.app/Contents/Eclipse/plugins/com.st.stm32cube.ide.mcu.externaltools.gnu-tools-for-stm32.13.3.rel1.macos64_1.0.0.202411102158/tools/bin/../lib/gcc/arm-none-eabi/13.3.1/../../../../arm-none-eabi/lib/thumb/v7e-m+fp/hard/libc_nano.a(libc_a-reent.o)
 .ARM.attributes
                0x000009cf       0x34 /Applications/STM32CubeIDE.app/Contents/Eclipse/plugins/com.st.stm32cube.ide.mcu.externaltools.gnu-tools-for-stm32.13.3.rel1.macos64_1.0.0.202411102158/tools/bin/../lib/gcc/arm-none-eabi/13.3.1/../../../../arm-none-eabi/lib/thumb/v7e-m+fp/hard/libc_nano.a(libc_a-fstatr.o)
 .ARM.attributes
                0x00000a03       0x34 /Applications/STM32CubeIDE.app/Contents/Eclipse/plugins/com.st.stm32cube.ide.mcu.externaltools.gnu-tools-for-stm32.13.3.rel1.macos64_1.0.0.202411102158/tools/bin/../lib/gcc/arm-none-eabi/13.3.1/../../../../arm-none-eabi/lib/thumb/v7e-m+fp/hard/libc_nano.a(libc_a-freer.o)
 .ARM.attributes
                0x00000a37       0x22 /Applications/STM32CubeIDE.app/Contents/Eclipse/plugins/com.st.stm32cube.ide.mcu.externaltools.gnu-tools-for-stm32.13.3.rel1.macos64_1.0.0.202411102158/tools/bin/../lib/gcc/arm-none-eabi/13.3.1/thumb/v7e-m+fp/hard/libgcc.a(_aeabi_uldivmod.o)
 .ARM.attributes
                0x00000a59       0x34 /Applications/STM32CubeIDE.app/Contents/Eclipse/plugins/com.st.stm32cube.ide.mcu.externaltools.gnu-tools-for-stm32.13.3.rel1.macos64_1.0.0.202411102158/tools/bin/../lib/gcc/arm-none-eabi/13.3.1/thumb/v7e-m+fp/hard/libgcc.a(_udivmoddi4.o)
 .ARM.attributes
                0x00000a8d       0x22 /Applications/STM32CubeIDE.app/Contents/Eclipse/plugins/com.st.stm32cube.ide.mcu.externaltools.gnu-tools-for-stm32.13.3.rel1.macos64_1.0.0.202411102158/tools/bin/../lib/gcc/arm-none-eabi/13.3.1/thumb/v7e-m+fp/hard/libgcc.a(_dvmd_tls.o)
 .ARM.attributes
                0x00000aaf       0x22 /Applications/STM32CubeIDE.app/Contents/Eclipse/plugins/com.st.stm32cube.ide.mcu.externaltools.gnu-tools-for-stm32.13.3.rel1.macos64_1.0.0.202411102158/tools/bin/../lib/gcc/arm-none-eabi/13.3.1/thumb/v7e-m+fp/hard/crtn.o
OUTPUT(stm32L4_LoRa_Hop.elf elf32-littlearm)
LOAD linker stubs
LOAD /Applications/STM32CubeIDE.app/Contents/Eclipse/plugins/com.st.stm32cube.ide.mcu.externaltools.gnu-tools-for-stm32.13.3.rel1.macos64_1.0.0.202411102158/tools/bin/../lib/gcc/arm-none-eabi/13.3.1/../../../../arm-none-eabi/lib/thumb/v7e-m+fp/hard/libc.a
LOAD /Applications/STM32CubeIDE.app/Contents/Eclipse/plugins/com.st.stm32cube.ide.mcu.externaltools.gnu-tools-for-stm32.13.3.rel1.macos64_1.0.0.202411102158/tools/bin/../lib/gcc/arm-none-eabi/13.3.1/../../../../arm-none-eabi/lib/thumb/v7e-m+fp/hard/libm.a
LOAD /Applications/STM32CubeIDE.app/Contents/Eclipse/plugins/com.st.stm32cube.ide.mcu.externaltools.gnu-tools-for-stm32.13.3.rel1.macos64_1.0.0.202411102158/tools/bin/../lib/gcc/arm-none-eabi/13.3.1/thumb/v7e-m+fp/hard/libgcc.a

.debug_info     0x00000000    0x159b8
 .debug_info    0x00000000      0x323 ./Core/Src/LinkedList.o
 .debug_info    0x00000323     0x1257 ./Core/Src/app_events.o
 .debug_info    0x0000157a      0x61f ./Core/Src/buff_manager.o
 .debug_info    0x00001b99     0x1479 ./Core/Src/lora.o
 .debug_info    0x00003012     0x29cf ./Core/Src/main.o
 .debug_info    0x000059e1     0x1ad0 ./Core/Src/stm32l4xx_hal_msp.o
 .debug_info    0x000074b1      0x7d7 ./Core/Src/stm32l4xx_it.o
 .debug_info    0x00007c88      0x6a3 ./Core/Src/syscalls.o
 .debug_info    0x0000832b      0x168 ./Core/Src/sysmem.o
 .debug_info    0x00008493      0x5b1 ./Core/Src/system_stm32l4xx.o
 .debug_info    0x00008a44       0x30 ./Core/Startup/startup_stm32l476rgtx.o
 .debug_info    0x00008a74      0xc09 ./Drivers/STM32L4xx_HAL_Driver/Src/stm32l4xx_hal.o
 .debug_info    0x0000967d      0xd81 ./Drivers/STM32L4xx_HAL_Driver/Src/stm32l4xx_hal_cortex.o
 .debug_info    0x0000a3fe      0x757 ./Drivers/STM32L4xx_HAL_Driver/Src/stm32l4xx_hal_gpio.o
 .debug_info    0x0000ab55      0xed5 ./Drivers/STM32L4xx_HAL_Driver/Src/stm32l4xx_hal_lptim.o
 .debug_info    0x0000ba2a      0x91e ./Drivers/STM32L4xx_HAL_Driver/Src/stm32l4xx_hal_pwr.o
 .debug_info    0x0000c348      0x99e ./Drivers/STM32L4xx_HAL_Driver/Src/stm32l4xx_hal_pwr_ex.o
 .debug_info    0x0000cce6      0xc14 ./Drivers/STM32L4xx_HAL_Driver/Src/stm32l4xx_hal_rcc.o
 .debug_info    0x0000d8fa      0xe11 ./Drivers/STM32L4xx_HAL_Driver/Src/stm32l4xx_hal_rcc_ex.o
 .debug_info    0x0000e70b      0x4a5 ./Drivers/STM32L4xx_HAL_Driver/Src/stm32l4xx_hal_rng.o
 .debug_info    0x0000ebb0      0xd7d ./Drivers/STM32L4xx_HAL_Driver/Src/stm32l4xx_hal_rtc.o
 .debug_info    0x0000f92d      0xfd9 ./Drivers/STM32L4xx_HAL_Driver/Src/stm32l4xx_hal_rtc_ex.o
 .debug_info    0x00010906     0x1549 ./Drivers/STM32L4xx_HAL_Driver/Src/stm32l4xx_hal_spi.o
 .debug_info    0x00011e4f     0x3b69 ./Drivers/STM32L4xx_HAL_Driver/Src/stm32l4xx_hal_uart.o

.debug_abbrev   0x00000000     0x3117
 .debug_abbrev  0x00000000      0x10b ./Core/Src/LinkedList.o
 .debug_abbrev  0x0000010b      0x22a ./Core/Src/app_events.o
 .debug_abbrev  0x00000335      0x1b8 ./Core/Src/buff_manager.o
 .debug_abbrev  0x000004ed      0x319 ./Core/Src/lora.o
 .debug_abbrev  0x00000806      0x415 ./Core/Src/main.o
 .debug_abbrev  0x00000c1b      0x235 ./Core/Src/stm32l4xx_hal_msp.o
 .debug_abbrev  0x00000e50      0x14d ./Core/Src/stm32l4xx_it.o
 .debug_abbrev  0x00000f9d      0x1b6 ./Core/Src/syscalls.o
 .debug_abbrev  0x00001153       0xbc ./Core/Src/sysmem.o
 .debug_abbrev  0x0000120f      0x11a ./Core/Src/system_stm32l4xx.o
 .debug_abbrev  0x00001329       0x24 ./Core/Startup/startup_stm32l476rgtx.o
 .debug_abbrev  0x0000134d      0x243 ./Drivers/STM32L4xx_HAL_Driver/Src/stm32l4xx_hal.o
 .debug_abbrev  0x00001590      0x31c ./Drivers/STM32L4xx_HAL_Driver/Src/stm32l4xx_hal_cortex.o
 .debug_abbrev  0x000018ac      0x1cb ./Drivers/STM32L4xx_HAL_Driver/Src/stm32l4xx_hal_gpio.o
 .debug_abbrev  0x00001a77      0x269 ./Drivers/STM32L4xx_HAL_Driver/Src/stm32l4xx_hal_lptim.o
 .debug_abbrev  0x00001ce0      0x1d4 ./Drivers/STM32L4xx_HAL_Driver/Src/stm32l4xx_hal_pwr.o
 .debug_abbrev  0x00001eb4      0x1f9 ./Drivers/STM32L4xx_HAL_Driver/Src/stm32l4xx_hal_pwr_ex.o
 .debug_abbrev  0x000020ad      0x2cb ./Drivers/STM32L4xx_HAL_Driver/Src/stm32l4xx_hal_rcc.o
 .debug_abbrev  0x00002378      0x2a6 ./Drivers/STM32L4xx_HAL_Driver/Src/stm32l4xx_hal_rcc_ex.o
 .debug_abbrev  0x0000261e      0x1b7 ./Drivers/STM32L4xx_HAL_Driver/Src/stm32l4xx_hal_rng.o
 .debug_abbrev  0x000027d5      0x201 ./Drivers/STM32L4xx_HAL_Driver/Src/stm32l4xx_hal_rtc.o
 .debug_abbrev  0x000029d6      0x211 ./Drivers/STM32L4xx_HAL_Driver/Src/stm32l4xx_hal_rtc_ex.o
 .debug_abbrev  0x00002be7      0x260 ./Drivers/STM32L4xx_HAL_Driver/Src/stm32l4xx_hal_spi.o
 .debug_abbrev  0x00002e47      0x2d0 ./Drivers/STM32L4xx_HAL_Driver/Src/stm32l4xx_hal_uart.o

.debug_aranges  0x00000000     0x12e0
 .debug_aranges
                0x00000000       0x58 ./Core/Src/LinkedList.o
 .debug_aranges
                0x00000058       0x40 ./Core/Src/app_events.o
 .debug_aranges
                0x00000098       0x58 ./Core/Src/buff_manager.o
 .debug_aranges
                0x000000f0       0xe0 ./Core/Src/lora.o
 .debug_aranges
                0x000001d0       0xf8 ./Core/Src/main.o
 .debug_aranges
                0x000002c8       0x70 ./Core/Src/stm32l4xx_hal_msp.o
 .debug_aranges
                0x00000338       0x80 ./Core/Src/stm32l4xx_it.o
 .debug_aranges
                0x000003b8       0xa8 ./Core/Src/syscalls.o
 .debug_aranges
                0x00000460       0x20 ./Core/Src/sysmem.o
 .debug_aranges
                0x00000480       0x28 ./Core/Src/system_stm32l4xx.o
 .debug_aranges
                0x000004a8       0x28 ./Core/Startup/startup_stm32l476rgtx.o
 .debug_aranges
                0x000004d0      0x130 ./Drivers/STM32L4xx_HAL_Driver/Src/stm32l4xx_hal.o
 .debug_aranges
                0x00000600      0x128 ./Drivers/STM32L4xx_HAL_Driver/Src/stm32l4xx_hal_cortex.o
 .debug_aranges
                0x00000728       0x58 ./Drivers/STM32L4xx_HAL_Driver/Src/stm32l4xx_hal_gpio.o
 .debug_aranges
                0x00000780      0x168 ./Drivers/STM32L4xx_HAL_Driver/Src/stm32l4xx_hal_lptim.o
 .debug_aranges
                0x000008e8       0x98 ./Drivers/STM32L4xx_HAL_Driver/Src/stm32l4xx_hal_pwr.o
 .debug_aranges
                0x00000980      0x160 ./Drivers/STM32L4xx_HAL_Driver/Src/stm32l4xx_hal_pwr_ex.o
 .debug_aranges
                0x00000ae0       0x90 ./Drivers/STM32L4xx_HAL_Driver/Src/stm32l4xx_hal_rcc.o
 .debug_aranges
                0x00000b70       0xc0 ./Drivers/STM32L4xx_HAL_Driver/Src/stm32l4xx_hal_rcc_ex.o
 .debug_aranges
                0x00000c30       0x88 ./Drivers/STM32L4xx_HAL_Driver/Src/stm32l4xx_hal_rng.o
 .debug_aranges
                0x00000cb8       0xe8 ./Drivers/STM32L4xx_HAL_Driver/Src/stm32l4xx_hal_rtc.o
 .debug_aranges
                0x00000da0      0x140 ./Drivers/STM32L4xx_HAL_Driver/Src/stm32l4xx_hal_rtc_ex.o
 .debug_aranges
                0x00000ee0      0x1d8 ./Drivers/STM32L4xx_HAL_Driver/Src/stm32l4xx_hal_spi.o
 .debug_aranges
                0x000010b8      0x228 ./Drivers/STM32L4xx_HAL_Driver/Src/stm32l4xx_hal_uart.o

.debug_rnglists
                0x00000000      0xea3
 .debug_rnglists
                0x00000000       0x3f ./Core/Src/LinkedList.o
 .debug_rnglists
                0x0000003f       0x3f ./Core/Src/app_events.o
 .debug_rnglists
                0x0000007e       0x4b ./Core/Src/buff_manager.o
 .debug_rnglists
                0x000000c9       0xab ./Core/Src/lora.o
 .debug_rnglists
                0x00000174       0xcf ./Core/Src/main.o
 .debug_rnglists
                0x00000243       0x51 ./Core/Src/stm32l4xx_hal_msp.o
 .debug_rnglists
                0x00000294       0x5b ./Core/Src/stm32l4xx_it.o
 .debug_rnglists
                0x000002ef       0x79 ./Core/Src/syscalls.o
 .debug_rnglists
                0x00000368       0x13 ./Core/Src/sysmem.o
 .debug_rnglists
                0x0000037b       0x1a ./Core/Src/system_stm32l4xx.o
 .debug_rnglists
                0x00000395       0x19 ./Core/Startup/startup_stm32l476rgtx.o
 .debug_rnglists
                0x000003ae       0xdf ./Drivers/STM32L4xx_HAL_Driver/Src/stm32l4xx_hal.o
 .debug_rnglists
                0x0000048d       0xda ./Drivers/STM32L4xx_HAL_Driver/Src/stm32l4xx_hal_cortex.o
 .debug_rnglists
                0x00000567       0x3f ./Drivers/STM32L4xx_HAL_Driver/Src/stm32l4xx_hal_gpio.o
 .debug_rnglists
                0x000005a6      0x11d ./Drivers/STM32L4xx_HAL_Driver/Src/stm32l4xx_hal_lptim.o
 .debug_rnglists
                0x000006c3       0x6e ./Drivers/STM32L4xx_HAL_Driver/Src/stm32l4xx_hal_pwr.o
 .debug_rnglists
                0x00000731      0x109 ./Drivers/STM32L4xx_HAL_Driver/Src/stm32l4xx_hal_pwr_ex.o
 .debug_rnglists
                0x0000083a       0x6d ./Drivers/STM32L4xx_HAL_Driver/Src/stm32l4xx_hal_rcc.o
 .debug_rnglists
                0x000008a7       0x95 ./Drivers/STM32L4xx_HAL_Driver/Src/stm32l4xx_hal_rcc_ex.o
 .debug_rnglists
                0x0000093c       0x64 ./Drivers/STM32L4xx_HAL_Driver/Src/stm32l4xx_hal_rng.o
 .debug_rnglists
                0x000009a0       0xb4 ./Drivers/STM32L4xx_HAL_Driver/Src/stm32l4xx_hal_rtc.o
 .debug_rnglists
                0x00000a54       0xfc ./Drivers/STM32L4xx_HAL_Driver/Src/stm32l4xx_hal_rtc_ex.o
 .debug_rnglists
                0x00000b50      0x178 ./Drivers/STM32L4xx_HAL_Driver/Src/stm32l4xx_hal_spi.o
 .debug_rnglists
                0x00000cc8      0x1db ./Drivers/STM32L4xx_HAL_Driver/Src/stm32l4xx_hal_uart.o

.debug_macro    0x00000000    0x29699
 .debug_macro   0x00000000      0x21b ./Core/Src/LinkedList.o
 .debug_macro   0x0000021b      0xad8 ./Core/Src/LinkedList.o
 .debug_macro   0x00000cf3       0x22 ./Core/Src/LinkedList.o
 .debug_macro   0x00000d15       0x8e ./Core/Src/LinkedList.o
 .debug_macro   0x00000da3       0x51 ./Core/Src/LinkedList.o
 .debug_macro   0x00000df4      0x103 ./Core/Src/LinkedList.o
 .debug_macro   0x00000ef7       0x6a ./Core/Src/LinkedList.o
 .debug_macro   0x00000f61      0x1df ./Core/Src/LinkedList.o
 .debug_macro   0x00001140      0x1b9 ./Core/Src/LinkedList.o
 .debug_macro   0x000012f9       0x2e ./Core/Src/LinkedList.o
 .debug_macro   0x00001327       0x28 ./Core/Src/LinkedList.o
 .debug_macro   0x0000134f       0x1c ./Core/Src/LinkedList.o
 .debug_macro   0x0000136b       0x22 ./Core/Src/LinkedList.o
 .debug_macro   0x0000138d       0xfb ./Core/Src/LinkedList.o
 .debug_macro   0x00001488     0x1011 ./Core/Src/LinkedList.o
 .debug_macro   0x00002499      0x11f ./Core/Src/LinkedList.o
 .debug_macro   0x000025b8    0x1a17a ./Core/Src/LinkedList.o
 .debug_macro   0x0001c732       0x6d ./Core/Src/LinkedList.o
 .debug_macro   0x0001c79f     0x38fb ./Core/Src/LinkedList.o
 .debug_macro   0x0002009a      0x190 ./Core/Src/LinkedList.o
 .debug_macro   0x0002022a       0x5c ./Core/Src/LinkedList.o
 .debug_macro   0x00020286     0x159e ./Core/Src/LinkedList.o
 .debug_macro   0x00021824      0x5a5 ./Core/Src/LinkedList.o
 .debug_macro   0x00021dc9      0x1b9 ./Core/Src/LinkedList.o
 .debug_macro   0x00021f82      0x18b ./Core/Src/LinkedList.o
 .debug_macro   0x0002210d      0x26b ./Core/Src/LinkedList.o
 .debug_macro   0x00022378      0x23d ./Core/Src/LinkedList.o
 .debug_macro   0x000225b5      0x241 ./Core/Src/LinkedList.o
 .debug_macro   0x000227f6      0x37c ./Core/Src/LinkedList.o
 .debug_macro   0x00022b72       0xd6 ./Core/Src/LinkedList.o
 .debug_macro   0x00022c48      0x2af ./Core/Src/LinkedList.o
 .debug_macro   0x00022ef7      0x122 ./Core/Src/LinkedList.o
 .debug_macro   0x00023019      0x3ef ./Core/Src/LinkedList.o
 .debug_macro   0x00023408       0xa4 ./Core/Src/LinkedList.o
 .debug_macro   0x000234ac      0x321 ./Core/Src/LinkedList.o
 .debug_macro   0x000237cd      0x4fb ./Core/Src/LinkedList.o
 .debug_macro   0x00023cc8       0xeb ./Core/Src/LinkedList.o
 .debug_macro   0x00023db3      0x2fe ./Core/Src/LinkedList.o
 .debug_macro   0x000240b1      0x5cf ./Core/Src/LinkedList.o
 .debug_macro   0x00024680       0x44 ./Core/Src/LinkedList.o
 .debug_macro   0x000246c4      0x330 ./Core/Src/LinkedList.o
 .debug_macro   0x000249f4       0xc4 ./Core/Src/LinkedList.o
 .debug_macro   0x00024ab8       0xcf ./Core/Src/LinkedList.o
 .debug_macro   0x00024b87       0x1c ./Core/Src/LinkedList.o
 .debug_macro   0x00024ba3      0x313 ./Core/Src/app_events.o
 .debug_macro   0x00024eb6       0x61 ./Core/Src/app_events.o
 .debug_macro   0x00024f17       0x2a ./Core/Src/app_events.o
 .debug_macro   0x00024f41       0x43 ./Core/Src/app_events.o
 .debug_macro   0x00024f84       0x34 ./Core/Src/app_events.o
 .debug_macro   0x00024fb8      0x370 ./Core/Src/app_events.o
 .debug_macro   0x00025328       0x16 ./Core/Src/app_events.o
 .debug_macro   0x0002533e       0x4a ./Core/Src/app_events.o
 .debug_macro   0x00025388       0x34 ./Core/Src/app_events.o
 .debug_macro   0x000253bc       0x10 ./Core/Src/app_events.o
 .debug_macro   0x000253cc       0x58 ./Core/Src/app_events.o
 .debug_macro   0x00025424       0x8e ./Core/Src/app_events.o
 .debug_macro   0x000254b2       0x1c ./Core/Src/app_events.o
 .debug_macro   0x000254ce      0x185 ./Core/Src/app_events.o
 .debug_macro   0x00025653       0x10 ./Core/Src/app_events.o
 .debug_macro   0x00025663       0x3c ./Core/Src/app_events.o
 .debug_macro   0x0002569f       0x20 ./Core/Src/app_events.o
 .debug_macro   0x000256bf       0x22 ./Core/Src/app_events.o
 .debug_macro   0x000256e1       0xca ./Core/Src/app_events.o
 .debug_macro   0x000257ab       0x2e ./Core/Src/app_events.o
 .debug_macro   0x000257d9      0x172 ./Core/Src/app_events.o
 .debug_macro   0x0002594b       0x34 ./Core/Src/app_events.o
 .debug_macro   0x0002597f      0x2fb ./Core/Src/buff_manager.o
 .debug_macro   0x00025c7a       0x5b ./Core/Src/buff_manager.o
 .debug_macro   0x00025cd5       0x94 ./Core/Src/buff_manager.o
 .debug_macro   0x00025d69       0x57 ./Core/Src/buff_manager.o
 .debug_macro   0x00025dc0       0x56 ./Core/Src/buff_manager.o
 .debug_macro   0x00025e16      0x2d4 ./Core/Src/lora.o
 .debug_macro   0x000260ea      0x16c ./Core/Src/lora.o
 .debug_macro   0x00026256      0x369 ./Core/Src/main.o
 .debug_macro   0x000265bf       0x16 ./Core/Src/main.o
 .debug_macro   0x000265d5       0x10 ./Core/Src/main.o
 .debug_macro   0x000265e5       0x16 ./Core/Src/main.o
 .debug_macro   0x000265fb       0x16 ./Core/Src/main.o
 .debug_macro   0x00026611      0x146 ./Core/Src/main.o
 .debug_macro   0x00026757       0x16 ./Core/Src/main.o
 .debug_macro   0x0002676d      0x1fd ./Core/Src/stm32l4xx_hal_msp.o
 .debug_macro   0x0002696a      0x207 ./Core/Src/stm32l4xx_it.o
 .debug_macro   0x00026b71      0x274 ./Core/Src/syscalls.o
 .debug_macro   0x00026de5       0x10 ./Core/Src/syscalls.o
 .debug_macro   0x00026df5       0x10 ./Core/Src/syscalls.o
 .debug_macro   0x00026e05       0x10 ./Core/Src/syscalls.o
 .debug_macro   0x00026e15       0x10 ./Core/Src/syscalls.o
 .debug_macro   0x00026e25       0x1c ./Core/Src/syscalls.o
 .debug_macro   0x00026e41       0x52 ./Core/Src/syscalls.o
 .debug_macro   0x00026e93       0x22 ./Core/Src/syscalls.o
 .debug_macro   0x00026eb5       0x10 ./Core/Src/syscalls.o
 .debug_macro   0x00026ec5       0x52 ./Core/Src/syscalls.o
 .debug_macro   0x00026f17       0xcf ./Core/Src/syscalls.o
 .debug_macro   0x00026fe6       0x1c ./Core/Src/syscalls.o
 .debug_macro   0x00027002       0x3d ./Core/Src/syscalls.o
 .debug_macro   0x0002703f       0x35 ./Core/Src/syscalls.o