Archive member included to satisfy reference by file (symbol)

C:/ST/STM32CubeIDE_1.18.1/STM32CubeIDE/plugins/com.st.stm32cube.ide.mcu.externaltools.gnu-tools-for-stm32.13.3.rel1.win32_1.0.100.202509120712/tools/bin/../lib/gcc/arm-none-eabi/13.3.1/../../../../arm-none-eabi/lib/thumb/v7e-m+fp/hard\libc_nano.a(libc_a-exit.o)
                              C:/ST/STM32CubeIDE_1.18.1/STM32CubeIDE/plugins/com.st.stm32cube.ide.mcu.externaltools.gnu-tools-for-stm32.13.3.rel1.win32_1.0.100.202509120712/tools/bin/../lib/gcc/arm-none-eabi/13.3.1/../../../../arm-none-eabi/lib/thumb/v7e-m+fp/hard/crt0.o (exit)
C:/ST/STM32CubeIDE_1.18.1/STM32CubeIDE/plugins/com.st.stm32cube.ide.mcu.externaltools.gnu-tools-for-stm32.13.3.rel1.win32_1.0.100.202509120712/tools/bin/../lib/gcc/arm-none-eabi/13.3.1/../../../../arm-none-eabi/lib/thumb/v7e-m+fp/hard\libc_nano.a(libc_a-findfp.o)
                              C:/ST/STM32CubeIDE_1.18.1/STM32CubeIDE/plugins/com.st.stm32cube.ide.mcu.externaltools.gnu-tools-for-stm32.13.3.rel1.win32_1.0.100.202509120712/tools/bin/../lib/gcc/arm-none-eabi/13.3.1/../../../../arm-none-eabi/lib/thumb/v7e-m+fp/hard\libc_nano.a(libc_a-exit.o) (__stdio_exit_handler)
C:/ST/STM32CubeIDE_1.18.1/STM32CubeIDE/plugins/com.st.stm32cube.ide.mcu.externaltools.gnu-tools-for-stm32.13.3.rel1.win32_1.0.100.202509120712/tools/bin/../lib/gcc/arm-none-eabi/13.3.1/../../../../arm-none-eabi/lib/thumb/v7e-m+fp/hard\libc_nano.a(libc_a-fwalk.o)
                              C:/ST/STM32CubeIDE_1.18.1/STM32CubeIDE/plugins/com.st.stm32cube.ide.mcu.externaltools.gnu-tools-for-stm32.13.3.rel1.win32_1.0.100.202509120712/tools/bin/../lib/gcc/arm-none-eabi/13.3.1/../../../../arm-none-eabi/lib/thumb/v7e-m+fp/hard\libc_nano.a(libc_a-findfp.o) (_fwalk_sglue)
C:/ST/STM32CubeIDE_1.18.1/STM32CubeIDE/plugins/com.st.stm32cube.ide.mcu.externaltools.gnu-tools-for-stm32.13.3.rel1.win32_1.0.100.202509120712/tools/bin/../lib/gcc/arm-none-eabi/13.3.1/../../../../arm-none-eabi/lib/thumb/v7e-m+fp/hard\libc_nano.a(libc_a-printf.o)
                              ./Core/Src/main.o (printf)
C:/ST/STM32CubeIDE_1.18.1/STM32CubeIDE/plugins/com.st.stm32cube.ide.mcu.externaltools.gnu-tools-for-stm32.13.3.rel1.win32_1.0.100.202509120712/tools/bin/../lib/gcc/arm-none-eabi/13.3.1/../../../../arm-none-eabi/lib/thumb/v7e-m+fp/hard\libc_nano.a(libc_a-putchar.o)
                              ./Core/Src/main.o (putchar)
C:/ST/STM32CubeIDE_1.18.1/STM32CubeIDE/plugins/com.st.stm32cube.ide.mcu.externaltools.gnu-tools-for-stm32.13.3.rel1.win32_1.0.100.202509120712/tools/bin/../lib/gcc/arm-none-eabi/13.3.1/../../../../arm-none-eabi/lib/thumb/v7e-m+fp/hard\libc_nano.a(libc_a-puts.o)
                              ./Core/Src/main.o (puts)
C:/ST/STM32CubeIDE_1.18.1/STM32CubeIDE/plugins/com.st.stm32cube.ide.mcu.externaltools.gnu-tools-for-stm32.13.3.rel1.win32_1.0.100.202509120712/tools/bin/../lib/gcc/arm-none-eabi/13.3.1/../../../../arm-none-eabi/lib/thumb/v7e-m+fp/hard\libc_nano.a(libc_a-stdio.o)
                              C:/ST/STM32CubeIDE_1.18.1/STM32CubeIDE/plugins/com.st.stm32cube.ide.mcu.externaltools.gnu-tools-for-stm32.13.3.rel1.win32_1.0.100.202509120712/tools/bin/../lib/gcc/arm-none-eabi/13.3.1/../../../../arm-none-eabi/lib/thumb/v7e-m+fp/hard\libc_nano.a(libc_a-findfp.o) (__sread)
C:/ST/STM32CubeIDE_1.18.1/STM32CubeIDE/plugins/com.st.stm32cube.ide.mcu.externaltools.gnu-tools-for-stm32.13.3.rel1.win32_1.0.100.202509120712/tools/bin/../lib/gcc/arm-none-eabi/13.3.1/../../../../arm-none-eabi/lib/thumb/v7e-m+fp/hard\libc_nano.a(libc_a-wbuf.o)
                              C:/ST/STM32CubeIDE_1.18.1/STM32CubeIDE/plugins/com.st.stm32cube.ide.mcu.externaltools.gnu-tools-for-stm32.13.3.rel1.win32_1.0.100.202509120712/tools/bin/../lib/gcc/arm-none-eabi/13.3.1/../../../../arm-none-eabi/lib/thumb/v7e-m+fp/hard\libc_nano.a(libc_a-puts.o) (__swbuf_r)
C:/ST/STM32CubeIDE_1.18.1/STM32CubeIDE/plugins/com.st.stm32cube.ide.mcu.externaltools.gnu-tools-for-stm32.13.3.rel1.win32_1.0.100.202509120712/tools/bin/../lib/gcc/arm-none-eabi/13.3.1/../../../../arm-none-eabi/lib/thumb/v7e-m+fp/hard\libc_nano.a(libc_a-wsetup.o)
                              C:/ST/STM32CubeIDE_1.18.1/STM32CubeIDE/plugins/com.st.stm32cube.ide.mcu.externaltools.gnu-tools-for-stm32.13.3.rel1.win32_1.0.100.202509120712/tools/bin/../lib/gcc/arm-none-eabi/13.3.1/../../../../arm-none-eabi/lib/thumb/v7e-m+fp/hard\libc_nano.a(libc_a-puts.o) (__swsetup_r)
C:/ST/STM32CubeIDE_1.18.1/STM32CubeIDE/plugins/com.st.stm32cube.ide.mcu.externaltools.gnu-tools-for-stm32.13.3.rel1.win32_1.0.100.202509120712/tools/bin/../lib/gcc/arm-none-eabi/13.3.1/../../../../arm-none-eabi/lib/thumb/v7e-m+fp/hard\libc_nano.a(libc_a-memset.o)
                              C:/ST/STM32CubeIDE_1.18.1/STM32CubeIDE/plugins/com.st.stm32cube.ide.mcu.externaltools.gnu-tools-for-stm32.13.3.rel1.win32_1.0.100.202509120712/tools/bin/../lib/gcc/arm-none-eabi/13.3.1/../../../../arm-none-eabi/lib/thumb/v7e-m+fp/hard/crt0.o (memset)
[...]
Memory Configuration

Name             Origin             Length             Attributes
RAM              0x20000000         0x00018000         xrw
RAM2             0x10000000         0x00008000         xrw
FLASH            0x08000000         0x00100000         xr
*default*        0x00000000         0xffffffff

Linker script and memory map

LOAD C:/ST/STM32CubeIDE_1.18.1/STM32CubeIDE/plugins/com.st.stm32cube.ide.mcu.externaltools.gnu-tools-for-stm32.13.3.rel1.win32_1.0.100.202509120712/tools/bin/../lib/gcc/arm-none-eabi/13.3.1/thumb/v7e-m+fp/hard/crti.o
LOAD C:/ST/STM32CubeIDE_1.18.1/STM32CubeIDE/plugins/com.st.stm32cube.ide.mcu.externaltools.gnu-tools-for-stm32.13.3.rel1.win32_1.0.100.202509120712/tools/bin/../lib/gcc/arm-none-eabi/13.3.1/thumb/v7e-m+fp/hard/crtbegin.o
LOAD C:/ST/STM32CubeIDE_1.18.1/STM32CubeIDE/plugins/com.st.stm32cube.ide.mcu.externaltools.gnu-tools-for-stm32.13.3.rel1.win32_1.0.100.202509120712/tools/bin/../lib/gcc/arm-none-eabi/13.3.1/../../../../arm-none-eabi/lib/thumb/v7e-m+fp/hard/crt0.o
LOAD ./Core/Src/LinkedList.o
LOAD ./Core/Src/app_events.o
LOAD ./Core/Src/buff_manager.o
LOAD ./Core/Src/lora.o
LOAD ./Core/Src/main.o
LOAD ./Core/Src/stm32l4xx_hal_msp.o
LOAD ./Core/Src/stm32l4xx_it.o
LOAD ./Core/Src/syscalls.o
LOAD ./Core/Src/sysmem.o
LOAD ./Core/Src/system_stm32l4xx.o
LOAD ./Core/Startup/startup_stm32l476rgtx.o
LOAD ./Drivers/STM32L4xx_HAL_Driver/Src/stm32l4xx_hal.o
LOAD ./Drivers/STM32L4xx_HAL_Driver/Src/stm32l4xx_hal_cortex.o
LOAD ./Drivers/STM32L4xx_HAL_Driver/Src/stm32l4xx_hal_dma.o
LOAD ./Drivers/STM32L4xx_HAL_Driver/Src/stm32l4xx_hal_dma_ex.o
LOAD ./Drivers/STM32L4xx_HAL_Driver/Src/stm32l4xx_hal_exti.o
LOAD ./Drivers/STM32L4xx_HAL_Driver/Src/stm32l4xx_hal_flash.o
LOAD ./Drivers/STM32L4xx_HAL_Driver/Src/stm32l4xx_hal_flash_ex.o
LOAD ./Drivers/STM32L4xx_HAL_Driver/Src/stm32l4xx_hal_flash_ramfunc.o
LOAD ./Drivers/STM32L4xx_HAL_Driver/Src/stm32l4xx_hal_gpio.o
LOAD ./Drivers/STM32L4xx_HAL_Driver/Src/stm32l4xx_hal_i2c.o
LOAD ./Drivers/STM32L4xx_HAL_Driver/Src/stm32l4xx_hal_i2c_ex.o
LOAD ./Drivers/STM32L4xx_HAL_Driver/Src/stm32l4xx_hal_lptim.o
LOAD ./Drivers/STM32L4xx_HAL_Driver/Src/stm32l4xx_hal_pwr.o
LOAD ./Drivers/STM32L4xx_HAL_Driver/Src/stm32l4xx_hal_pwr_ex.o
LOAD ./Drivers/STM32L4xx_HAL_Driver/Src/stm32l4xx_hal_rcc.o
LOAD ./Drivers/STM32L4xx_HAL_Driver/Src/stm32l4xx_hal_rcc_ex.o
LOAD ./Drivers/STM32L4xx_HAL_Driver/Src/stm32l4xx_hal_rng.o
LOAD ./Drivers/STM32L4xx_HAL_Driver/Src/stm32l4xx_hal_rtc.o
LOAD ./Drivers/STM32L4xx_HAL_Driver/Src/stm32l4xx_hal_rtc_ex.o
LOAD ./Drivers/STM32L4xx_HAL_Driver/Src/stm32l4xx_hal_spi.o
LOAD ./Drivers/STM32L4xx_HAL_Driver/Src/stm32l4xx_hal_spi_ex.o
LOAD ./Drivers/STM32L4xx_HAL_Driver/Src/stm32l4xx_hal_uart.o
LOAD ./Drivers/STM32L4xx_HAL_Driver/Src/stm32l4xx_hal_uart_ex.o
START GROUP
LOAD C:/ST/STM32CubeIDE_1.18.1/STM32CubeIDE/plugins/com.st.stm32cube.ide.mcu.externaltools.gnu-tools-for-stm32.13.3.rel1.win32_1.0.100.202509120712/tools/bin/../lib/gcc/arm-none-eabi/13.3.1/../../../../arm-none-eabi/lib/thumb/v7e-m+fp/hard\libc_nano.a
LOAD C:/ST/STM32CubeIDE_1.18.1/STM32CubeIDE/plugins/com.st.stm32cube.ide.mcu.externaltools.gnu-tools-for-stm32.13.3.rel1.win32_1.0.100.202509120712/tools/bin/../lib/gcc/arm-none-eabi/13.3.1/../../../../arm-none-eabi/lib/thumb/v7e-m+fp/hard\libm.a
END GROUP
START GROUP
LOAD C:/ST/STM32CubeIDE_1.18.1/STM32CubeIDE/plugins/com.st.stm32cube.ide.mcu.externaltools.gnu-tools-for-stm32.13.3.rel1.win32_1.0.100.202509120712/tools/bin/../lib/gcc/arm-none-eabi/13.3.1/thumb/v7e-m+fp/hard\libgcc.a
LOAD C:/ST/STM32CubeIDE_1.18.1/STM32CubeIDE/plugins/com.st.stm32cube.ide.mcu.externaltools.gnu-tools-for-stm32.13.3.rel1.win32_1.0.100.202509120712/tools/bin/../lib/gcc/arm-none-eabi/13.3.1/../../../../arm-none-eabi/lib/thumb/v7e-m+fp/hard\libc_nano.a
END GROUP
START GROUP
LOAD C:/ST/STM32CubeIDE_1.18.1/STM32CubeIDE/plugins/com.st.stm32cube.ide.mcu.externaltools.gnu-tools-for-stm32.13.3.rel1.win32_1.0.100.202509120712/tools/bin/../lib/gcc/arm-none-eabi/13.3.1/thumb/v7e-m+fp/hard\libgcc.a
LOAD C:/ST/STM32CubeIDE_1.18.1/STM32CubeIDE/plugins/com.st.stm32cube.ide.mcu.externaltools.gnu-tools-for-stm32.13.3.rel1.win32_1.0.100.202509120712/tools/bin/../lib/gcc/arm-none-eabi/13.3.1/../../../../arm-none-eabi/lib/thumb/v7e-m+fp/hard\libc_nano.a
LOAD C:/ST/STM32CubeIDE_1.18.1/STM32CubeIDE/plugins/com.st.stm32cube.ide.mcu.externaltools.gnu-tools-for-stm32.13.3.rel1.win32_1.0.100.202509120712/tools/bin/../lib/gcc/arm-none-eabi/13.3.1/../../../../arm-none-eabi/lib/thumb/v7e-m+fp/hard\libnosys.a
END GROUP
START GROUP
LOAD C:/ST/STM32CubeIDE_1.18.1/STM32CubeIDE/plugins/com.st.stm32cube.ide.mcu.externaltools.gnu-tools-for-stm32.13.3.rel1.win32_1.0.100.202509120712/tools/bin/../lib/gcc/arm-none-eabi/13.3.1/thumb/v7e-m+fp/hard\libgcc.a
LOAD C:/ST/STM32CubeIDE_1.18.1/STM32CubeIDE/plugins/com.st.stm32cube.ide.mcu.externaltools.gnu-tools-for-stm32.13.3.rel1.win32_1.0.100.202509120712/tools/bin/../lib/gcc/arm-none-eabi/13.3.1/../../../../arm-none-eabi/lib/thumb/v7e-m+fp/hard\libc_nano.a
LOAD C:/ST/STM32CubeIDE_1.18.1/STM32CubeIDE/plugins/com.st.stm32cube.ide.mcu.externaltools.gnu-tools-for-stm32.13.3.rel1.win32_1.0.100.202509120712/tools/bin/../lib/gcc/arm-none-eabi/13.3.1/../../../../arm-none-eabi/lib/thumb/v7e-m+fp/hard\libnosys.a
END GROUP
LOAD C:/ST/STM32CubeIDE_1.18.1/STM32CubeIDE/plugins/com.st.stm32cube.ide.mcu.externaltools.gnu-tools-for-stm32.13.3.rel1.win32_1.0.100.202509120712/tools/bin/../lib/gcc/arm-none-eabi/13.3.1/thumb/v7e-m+fp/hard/crtend.o
LOAD C:/ST/STM32CubeIDE_1.18.1/STM32CubeIDE/plugins/com.st.stm32cube.ide.mcu.externaltools.gnu-tools-for-stm32.13.3.rel1.win32_1.0.100.202509120712/tools/bin/../lib/gcc/arm-none-eabi/13.3.1/thumb/v7e-m+fp/hard/crtn.o
                0x20018000                        _estack = (ORIGIN (RAM) + LENGTH (RAM))
                0x00000200                        _Min_Heap_Size = 0x200
                0x00000400                        _Min_Stack_Size = 0x400

.isr_vector     0x08000000      0x188
                0x08000000                        . = ALIGN (0x4)
 *(.isr_vector)
 .isr_vector    0x08000000      0x188 ./Core/Startup/startup_stm32l476rgtx.o
                0x08000000                g_pfnVectors
                0x08000188                        . = ALIGN (0x4)

.text           0x08000190     0x8024
                0x08000190                        . = ALIGN (0x4)
 *(.text)
 .text          0x08000190       0x40 C:/ST/STM32CubeIDE_1.18.1/STM32CubeIDE/plugins/com.st.stm32cube.ide.mcu.externaltools.gnu-tools-for-stm32.13.3.rel1.win32_1.0.100.202509120712/tools/bin/../lib/gcc/arm-none-eabi/13.3.1/thumb/v7e-m+fp/hard/crtbegin.o
 .text          0x080001d0       0xa0 C:/ST/STM32CubeIDE_1.18.1/STM32CubeIDE/plugins/com.st.stm32cube.ide.mcu.externaltools.gnu-tools-for-stm32.13.3.rel1.win32_1.0.100.202509120712/tools/bin/../lib/gcc/arm-none-eabi/13.3.1/../../../../arm-none-eabi/lib/thumb/v7e-m+fp/hard\libc_nano.a(libc_a-memchr.o)
                0x080001d0                memchr
 .text          0x08000270       0x30 C:/ST/STM32CubeIDE_1.18.1/STM32CubeIDE/plugins/com.st.stm32cube.ide.mcu.externaltools.gnu-tools-for-stm32.13.3.rel1.win32_1.0.100.202509120712/tools/bin/../lib/gcc/arm-none-eabi/13.3.1/thumb/v7e-m+fp/hard\libgcc.a(_aeabi_uldivmod.o)
                0x08000270                __aeabi_uldivmod
 .text          0x080002a0      0x2f8 C:/ST/STM32CubeIDE_1.18.1/STM32CubeIDE/plugins/com.st.stm32cube.ide.mcu.externaltools.gnu-tools-for-stm32.13.3.rel1.win32_1.0.100.202509120712/tools/bin/../lib/gcc/arm-none-eabi/13.3.1/thumb/v7e-m+fp/hard\libgcc.a(_udivmoddi4.o)
                0x080002a0                __udivmoddi4
 .text          0x08000598        0x4 C:/ST/STM32CubeIDE_1.18.1/STM32CubeIDE/plugins/com.st.stm32cube.ide.mcu.externaltools.gnu-tools-for-stm32.13.3.rel1.win32_1.0.100.202509120712/tools/bin/../lib/gcc/arm-none-eabi/13.3.1/thumb/v7e-m+fp/hard\libgcc.a(_dvmd_tls.o)
                0x08000598                __aeabi_idiv0
                0x08000598                __aeabi_ldiv0
 *(.text*)
 .text.init_LL  0x0800059c       0x5c ./Core/Src/LinkedList.o
                0x0800059c                init_LL
 .text.init_buffers
                0x080005f8       0x54 ./Core/Src/buff_manager.o
                0x080005f8                init_buffers
 .text.read_register
                0x0800064c       0x78 ./Core/Src/lora.o
 .text.write_register
                0x080006c4       0x62 ./Core/Src/lora.o
 *fill*         0x08000726        0x2 
 .text.rfm95_modify_power
                0x08000728       0xcc ./Core/Src/lora.o
 .text.rfm95_modify_SF
                0x080007f4       0xc8 ./Core/Src/lora.o
 .text.rfm95_modify_CR_BW
                0x080008bc       0x68 ./Core/Src/lora.o
 .text.rfm95_modify_frequency
                0x08000924       0xbc ./Core/Src/lora.o
 .text.rfm95_modify_syncWord
                0x080009e0       0x32 ./Core/Src/lora.o
 *fill*         0x08000a12        0x2 
 .text.config_load_default
                0x08000a14       0x80 ./Core/Src/lora.o
 .text.wait_for_irq
                0x08000a94       0x5c ./Core/Src/lora.o
 .text.rfm95_init
                0x08000af0      0x1ce ./Core/Src/lora.o
                0x08000af0                rfm95_init
 .text.reset_rfm
                0x08000cbe       0x3c ./Core/Src/lora.o
                0x08000cbe                reset_rfm
 .text.rfm95_set_power
                0x08000cfa       0x38 ./Core/Src/lora.o
                0x08000cfa                rfm95_set_power
 .text.rfm95_set_SF
                0x08000d32       0x20 ./Core/Src/lora.o
                0x08000d32                rfm95_set_SF
 .text.rfm95_set_CR
                0x08000d52       0x20 ./Core/Src/lora.o
                0x08000d52                rfm95_set_CR
 .text.rfm95_set_BW
                0x08000d72       0x20 ./Core/Src/lora.o
                0x08000d72                rfm95_set_BW
 *fill*         0x08000d92        0x2 
 .text.rfm95_set_frequency
                0x08000d94       0x40 ./Core/Src/lora.o
                0x08000d94                rfm95_set_frequency
 .text.rfm95_set_syncWord
                0x08000dd4       0x2e ./Core/Src/lora.o
                0x08000dd4                rfm95_set_syncWord
 .text.rfm95_stdby
                0x08000e02       0x4e ./Core/Src/lora.o
                0x08000e02                rfm95_stdby
 .text.rfm95_send
                0x08000e50      0x1f6 ./Core/Src/lora.o
                0x08000e50                rfm95_send
 .text.rfm95_enter_rx_mode
                0x08001046       0xe2 ./Core/Src/lora.o
                0x08001046                rfm95_enter_rx_mode
 .text.rfm95_receive
                0x08001128      0x14c ./Core/Src/lora.o
                0x08001128                rfm95_receive
 .text.rfm95_on_interrupt
                0x08001274       0x44 ./Core/Src/lora.o
                0x08001274                rfm95_on_interrupt
 .text.__NVIC_ClearPendingIRQ
                0x080012b8       0x3c ./Core/Src/main.o
 .text.main     0x080012f4      0xb38 ./Core/Src/main.o
                0x080012f4                main
 .text.SystemClock_Config
                0x08001e2c       0xc0 ./Core/Src/main.o
                0x08001e2c                SystemClock_Config
 .text.MX_LPTIM1_Init
                0x08001eec       0x58 ./Core/Src/main.o
 .text.MX_RNG_Init
                0x08001f44       0x28 ./Core/Src/main.o
 .text.MX_RTC_Init
                0x08001f6c       0xc0 ./Core/Src/main.o
 .text.MX_SPI3_Init
                0x0800202c       0x90 ./Core/Src/main.o
 .text.MX_USART2_UART_Init
                0x080020bc       0x60 ./Core/Src/main.o
 .text.MX_GPIO_Init
                0x0800211c      0x1d4 ./Core/Src/main.o
 .text.init_rfm
                0x080022f0       0xe0 ./Core/Src/main.o
 .text.get_precision_tick
                0x080023d0       0x30 ./Core/Src/main.o
 .text.precision_sleep_until
                0x08002400       0xb8 ./Core/Src/main.o
 .text.get_battery_level
                0x080024b8       0x10 ./Core/Src/main.o
 .text.rfm95_after_interrupts_configured
                0x080024c8       0x18 ./Core/Src/main.o
 .text.enterStopMode
                0x080024e0       0x5c ./Core/Src/main.o
                0x080024e0                enterStopMode
 .text.MySystemClock_Config
                0x0800253c       0xe4 ./Core/Src/main.o
                0x0800253c                MySystemClock_Config
 .text.HAL_LPTIM_AutoReloadMatchCallback
                0x08002620       0x24 ./Core/Src/main.o
                0x08002620                HAL_LPTIM_AutoReloadMatchCallback
 .text.HAL_LPTIM_CompareMatchCallback
                0x08002644       0x14 ./Core/Src/main.o
                0x08002644                HAL_LPTIM_CompareMatchCallback
 .text.HAL_RTCEx_WakeUpTimerEventCallback
                0x08002658       0x28 ./Core/Src/main.o
                0x08002658                HAL_RTCEx_WakeUpTimerEventCallback
 .text.HAL_GPIO_EXTI_Callback
                0x08002680       0x7c ./Core/Src/main.o
                0x08002680                HAL_GPIO_EXTI_Callback
 .text.build_pkt
                0x080026fc       0xbe ./Core/Src/main.o
                0x080026fc                build_pkt
 *fill*         0x080027ba        0x2 
 .text._write   0x080027bc       0x2c ./Core/Src/main.o
                0x080027bc                _write
 .text.Error_Handler
                0x080027e8        0xc ./Core/Src/main.o
                0x080027e8                Error_Handler
 .text.HAL_MspInit
                0x080027f4       0x48 ./Core/Src/stm32l4xx_hal_msp.o
                0x080027f4                HAL_MspInit
 .text.HAL_LPTIM_MspInit
                0x0800283c       0x78 ./Core/Src/stm32l4xx_hal_msp.o
                0x0800283c                HAL_LPTIM_MspInit
 .text.HAL_RNG_MspInit
                0x080028b4       0x6c ./Core/Src/stm32l4xx_hal_msp.o
                0x080028b4                HAL_RNG_MspInit
 .text.HAL_RTC_MspInit
                0x08002920       0x74 ./Core/Src/stm32l4xx_hal_msp.o
                0x08002920                HAL_RTC_MspInit
 .text.HAL_SPI_MspInit
                0x08002994       0xac ./Core/Src/stm32l4xx_hal_msp.o
                0x08002994                HAL_SPI_MspInit
 .text.HAL_UART_MspInit
                0x08002a40       0xb8 ./Core/Src/stm32l4xx_hal_msp.o
                0x08002a40                HAL_UART_MspInit
 .text.NMI_Handler
                0x08002af8        0x8 ./Core/Src/stm32l4xx_it.o
                0x08002af8                NMI_Handler
 .text.HardFault_Handler
                0x08002b00        0x8 ./Core/Src/stm32l4xx_it.o
                0x08002b00                HardFault_Handler
 .text.MemManage_Handler
                0x08002b08        0x8 ./Core/Src/stm32l4xx_it.o
                0x08002b08                MemManage_Handler
 .text.BusFault_Handler
                0x08002b10        0x8 ./Core/Src/stm32l4xx_it.o
                0x08002b10                BusFault_Handler
 .text.UsageFault_Handler
                0x08002b18        0x8 ./Core/Src/stm32l4xx_it.o
                0x08002b18                UsageFault_Handler
 .text.SVC_Handler
                0x08002b20        0xe ./Core/Src/stm32l4xx_it.o
                0x08002b20                SVC_Handler
 .text.DebugMon_Handler
                0x08002b2e        0xe ./Core/Src/stm32l4xx_it.o
                0x08002b2e                DebugMon_Handler
 .text.PendSV_Handler
                0x08002b3c        0xe ./Core/Src/stm32l4xx_it.o
                0x08002b3c                PendSV_Handler
 .text.SysTick_Handler
                0x08002b4a        0xc ./Core/Src/stm32l4xx_it.o
                0x08002b4a                SysTick_Handler
 *fill*         0x08002b56        0x2 
 .text.RTC_WKUP_IRQHandler
                0x08002b58       0x14 ./Core/Src/stm32l4xx_it.o
                0x08002b58                RTC_WKUP_IRQHandler
 .text.EXTI9_5_IRQHandler
                0x08002b6c       0x16 ./Core/Src/stm32l4xx_it.o
                0x08002b6c                EXTI9_5_IRQHandler
 .text.EXTI15_10_IRQHandler
                0x08002b82       0x18 ./Core/Src/stm32l4xx_it.o
                0x08002b82                EXTI15_10_IRQHandler
 *fill*         0x08002b9a        0x2 
 .text.LPTIM1_IRQHandler
                0x08002b9c       0x14 ./Core/Src/stm32l4xx_it.o
                0x08002b9c                LPTIM1_IRQHandler
 .text._read    0x08002bb0       0x3a ./Core/Src/syscalls.o
                0x08002bb0                _read
 .text._close   0x08002bea       0x18 ./Core/Src/syscalls.o
                0x08002bea                _close
 .text._fstat   0x08002c02       0x20 ./Core/Src/syscalls.o
                0x08002c02                _fstat
 .text._isatty  0x08002c22       0x16 ./Core/Src/syscalls.o
                0x08002c22                _isatty
 .text._lseek   0x08002c38       0x1a ./Core/Src/syscalls.o
                0x08002c38                _lseek
 *fill*         0x08002c52        0x2 
 .text._sbrk    0x08002c54       0x6c ./Core/Src/sysmem.o
                0x08002c54                _sbrk
 .text.SystemInit
                0x08002cc0       0x24 ./Core/Src/system_stm32l4xx.o
                0x08002cc0                SystemInit
 .text.Reset_Handler
                0x08002ce4       0x50 ./Core/Startup/startup_stm32l476rgtx.o
                0x08002ce4                Reset_Handler
 .text.Default_Handler
                0x08002d34        0x2 ./Core/Startup/startup_stm32l476rgtx.o
                0x08002d34                RTC_Alarm_IRQHandler
                0x08002d34                EXTI2_IRQHandler
                0x08002d34                TIM8_TRG_COM_IRQHandler
                0x08002d34                TIM8_CC_IRQHandler
                0x08002d34                TIM1_CC_IRQHandler
                0x08002d34                TSC_IRQHandler
                0x08002d34                TAMP_STAMP_IRQHandler
                0x08002d34                EXTI3_IRQHandler
                0x08002d34                LPTIM2_IRQHandler
                0x08002d34                DFSDM1_FLT1_IRQHandler
                0x08002d34                I2C3_ER_IRQHandler
                0x08002d34                DFSDM1_FLT2_IRQHandler
                0x08002d34                EXTI0_IRQHandler
                0x08002d34                I2C2_EV_IRQHandler
                0x08002d34                CAN1_RX0_IRQHandler
                0x08002d34                FPU_IRQHandler
                0x08002d34                TIM1_UP_TIM16_IRQHandler
                0x08002d34                ADC1_2_IRQHandler
                0x08002d34                SPI1_IRQHandler
                0x08002d34                TIM6_DAC_IRQHandler
                0x08002d34                TIM8_UP_IRQHandler
                0x08002d34                DMA2_Channel2_IRQHandler
                0x08002d34                DMA1_Channel4_IRQHandler
                0x08002d34                SAI2_IRQHandler
                0x08002d34                DFSDM1_FLT3_IRQHandler
                0x08002d34                USART3_IRQHandler
                0x08002d34                DMA1_Channel7_IRQHandler
                0x08002d34                CAN1_RX1_IRQHandler
                0x08002d34                LCD_IRQHandler
                0x08002d34                UART5_IRQHandler
                0x08002d34                ADC3_IRQHandler
                0x08002d34                TIM4_IRQHandler
                0x08002d34                DMA2_Channel1_IRQHandler
                0x08002d34                QUADSPI_IRQHandler
                0x08002d34                I2C1_EV_IRQHandler
                0x08002d34                DMA1_Channel6_IRQHandler
                0x08002d34                UART4_IRQHandler
                0x08002d34                DMA2_Channel4_IRQHandler
                0x08002d34                TIM3_IRQHandler
                0x08002d34                RCC_IRQHandler
                0x08002d34                DMA1_Channel1_IRQHandler
                0x08002d34                Default_Handler
                0x08002d34                DMA2_Channel7_IRQHandler
                0x08002d34                TIM7_IRQHandler
                0x08002d34                SDMMC1_IRQHandler
                0x08002d34                TIM5_IRQHandler
                0x08002d34                I2C3_EV_IRQHandler
                0x08002d34                PVD_PVM_IRQHandler
                0x08002d34                SPI2_IRQHandler
                0x08002d34                CAN1_TX_IRQHandler
                0x08002d34                DMA2_Channel5_IRQHandler
                0x08002d34                DMA1_Channel5_IRQHandler
                0x08002d34                EXTI4_IRQHandler
                0x08002d34                RNG_IRQHandler
                0x08002d34                TIM1_TRG_COM_TIM17_IRQHandler
                0x08002d34                DMA1_Channel3_IRQHandler
                0x08002d34                COMP_IRQHandler
                0x08002d34                WWDG_IRQHandler
                0x08002d34                LPUART1_IRQHandler
                0x08002d34                DMA2_Channel6_IRQHandler
                0x08002d34                TIM2_IRQHandler
                0x08002d34                EXTI1_IRQHandler
                0x08002d34                USART2_IRQHandler
                0x08002d34                DFSDM1_FLT0_IRQHandler
                0x08002d34                I2C2_ER_IRQHandler
                0x08002d34                DMA1_Channel2_IRQHandler
                0x08002d34                TIM8_BRK_IRQHandler
                0x08002d34                CAN1_SCE_IRQHandler
                0x08002d34                FLASH_IRQHandler
                0x08002d34                USART1_IRQHandler
                0x08002d34                OTG_FS_IRQHandler
                0x08002d34                SPI3_IRQHandler
                0x08002d34                I2C1_ER_IRQHandler
                0x08002d34                FMC_IRQHandler
                0x08002d34                SWPMI1_IRQHandler
                0x08002d34                SAI1_IRQHandler
                0x08002d34                DMA2_Channel3_IRQHandler
                0x08002d34                TIM1_BRK_TIM15_IRQHandler
 *fill*         0x08002d36        0x2 
 .text.HAL_Init
                0x08002d38       0x40 ./Drivers/STM32L4xx_HAL_Driver/Src/stm32l4xx_hal.o
                0x08002d38                HAL_Init
 .text.HAL_InitTick
                0x08002d78       0x78 ./Drivers/STM32L4xx_HAL_Driver/Src/stm32l4xx_hal.o
                0x08002d78                HAL_InitTick
 .text.HAL_IncTick
                0x08002df0       0x28 ./Drivers/STM32L4xx_HAL_Driver/Src/stm32l4xx_hal.o
                0x08002df0                HAL_IncTick
 .text.HAL_GetTick
                0x08002e18       0x18 ./Drivers/STM32L4xx_HAL_Driver/Src/stm32l4xx_hal.o
                0x08002e18                HAL_GetTick
 .text.HAL_Delay
                0x08002e30       0x48 ./Drivers/STM32L4xx_HAL_Driver/Src/stm32l4xx_hal.o
                0x08002e30                HAL_Delay
 .text.HAL_SuspendTick
                0x08002e78       0x20 ./Drivers/STM32L4xx_HAL_Driver/Src/stm32l4xx_hal.o
                0x08002e78                HAL_SuspendTick
 .text.HAL_ResumeTick
                0x08002e98       0x20 ./Drivers/STM32L4xx_HAL_Driver/Src/stm32l4xx_hal.o
                0x08002e98                HAL_ResumeTick
 .text.__NVIC_SetPriorityGrouping
                0x08002eb8       0x48 ./Drivers/STM32L4xx_HAL_Driver/Src/stm32l4xx_hal_cortex.o
 .text.__NVIC_GetPriorityGrouping
                0x08002f00       0x1c ./Drivers/STM32L4xx_HAL_Driver/Src/stm32l4xx_hal_cortex.o
 .text.__NVIC_EnableIRQ
                0x08002f1c       0x3c ./Drivers/STM32L4xx_HAL_Driver/Src/stm32l4xx_hal_cortex.o
 .text.__NVIC_SetPriority
                0x08002f58       0x54 ./Drivers/STM32L4xx_HAL_Driver/Src/stm32l4xx_hal_cortex.o
 .text.NVIC_EncodePriority
                0x08002fac       0x66 ./Drivers/STM32L4xx_HAL_Driver/Src/stm32l4xx_hal_cortex.o
 *fill*         0x08003012        0x2 
 .text.SysTick_Config
                0x08003014       0x44 ./Drivers/STM32L4xx_HAL_Driver/Src/stm32l4xx_hal_cortex.o
 .text.HAL_NVIC_SetPriorityGrouping
                0x08003058       0x16 ./Drivers/STM32L4xx_HAL_Driver/Src/stm32l4xx_hal_cortex.o
                0x08003058                HAL_NVIC_SetPriorityGrouping
 .text.HAL_NVIC_SetPriority
                0x0800306e       0x38 ./Drivers/STM32L4xx_HAL_Driver/Src/stm32l4xx_hal_cortex.o
                0x0800306e                HAL_NVIC_SetPriority
 .text.HAL_NVIC_EnableIRQ
                0x080030a6       0x1c ./Drivers/STM32L4xx_HAL_Driver/Src/stm32l4xx_hal_cortex.o
                0x080030a6                HAL_NVIC_EnableIRQ
 .text.HAL_SYSTICK_Config
                0x080030c2       0x18 ./Drivers/STM32L4xx_HAL_Driver/Src/stm32l4xx_hal_cortex.o
                0x080030c2                HAL_SYSTICK_Config
 *fill*         0x080030da        0x2 
 .text.HAL_GPIO_Init
                0x080030dc      0x354 ./Drivers/STM32L4xx_HAL_Driver/Src/stm32l4xx_hal_gpio.o
                0x080030dc                HAL_GPIO_Init
 .text.HAL_GPIO_WritePin
                0x08003430       0x30 ./Drivers/STM32L4xx_HAL_Driver/Src/stm32l4xx_hal_gpio.o
                0x08003430                HAL_GPIO_WritePin
 .text.HAL_GPIO_EXTI_IRQHandler
                0x08003460       0x30 ./Drivers/STM32L4xx_HAL_Driver/Src/stm32l4xx_hal_gpio.o
                0x08003460                HAL_GPIO_EXTI_IRQHandler
 .text.HAL_LPTIM_Init
                0x08003490      0x144 ./Drivers/STM32L4xx_HAL_Driver/Src/stm32l4xx_hal_lptim.o
                0x08003490                HAL_LPTIM_Init
 .text.HAL_LPTIM_Counter_Start_IT
                0x080035d4       0xfc ./Drivers/STM32L4xx_HAL_Driver/Src/stm32l4xx_hal_lptim.o
                0x080035d4                HAL_LPTIM_Counter_Start_IT
 .text.HAL_LPTIM_Counter_Stop_IT
                0x080036d0       0x84 ./Drivers/STM32L4xx_HAL_Driver/Src/stm32l4xx_hal_lptim.o
                0x080036d0                HAL_LPTIM_Counter_Stop_IT
 .text.HAL_LPTIM_ReadCounter
                0x08003754       0x1a ./Drivers/STM32L4xx_HAL_Driver/Src/stm32l4xx_hal_lptim.o
                0x08003754                HAL_LPTIM_ReadCounter
 .text.HAL_LPTIM_IRQHandler
                0x0800376e      0x136 ./Drivers/STM32L4xx_HAL_Driver/Src/stm32l4xx_hal_lptim.o
                0x0800376e                HAL_LPTIM_IRQHandler
 .text.HAL_LPTIM_TriggerCallback
                0x080038a4       0x14 ./Drivers/STM32L4xx_HAL_Driver/Src/stm32l4xx_hal_lptim.o
                0x080038a4                HAL_LPTIM_TriggerCallback
 .text.HAL_LPTIM_CompareWriteCallback
                0x080038b8       0x14 ./Drivers/STM32L4xx_HAL_Driver/Src/stm32l4xx_hal_lptim.o
                0x080038b8                HAL_LPTIM_CompareWriteCallback
 .text.HAL_LPTIM_AutoReloadWriteCallback
                0x080038cc       0x14 ./Drivers/STM32L4xx_HAL_Driver/Src/stm32l4xx_hal_lptim.o
                0x080038cc                HAL_LPTIM_AutoReloadWriteCallback
 .text.HAL_LPTIM_DirectionUpCallback
                0x080038e0       0x14 ./Drivers/STM32L4xx_HAL_Driver/Src/stm32l4xx_hal_lptim.o
                0x080038e0                HAL_LPTIM_DirectionUpCallback
 .text.HAL_LPTIM_DirectionDownCallback
                0x080038f4       0x14 ./Drivers/STM32L4xx_HAL_Driver/Src/stm32l4xx_hal_lptim.o
                0x080038f4                HAL_LPTIM_DirectionDownCallback
 .text.HAL_LPTIM_GetState
                0x08003908       0x1c ./Drivers/STM32L4xx_HAL_Driver/Src/stm32l4xx_hal_lptim.o
                0x08003908                HAL_LPTIM_GetState
 .text.LPTIM_WaitForFlag
                0x08003924       0x60 ./Drivers/STM32L4xx_HAL_Driver/Src/stm32l4xx_hal_lptim.o
 .text.LPTIM_Disable
                0x08003984      0x200 ./Drivers/STM32L4xx_HAL_Driver/Src/stm32l4xx_hal_lptim.o
                0x08003984                LPTIM_Disable
 .text.HAL_PWR_EnableBkUpAccess
                0x08003b84       0x20 ./Drivers/STM32L4xx_HAL_Driver/Src/stm32l4xx_hal_pwr.o
                0x08003b84                HAL_PWR_EnableBkUpAccess
 .text.HAL_PWREx_GetVoltageRange
                0x08003ba4       0x1c ./Drivers/STM32L4xx_HAL_Driver/Src/stm32l4xx_hal_pwr_ex.o
                0x08003ba4                HAL_PWREx_GetVoltageRange
 .text.HAL_PWREx_ControlVoltageScaling
                0x08003bc0       0xac ./Drivers/STM32L4xx_HAL_Driver/Src/stm32l4xx_hal_pwr_ex.o
                0x08003bc0                HAL_PWREx_ControlVoltageScaling
 .text.HAL_PWREx_EnterSTOP2Mode
                0x08003c6c       0x58 ./Drivers/STM32L4xx_HAL_Driver/Src/stm32l4xx_hal_pwr_ex.o
                0x08003c6c                HAL_PWREx_EnterSTOP2Mode
 .text.HAL_RCC_OscConfig
                0x08003cc4      0x7b8 ./Drivers/STM32L4xx_HAL_Driver/Src/stm32l4xx_hal_rcc.o
                0x08003cc4                HAL_RCC_OscConfig
 .text.HAL_RCC_ClockConfig
                0x0800447c      0x200 ./Drivers/STM32L4xx_HAL_Driver/Src/stm32l4xx_hal_rcc.o
                0x0800447c                HAL_RCC_ClockConfig
 .text.HAL_RCC_GetSysClockFreq
                0x0800467c      0x118 ./Drivers/STM32L4xx_HAL_Driver/Src/stm32l4xx_hal_rcc.o
                0x0800467c                HAL_RCC_GetSysClockFreq
 .text.HAL_RCC_GetHCLKFreq
                0x08004794       0x18 ./Drivers/STM32L4xx_HAL_Driver/Src/stm32l4xx_hal_rcc.o
                0x08004794                HAL_RCC_GetHCLKFreq
 .text.HAL_RCC_GetPCLK1Freq
                0x080047ac       0x2c ./Drivers/STM32L4xx_HAL_Driver/Src/stm32l4xx_hal_rcc.o
                0x080047ac                HAL_RCC_GetPCLK1Freq
 .text.HAL_RCC_GetPCLK2Freq
                0x080047d8       0x2c ./Drivers/STM32L4xx_HAL_Driver/Src/stm32l4xx_hal_rcc.o
                0x080047d8                HAL_RCC_GetPCLK2Freq
 .text.RCC_SetFlashLatencyFromMSIRange
                0x08004804       0xc0 ./Drivers/STM32L4xx_HAL_Driver/Src/stm32l4xx_hal_rcc.o
 .text.HAL_RCCEx_PeriphCLKConfig
                0x080048c4      0x5d4 ./Drivers/STM32L4xx_HAL_Driver/Src/stm32l4xx_hal_rcc_ex.o
                0x080048c4                HAL_RCCEx_PeriphCLKConfig
 .text.RCCEx_PLLSAI1_Config
                0x08004e98      0x1e8 ./Drivers/STM32L4xx_HAL_Driver/Src/stm32l4xx_hal_rcc_ex.o
 .text.RCCEx_PLLSAI2_Config
                0x08005080      0x1bc ./Drivers/STM32L4xx_HAL_Driver/Src/stm32l4xx_hal_rcc_ex.o
 .text.HAL_RNG_Init
                0x0800523c       0xae ./Drivers/STM32L4xx_HAL_Driver/Src/stm32l4xx_hal_rng.o
                0x0800523c                HAL_RNG_Init
 .text.HAL_RTC_Init
                0x080052ea      0x110 ./Drivers/STM32L4xx_HAL_Driver/Src/stm32l4xx_hal_rtc.o
                0x080052ea                HAL_RTC_Init
 .text.HAL_RTC_SetTime
                0x080053fa      0x13a ./Drivers/STM32L4xx_HAL_Driver/Src/stm32l4xx_hal_rtc.o
                0x080053fa                HAL_RTC_SetTime
 .text.HAL_RTC_SetDate
                0x08005534      0x10e ./Drivers/STM32L4xx_HAL_Driver/Src/stm32l4xx_hal_rtc.o
                0x08005534                HAL_RTC_SetDate
 *fill*         0x08005642        0x2 
 .text.HAL_RTC_WaitForSynchro
                0x08005644       0x48 ./Drivers/STM32L4xx_HAL_Driver/Src/stm32l4xx_hal_rtc.o
                0x08005644                HAL_RTC_WaitForSynchro
 .text.RTC_EnterInitMode
                0x0800568c       0x66 ./Drivers/STM32L4xx_HAL_Driver/Src/stm32l4xx_hal_rtc.o
                0x0800568c                RTC_EnterInitMode
 *fill*         0x080056f2        0x2 
 .text.RTC_ExitInitMode
                0x080056f4       0x7c ./Drivers/STM32L4xx_HAL_Driver/Src/stm32l4xx_hal_rtc.o
                0x080056f4                RTC_ExitInitMode
 .text.RTC_ByteToBcd2
                0x08005770       0x40 ./Drivers/STM32L4xx_HAL_Driver/Src/stm32l4xx_hal_rtc.o
                0x08005770                RTC_ByteToBcd2
 .text.HAL_RTCEx_DeactivateWakeUpTimer
                0x080057b0       0xba ./Drivers/STM32L4xx_HAL_Driver/Src/stm32l4xx_hal_rtc_ex.o
                0x080057b0                HAL_RTCEx_DeactivateWakeUpTimer
 *fill*         0x0800586a        0x2 
 .text.HAL_RTCEx_WakeUpTimerIRQHandler
                0x0800586c       0x4c ./Drivers/STM32L4xx_HAL_Driver/Src/stm32l4xx_hal_rtc_ex.o
                0x0800586c                HAL_RTCEx_WakeUpTimerIRQHandler
 .text.HAL_SPI_Init
                0x080058b8      0x146 ./Drivers/STM32L4xx_HAL_Driver/Src/stm32l4xx_hal_spi.o
                0x080058b8                HAL_SPI_Init
 .text.HAL_SPI_Transmit
                0x080059fe      0x2ec ./Drivers/STM32L4xx_HAL_Driver/Src/stm32l4xx_hal_spi.o
                0x080059fe                HAL_SPI_Transmit
 .text.HAL_SPI_Receive
                0x08005cea      0x270 ./Drivers/STM32L4xx_HAL_Driver/Src/stm32l4xx_hal_spi.o
                0x08005cea                HAL_SPI_Receive
 .text.HAL_SPI_TransmitReceive
                0x08005f5a      0x43e ./Drivers/STM32L4xx_HAL_Driver/Src/stm32l4xx_hal_spi.o
                0x08005f5a                HAL_SPI_TransmitReceive
 .text.SPI_WaitFlagStateUntilTimeout
                0x08006398      0x110 ./Drivers/STM32L4xx_HAL_Driver/Src/stm32l4xx_hal_spi.o
 .text.SPI_WaitFifoStateUntilTimeout
                0x080064a8      0x12c ./Drivers/STM32L4xx_HAL_Driver/Src/stm32l4xx_hal_spi.o
 .text.SPI_EndRxTransaction
                0x080065d4       0xb0 ./Drivers/STM32L4xx_HAL_Driver/Src/stm32l4xx_hal_spi.o
 .text.SPI_EndRxTxTransaction
                0x08006684       0x8c ./Drivers/STM32L4xx_HAL_Driver/Src/stm32l4xx_hal_spi.o
 .text.HAL_UART_Init
                0x08006710       0x9c ./Drivers/STM32L4xx_HAL_Driver/Src/stm32l4xx_hal_uart.o
                0x08006710                HAL_UART_Init
 .text.HAL_UART_Transmit
                0x080067ac      0x112 ./Drivers/STM32L4xx_HAL_Driver/Src/stm32l4xx_hal_uart.o
                0x080067ac                HAL_UART_Transmit
 *fill*         0x080068be        0x2 
 .text.UART_SetConfig
                0x080068c0      0x570 ./Drivers/STM32L4xx_HAL_Driver/Src/stm32l4xx_hal_uart.o
                0x080068c0                UART_SetConfig
 .text.UART_AdvFeatureConfig
                0x08006e30      0x144 ./Drivers/STM32L4xx_HAL_Driver/Src/stm32l4xx_hal_uart.o
                0x08006e30                UART_AdvFeatureConfig
 .text.UART_CheckIdleState
                0x08006f74      0x150 ./Drivers/STM32L4xx_HAL_Driver/Src/stm32l4xx_hal_uart.o
                0x08006f74                UART_CheckIdleState
 .text.UART_WaitOnFlagUntilTimeout
                0x080070c4       0xda ./Drivers/STM32L4xx_HAL_Driver/Src/stm32l4xx_hal_uart.o
                0x080070c4                UART_WaitOnFlagUntilTimeout
 .text.UART_EndRxTransfer
                0x0800719e       0xc8 ./Drivers/STM32L4xx_HAL_Driver/Src/stm32l4xx_hal_uart.o
 *fill*         0x08007266        0x2 
 .text.std      0x08007268       0x6c C:/ST/STM32CubeIDE_1.18.1/STM32CubeIDE/plugins/com.st.stm32cube.ide.mcu.externaltools.gnu-tools-for-stm32.13.3.rel1.win32_1.0.100.202509120712/tools/bin/../lib/gcc/arm-none-eabi/13.3.1/../../../../arm-none-eabi/lib/thumb/v7e-m+fp/hard\libc_nano.a(libc_a-findfp.o)
 .text.stdio_exit_handler
                0x080072d4       0x18 C:/ST/STM32CubeIDE_1.18.1/STM32CubeIDE/plugins/com.st.stm32cube.ide.mcu.externaltools.gnu-tools-for-stm32.13.3.rel1.win32_1.0.100.202509120712/tools/bin/../lib/gcc/arm-none-eabi/13.3.1/../../../../arm-none-eabi/lib/thumb/v7e-m+fp/hard\libc_nano.a(libc_a-findfp.o)
 .text.cleanup_stdio
                0x080072ec       0x40 C:/ST/STM32CubeIDE_1.18.1/STM32CubeIDE/plugins/com.st.stm32cube.ide.mcu.externaltools.gnu-tools-for-stm32.13.3.rel1.win32_1.0.100.202509120712/tools/bin/../lib/gcc/arm-none-eabi/13.3.1/../../../../arm-none-eabi/lib/thumb/v7e-m+fp/hard\libc_nano.a(libc_a-findfp.o)
 .text.global_stdio_init.part.0
                0x0800732c       0x3c C:/ST/STM32CubeIDE_1.18.1/STM32CubeIDE/plugins/com.st.stm32cube.ide.mcu.externaltools.gnu-tools-for-stm32.13.3.rel1.win32_1.0.100.202509120712/tools/bin/../lib/gcc/arm-none-eabi/13.3.1/../../../../arm-none-eabi/lib/thumb/v7e-m+fp/hard\libc_nano.a(libc_a-findfp.o)
 .text.__sfp_lock_acquire
                0x08007368        0xc C:/ST/STM32CubeIDE_1.18.1/STM32CubeIDE/plugins/com.st.stm32cube.ide.mcu.externaltools.gnu-tools-for-stm32.13.3.rel1.win32_1.0.100.202509120712/tools/bin/../lib/gcc/arm-none-eabi/13.3.1/../../../../arm-none-eabi/lib/thumb/v7e-m+fp/hard\libc_nano.a(libc_a-findfp.o)
                0x08007368                __sfp_lock_acquire
 .text.__sfp_lock_release
                0x08007374        0xc C:/ST/STM32CubeIDE_1.18.1/STM32CubeIDE/plugins/com.st.stm32cube.ide.mcu.externaltools.gnu-tools-for-stm32.13.3.rel1.win32_1.0.100.202509120712/tools/bin/../lib/gcc/arm-none-eabi/13.3.1/../../../../arm-none-eabi/lib/thumb/v7e-m+fp/hard\libc_nano.a(libc_a-findfp.o)
                0x08007374                __sfp_lock_release
 .text.__sinit  0x08007380       0x30 C:/ST/STM32CubeIDE_1.18.1/STM32CubeIDE/plugins/com.st.stm32cube.ide.mcu.externaltools.gnu-tools-for-stm32.13.3.rel1.win32_1.0.100.202509120712/tools/bin/../lib/gcc/arm-none-eabi/13.3.1/../../../../arm-none-eabi/lib/thumb/v7e-m+fp/hard\libc_nano.a(libc_a-findfp.o)
                0x08007380                __sinit
 .text._fwalk_sglue
                0x080073b0       0x3c C:/ST/STM32CubeIDE_1.18.1/STM32CubeIDE/plugins/com.st.stm32cube.ide.mcu.externaltools.gnu-tools-for-stm32.13.3.rel1.win32_1.0.100.202509120712/tools/bin/../lib/gcc/arm-none-eabi/13.3.1/../../../../arm-none-eabi/lib/thumb/v7e-m+fp/hard\libc_nano.a(libc_a-fwalk.o)
                0x080073b0                _fwalk_sglue
 .text.printf   0x080073ec       0x24 C:/ST/STM32CubeIDE_1.18.1/STM32CubeIDE/plugins/com.st.stm32cube.ide.mcu.externaltools.gnu-tools-for-stm32.13.3.rel1.win32_1.0.100.202509120712/tools/bin/../lib/gcc/arm-none-eabi/13.3.1/../../../../arm-none-eabi/lib/thumb/v7e-m+fp/hard\libc_nano.a(libc_a-printf.o)
                0x080073ec                iprintf
                0x080073ec                printf
 .text._puts_r  0x08007410       0xaa C:/ST/STM32CubeIDE_1.18.1/STM32CubeIDE/plugins/com.st.stm32cube.ide.mcu.externaltools.gnu-tools-for-stm32.13.3.rel1.win32_1.0.100.202509120712/tools/bin/../lib/gcc/arm-none-eabi/13.3.1/../../../../arm-none-eabi/lib/thumb/v7e-m+fp/hard\libc_nano.a(libc_a-puts.o)
                0x08007410                _puts_r
 *fill*         0x080074ba        0x2 
 .text.puts     0x080074bc       0x10 C:/ST/STM32CubeIDE_1.18.1/STM32CubeIDE/plugins/com.st.stm32cube.ide.mcu.externaltools.gnu-tools-for-stm32.13.3.rel1.win32_1.0.100.202509120712/tools/bin/../lib/gcc/arm-none-eabi/13.3.1/../../../../arm-none-eabi/lib/thumb/v7e-m+fp/hard\libc_nano.a(libc_a-puts.o)
                0x080074bc                puts
 .text.__sread  0x080074cc       0x22 C:/ST/STM32CubeIDE_1.18.1/STM32CubeIDE/plugins/com.st.stm32cube.ide.mcu.externaltools.gnu-tools-for-stm32.13.3.rel1.win32_1.0.100.202509120712/tools/bin/../lib/gcc/arm-none-eabi/13.3.1/../../../../arm-none-eabi/lib/thumb/v7e-m+fp/hard\libc_nano.a(libc_a-stdio.o)
                0x080074cc                __sread
 .text.__swrite
                0x080074ee       0x38 C:/ST/STM32CubeIDE_1.18.1/STM32CubeIDE/plugins/com.st.stm32cube.ide.mcu.externaltools.gnu-tools-for-stm32.13.3.rel1.win32_1.0.100.202509120712/tools/bin/../lib/gcc/arm-none-eabi/13.3.1/../../../../arm-none-eabi/lib/thumb/v7e-m+fp/hard\libc_nano.a(libc_a-stdio.o)
                0x080074ee                __swrite
 .text.__sseek  0x08007526       0x24 C:/ST/STM32CubeIDE_1.18.1/STM32CubeIDE/plugins/com.st.stm32cube.ide.mcu.externaltools.gnu-tools-for-stm32.13.3.rel1.win32_1.0.100.202509120712/tools/bin/../lib/gcc/arm-none-eabi/13.3.1/../../../../arm-none-eabi/lib/thumb/v7e-m+fp/hard\libc_nano.a(libc_a-stdio.o)
                0x08007526                __sseek
 .text.__sclose
                0x0800754a        0x8 C:/ST/STM32CubeIDE_1.18.1/STM32CubeIDE/plugins/com.st.stm32cube.ide.mcu.externaltools.gnu-tools-for-stm32.13.3.rel1.win32_1.0.100.202509120712/tools/bin/../lib/gcc/arm-none-eabi/13.3.1/../../../../arm-none-eabi/lib/thumb/v7e-m+fp/hard\libc_nano.a(libc_a-stdio.o)
                0x0800754a                __sclose
 .text.__swbuf_r
                0x08007552       0x7c C:/ST/STM32CubeIDE_1.18.1/STM32CubeIDE/plugins/com.st.stm32cube.ide.mcu.externaltools.gnu-tools-for-stm32.13.3.rel1.win32_1.0.100.202509120712/tools/bin/../lib/gcc/arm-none-eabi/13.3.1/../../../../arm-none-eabi/lib/thumb/v7e-m+fp/hard\libc_nano.a(libc_a-wbuf.o)
                0x08007552                __swbuf_r
 *fill*         0x080075ce        0x2 
 .text.__swsetup_r
                0x080075d0       0xac C:/ST/STM32CubeIDE_1.18.1/STM32CubeIDE/plugins/com.st.stm32cube.ide.mcu.externaltools.gnu-tools-for-stm32.13.3.rel1.win32_1.0.100.202509120712/tools/bin/../lib/gcc/arm-none-eabi/13.3.1/../../../../arm-none-eabi/lib/thumb/v7e-m+fp/hard\libc_nano.a(libc_a-wsetup.o)
                0x080075d0                __swsetup_r
 .text.memset   0x0800767c       0x10 C:/ST/STM32CubeIDE_1.18.1/STM32CubeIDE/plugins/com.st.stm32cube.ide.mcu.externaltools.gnu-tools-for-stm32.13.3.rel1.win32_1.0.100.202509120712/tools/bin/../lib/gcc/arm-none-eabi/13.3.1/../../../../arm-none-eabi/lib/thumb/v7e-m+fp/hard\libc_nano.a(libc_a-memset.o)
                0x0800767c                memset
 .text._close_r
                0x0800768c       0x20 C:/ST/STM32CubeIDE_1.18.1/STM32CubeIDE/plugins/com.st.stm32cube.ide.mcu.externaltools.gnu-tools-for-stm32.13.3.rel1.win32_1.0.100.202509120712/tools/bin/../lib/gcc/arm-none-eabi/13.3.1/../../../../arm-none-eabi/lib/thumb/v7e-m+fp/hard\libc_nano.a(libc_a-closer.o)
                0x0800768c                _close_r
 .text._lseek_r
                0x080076ac       0x24 C:/ST/STM32CubeIDE_1.18.1/STM32CubeIDE/plugins/com.st.stm32cube.ide.mcu.externaltools.gnu-tools-for-stm32.13.3.rel1.win32_1.0.100.202509120712/tools/bin/../lib/gcc/arm-none-eabi/13.3.1/../../../../arm-none-eabi/lib/thumb/v7e-m+fp/hard\libc_nano.a(libc_a-lseekr.o)
                0x080076ac                _lseek_r
 .text._read_r  0x080076d0       0x24 C:/ST/STM32CubeIDE_1.18.1/STM32CubeIDE/plugins/com.st.stm32cube.ide.mcu.externaltools.gnu-tools-for-stm32.13.3.rel1.win32_1.0.100.202509120712/tools/bin/../lib/gcc/arm-none-eabi/13.3.1/../../../../arm-none-eabi/lib/thumb/v7e-m+fp/hard\libc_nano.a(libc_a-readr.o)
                0x080076d0                _read_r
 .text._write_r
                0x080076f4       0x24 C:/ST/STM32CubeIDE_1.18.1/STM32CubeIDE/plugins/com.st.stm32cube.ide.mcu.externaltools.gnu-tools-for-stm32.13.3.rel1.win32_1.0.100.202509120712/tools/bin/../lib/gcc/arm-none-eabi/13.3.1/../../../../arm-none-eabi/lib/thumb/v7e-m+fp/hard\libc_nano.a(libc_a-writer.o)
                0x080076f4                _write_r
 .text.__errno  0x08007718        0xc C:/ST/STM32CubeIDE_1.18.1/STM32CubeIDE/plugins/com.st.stm32cube.ide.mcu.externaltools.gnu-tools-for-stm32.13.3.rel1.win32_1.0.100.202509120712/tools/bin/../lib/gcc/arm-none-eabi/13.3.1/../../../../arm-none-eabi/lib/thumb/v7e-m+fp/hard\libc_nano.a(libc_a-errno.o)
                0x08007718                __errno
 .text.__libc_init_array
                0x08007724       0x48 C:/ST/STM32CubeIDE_1.18.1/STM32CubeIDE/plugins/com.st.stm32cube.ide.mcu.externaltools.gnu-tools-for-stm32.13.3.rel1.win32_1.0.100.202509120712/tools/bin/../lib/gcc/arm-none-eabi/13.3.1/../../../../arm-none-eabi/lib/thumb/v7e-m+fp/hard\libc_nano.a(libc_a-init.o)
                0x08007724                __libc_init_array
 .text.__retarget_lock_init_recursive
                0x0800776c        0x2 C:/ST/STM32CubeIDE_1.18.1/STM32CubeIDE/plugins/com.st.stm32cube.ide.mcu.externaltools.gnu-tools-for-stm32.13.3.rel1.win32_1.0.100.202509120712/tools/bin/../lib/gcc/arm-none-eabi/13.3.1/../../../../arm-none-eabi/lib/thumb/v7e-m+fp/hard\libc_nano.a(libc_a-lock.o)
                0x0800776c                __retarget_lock_init_recursive
 .text.__retarget_lock_acquire_recursive
                0x0800776e        0x2 C:/ST/STM32CubeIDE_1.18.1/STM32CubeIDE/plugins/com.st.stm32cube.ide.mcu.externaltools.gnu-tools-for-stm32.13.3.rel1.win32_1.0.100.202509120712/tools/bin/../lib/gcc/arm-none-eabi/13.3.1/../../../../arm-none-eabi/lib/thumb/v7e-m+fp/hard\libc_nano.a(libc_a-lock.o)
                0x0800776e                __retarget_lock_acquire_recursive
 .text.__retarget_lock_release_recursive
                0x08007770        0x2 C:/ST/STM32CubeIDE_1.18.1/STM32CubeIDE/plugins/com.st.stm32cube.ide.mcu.externaltools.gnu-tools-for-stm32.13.3.rel1.win32_1.0.100.202509120712/tools/bin/../lib/gcc/arm-none-eabi/13.3.1/../../../../arm-none-eabi/lib/thumb/v7e-m+fp/hard\libc_nano.a(libc_a-lock.o)
                0x08007770                __retarget_lock_release_recursive
 .text.memcpy   0x08007772       0x1c C:/ST/STM32CubeIDE_1.18.1/STM32CubeIDE/plugins/com.st.stm32cube.ide.mcu.externaltools.gnu-tools-for-stm32.13.3.rel1.win32_1.0.100.202509120712/tools/bin/../lib/gcc/arm-none-eabi/13.3.1/../../../../arm-none-eabi/lib/thumb/v7e-m+fp/hard\libc_nano.a(libc_a-memcpy-stub.o)
                0x08007772                memcpy
 *fill*         0x0800778e        0x2 
 .text._free_r  0x08007790       0x94 C:/ST/STM32CubeIDE_1.18.1/STM32CubeIDE/plugins/com.st.stm32cube.ide.mcu.externaltools.gnu-tools-for-stm32.13.3.rel1.win32_1.0.100.202509120712/tools/bin/../lib/gcc/arm-none-eabi/13.3.1/../../../../arm-none-eabi/lib/thumb/v7e-m+fp/hard\libc_nano.a(libc_a-freer.o)
                0x08007790                _free_r
 .text.sbrk_aligned
                0x08007824       0x44 C:/ST/STM32CubeIDE_1.18.1/STM32CubeIDE/plugins/com.st.stm32cube.ide.mcu.externaltools.gnu-tools-for-stm32.13.3.rel1.win32_1.0.100.202509120712/tools/bin/../lib/gcc/arm-none-eabi/13.3.1/../../../../arm-none-eabi/lib/thumb/v7e-m+fp/hard\libc_nano.a(libc_a-mallocr.o)
 .text._malloc_r
                0x08007868      0x100 C:/ST/STM32CubeIDE_1.18.1/STM32CubeIDE/plugins/com.st.stm32cube.ide.mcu.externaltools.gnu-tools-for-stm32.13.3.rel1.win32_1.0.100.202509120712/tools/bin/../lib/gcc/arm-none-eabi/13.3.1/../../../../arm-none-eabi/lib/thumb/v7e-m+fp/hard\libc_nano.a(libc_a-mallocr.o)
                0x08007868                _malloc_r
 .text.__malloc_lock
                0x08007968        0xc C:/ST/STM32CubeIDE_1.18.1/STM32CubeIDE/plugins/com.st.stm32cube.ide.mcu.externaltools.gnu-tools-for-stm32.13.3.rel1.win32_1.0.100.202509120712/tools/bin/../lib/gcc/arm-none-eabi/13.3.1/../../../../arm-none-eabi/lib/thumb/v7e-m+fp/hard\libc_nano.a(libc_a-mlock.o)
                0x08007968                __malloc_lock
 .text.__malloc_unlock
                0x08007974        0xc C:/ST/STM32CubeIDE_1.18.1/STM32CubeIDE/plugins/com.st.stm32cube.ide.mcu.externaltools.gnu-tools-for-stm32.13.3.rel1.win32_1.0.100.202509120712/tools/bin/../lib/gcc/arm-none-eabi/13.3.1/../../../../arm-none-eabi/lib/thumb/v7e-m+fp/hard\libc_nano.a(libc_a-mlock.o)
                0x08007974                __malloc_unlock
 .text.__sfputc_r
                0x08007980       0x2e C:/ST/STM32CubeIDE_1.18.1/STM32CubeIDE/plugins/com.st.stm32cube.ide.mcu.externaltools.gnu-tools-for-stm32.13.3.rel1.win32_1.0.100.202509120712/tools/bin/../lib/gcc/arm-none-eabi/13.3.1/../../../../arm-none-eabi/lib/thumb/v7e-m+fp/hard\libc_nano.a(libc_a-nano-vfprintf.o)
 .text.__sfputs_r
                0x080079ae       0x24 C:/ST/STM32CubeIDE_1.18.1/STM32CubeIDE/plugins/com.st.stm32cube.ide.mcu.externaltools.gnu-tools-for-stm32.13.3.rel1.win32_1.0.100.202509120712/tools/bin/../lib/gcc/arm-none-eabi/13.3.1/../../../../arm-none-eabi/lib/thumb/v7e-m+fp/hard\libc_nano.a(libc_a-nano-vfprintf.o)
                0x080079ae                __sfputs_r
 *fill*         0x080079d2        0x2 
 .text._vfprintf_r
                0x080079d4      0x230 C:/ST/STM32CubeIDE_1.18.1/STM32CubeIDE/plugins/com.st.stm32cube.ide.mcu.externaltools.gnu-tools-for-stm32.13.3.rel1.win32_1.0.100.202509120712/tools/bin/../lib/gcc/arm-none-eabi/13.3.1/../../../../arm-none-eabi/lib/thumb/v7e-m+fp/hard\libc_nano.a(libc_a-nano-vfprintf.o)
                0x080079d4                _vfprintf_r
                0x080079d4                _vfiprintf_r
 .text._printf_common
                0x08007c04       0xda C:/ST/STM32CubeIDE_1.18.1/STM32CubeIDE/plugins/com.st.stm32cube.ide.mcu.externaltools.gnu-tools-for-stm32.13.3.rel1.win32_1.0.100.202509120712/tools/bin/../lib/gcc/arm-none-eabi/13.3.1/../../../../arm-none-eabi/lib/thumb/v7e-m+fp/hard\libc_nano.a(libc_a-nano-vfprintf_i.o)
                0x08007c04                _printf_common
 *fill*         0x08007cde        0x2 
 .text._printf_i
                0x08007ce0      0x23c C:/ST/STM32CubeIDE_1.18.1/STM32CubeIDE/plugins/com.st.stm32cube.ide.mcu.externaltools.gnu-tools-for-stm32.13.3.rel1.win32_1.0.100.202509120712/tools/bin/../lib/gcc/arm-none-eabi/13.3.1/../../../../arm-none-eabi/lib/thumb/v7e-m+fp/hard\libc_nano.a(libc_a-nano-vfprintf_i.o)
                0x08007ce0                _printf_i
 .text.__sflush_r
                0x08007f1c      0x108 C:/ST/STM32CubeIDE_1.18.1/STM32CubeIDE/plugins/com.st.stm32cube.ide.mcu.externaltools.gnu-tools-for-stm32.13.3.rel1.win32_1.0.100.202509120712/tools/bin/../lib/gcc/arm-none-eabi/13.3.1/../../../../arm-none-eabi/lib/thumb/v7e-m+fp/hard\libc_nano.a(libc_a-fflush.o)
                0x08007f1c                __sflush_r
 .text._fflush_r
                0x08008024       0x50 C:/ST/STM32CubeIDE_1.18.1/STM32CubeIDE/plugins/com.st.stm32cube.ide.mcu.externaltools.gnu-tools-for-stm32.13.3.rel1.win32_1.0.100.202509120712/tools/bin/../lib/gcc/arm-none-eabi/13.3.1/../../../../arm-none-eabi/lib/thumb/v7e-m+fp/hard\libc_nano.a(libc_a-fflush.o)
                0x08008024                _fflush_r
 .text.__swhatbuf_r
                0x08008074       0x4c C:/ST/STM32CubeIDE_1.18.1/STM32CubeIDE/plugins/com.st.stm32cube.ide.mcu.externaltools.gnu-tools-for-stm32.13.3.rel1.win32_1.0.100.202509120712/tools/bin/../lib/gcc/arm-none-eabi/13.3.1/../../../../arm-none-eabi/lib/thumb/v7e-m+fp/hard\libc_nano.a(libc_a-makebuf.o)
                0x08008074                __swhatbuf_r
 .text.__smakebuf_r
                0x080080c0       0x78 C:/ST/STM32CubeIDE_1.18.1/STM32CubeIDE/plugins/com.st.stm32cube.ide.mcu.externaltools.gnu-tools-for-stm32.13.3.rel1.win32_1.0.100.202509120712/tools/bin/../lib/gcc/arm-none-eabi/13.3.1/../../../../arm-none-eabi/lib/thumb/v7e-m+fp/hard\libc_nano.a(libc_a-makebuf.o)
                0x080080c0                __smakebuf_r
 .text._fstat_r
                0x08008138       0x24 C:/ST/STM32CubeIDE_1.18.1/STM32CubeIDE/plugins/com.st.stm32cube.ide.mcu.externaltools.gnu-tools-for-stm32.13.3.rel1.win32_1.0.100.202509120712/tools/bin/../lib/gcc/arm-none-eabi/13.3.1/../../../../arm-none-eabi/lib/thumb/v7e-m+fp/hard\libc_nano.a(libc_a-fstatr.o)
                0x08008138                _fstat_r
 .text._isatty_r
                0x0800815c       0x20 C:/ST/STM32CubeIDE_1.18.1/STM32CubeIDE/plugins/com.st.stm32cube.ide.mcu.externaltools.gnu-tools-for-stm32.13.3.rel1.win32_1.0.100.202509120712/tools/bin/../lib/gcc/arm-none-eabi/13.3.1/../../../../arm-none-eabi/lib/thumb/v7e-m+fp/hard\libc_nano.a(libc_a-isattyr.o)
                0x0800815c                _isatty_r
 .text._sbrk_r  0x0800817c       0x20 C:/ST/STM32CubeIDE_1.18.1/STM32CubeIDE/plugins/com.st.stm32cube.ide.mcu.externaltools.gnu-tools-for-stm32.13.3.rel1.win32_1.0.100.202509120712/tools/bin/../lib/gcc/arm-none-eabi/13.3.1/../../../../arm-none-eabi/lib/thumb/v7e-m+fp/hard\libc_nano.a(libc_a-sbrkr.o)
                0x0800817c                _sbrk_r
 *(.glue_7)
 .glue_7        0x0800819c        0x0 linker stubs
 *(.glue_7t)
 .glue_7t       0x0800819c        0x0 linker stubs
 *(.eh_frame)
 .eh_frame      0x0800819c        0x0 C:/ST/STM32CubeIDE_1.18.1/STM32CubeIDE/plugins/com.st.stm32cube.ide.mcu.externaltools.gnu-tools-for-stm32.13.3.rel1.win32_1.0.100.202509120712/tools/bin/../lib/gcc/arm-none-eabi/13.3.1/thumb/v7e-m+fp/hard/crtbegin.o
 *(.init)
 .init          0x0800819c        0x4 C:/ST/STM32CubeIDE_1.18.1/STM32CubeIDE/plugins/com.st.stm32cube.ide.mcu.externaltools.gnu-tools-for-stm32.13.3.rel1.win32_1.0.100.202509120712/tools/bin/../lib/gcc/arm-none-eabi/13.3.1/thumb/v7e-m+fp/hard/crti.o
                0x0800819c                _init
 .init          0x080081a0        0x8 C:/ST/STM32CubeIDE_1.18.1/STM32CubeIDE/plugins/com.st.stm32cube.ide.mcu.externaltools.gnu-tools-for-stm32.13.3.rel1.win32_1.0.100.202509120712/tools/bin/../lib/gcc/arm-none-eabi/13.3.1/thumb/v7e-m+fp/hard/crtn.o
 *(.fini)
 .fini          0x080081a8        0x4 C:/ST/STM32CubeIDE_1.18.1/STM32CubeIDE/plugins/com.st.stm32cube.ide.mcu.externaltools.gnu-tools-for-stm32.13.3.rel1.win32_1.0.100.202509120712/tools/bin/../lib/gcc/arm-none-eabi/13.3.1/thumb/v7e-m+fp/hard/crti.o
                0x080081a8                _fini
 .fini          0x080081ac        0x8 C:/ST/STM32CubeIDE_1.18.1/STM32CubeIDE/plugins/com.st.stm32cube.ide.mcu.externaltools.gnu-tools-for-stm32.13.3.rel1.win32_1.0.100.202509120712/tools/bin/../lib/gcc/arm-none-eabi/13.3.1/thumb/v7e-m+fp/hard/crtn.o
                0x080081b4                        . = ALIGN (0x4)
                0x080081b4                        _etext = .

.vfp11_veneer   0x080081b4        0x0
 .vfp11_veneer  0x080081b4        0x0 linker stubs

.v4_bx          0x080081b4        0x0
 .v4_bx         0x080081b4        0x0 linker stubs

.iplt           0x080081b4        0x0
 .iplt          0x080081b4        0x0 C:/ST/STM32CubeIDE_1.18.1/STM32CubeIDE/plugins/com.st.stm32cube.ide.mcu.externaltools.gnu-tools-for-stm32.13.3.rel1.win32_1.0.100.202509120712/tools/bin/../lib/gcc/arm-none-eabi/13.3.1/thumb/v7e-m+fp/hard/crtbegin.o

.rodata         0x080081b4      0x2d8
                0x080081b4                        . = ALIGN (0x4)
 *(.rodata)
 .rodata        0x080081b4      0x22d ./Core/Src/main.o
 *(.rodata*)
 *fill*         0x080083e1        0x3 
 .rodata.RFM95_BW_HZ
                0x080083e4       0x10 ./Core/Src/lora.o
 .rodata.RFM95_BW_BIN
                0x080083f4       0x10 ./Core/Src/lora.o
 .rodata.RFM95_SF
                0x08008404        0x6 ./Core/Src/lora.o
 *fill*         0x0800840a        0x2 
 .rodata.RFM95_CR
                0x0800840c        0x4 ./Core/Src/lora.o
 .rodata.AHBPrescTable
                0x08008410       0x10 ./Core/Src/system_stm32l4xx.o
                0x08008410                AHBPrescTable
 .rodata.APBPrescTable
                0x08008420        0x8 ./Core/Src/system_stm32l4xx.o
                0x08008420                APBPrescTable
 .rodata.MSIRangeTable
                0x08008428       0x30 ./Core/Src/system_stm32l4xx.o
                0x08008428                MSIRangeTable
 .rodata._vfprintf_r.str1.1
                0x08008458       0x33 C:/ST/STM32CubeIDE_1.18.1/STM32CubeIDE/plugins/com.st.stm32cube.ide.mcu.externaltools.gnu-tools-for-stm32.13.3.rel1.win32_1.0.100.202509120712/tools/bin/../lib/gcc/arm-none-eabi/13.3.1/../../../../arm-none-eabi/lib/thumb/v7e-m+fp/hard\libc_nano.a(libc_a-nano-vfprintf.o)
                                 0x11 (size before relaxing)
 .rodata._printf_i.str1.1
                0x0800848b        0x0 C:/ST/STM32CubeIDE_1.18.1/STM32CubeIDE/plugins/com.st.stm32cube.ide.mcu.externaltools.gnu-tools-for-stm32.13.3.rel1.win32_1.0.100.202509120712/tools/bin/../lib/gcc/arm-none-eabi/13.3.1/../../../../arm-none-eabi/lib/thumb/v7e-m+fp/hard\libc_nano.a(libc_a-nano-vfprintf_i.o)
                                 0x22 (size before relaxing)
                0x0800848c                        . = ALIGN (0x4)
 *fill*         0x0800848b        0x1 

.ARM.extab      0x0800848c        0x0
                0x0800848c                        . = ALIGN (0x4)
 *(.ARM.extab* .gnu.linkonce.armextab.*)
                0x0800848c                        . = ALIGN (0x4)

.ARM            0x0800848c        0x8
                0x0800848c                        . = ALIGN (0x4)
                0x0800848c                        __exidx_start = .
 *(.ARM.exidx*)
 .ARM.exidx     0x0800848c        0x8 C:/ST/STM32CubeIDE_1.18.1/STM32CubeIDE/plugins/com.st.stm32cube.ide.mcu.externaltools.gnu-tools-for-stm32.13.3.rel1.win32_1.0.100.202509120712/tools/bin/../lib/gcc/arm-none-eabi/13.3.1/../../../../arm-none-eabi/lib/thumb/v7e-m+fp/hard\libc_nano.a(libc_a-memchr.o)
 .ARM.exidx     0x08008494        0x0 C:/ST/STM32CubeIDE_1.18.1/STM32CubeIDE/plugins/com.st.stm32cube.ide.mcu.externaltools.gnu-tools-for-stm32.13.3.rel1.win32_1.0.100.202509120712/tools/bin/../lib/gcc/arm-none-eabi/13.3.1/thumb/v7e-m+fp/hard\libgcc.a(_udivmoddi4.o)
                                  0x8 (size before relaxing)
                0x08008494                        __exidx_end = .
                0x08008494                        . = ALIGN (0x4)

.preinit_array  0x08008494        0x0
                0x08008494                        . = ALIGN (0x4)
                0x08008494                        PROVIDE (__preinit_array_start = .)
 *(.preinit_array*)
                0x08008494                        PROVIDE (__preinit_array_end = .)
                0x08008494                        . = ALIGN (0x4)

.init_array     0x08008494        0x4
                0x08008494                        . = ALIGN (0x4)
                0x08008494                        PROVIDE (__init_array_start = .)
 *(SORT_BY_NAME(.init_array.*))
 *(.init_array*)
 .init_array    0x08008494        0x4 C:/ST/STM32CubeIDE_1.18.1/STM32CubeIDE/plugins/com.st.stm32cube.ide.mcu.externaltools.gnu-tools-for-stm32.13.3.rel1.win32_1.0.100.202509120712/tools/bin/../lib/gcc/arm-none-eabi/13.3.1/thumb/v7e-m+fp/hard/crtbegin.o
                0x08008498                        PROVIDE (__init_array_end = .)
                0x08008498                        . = ALIGN (0x4)

.fini_array     0x08008498        0x4
                0x08008498                        . = ALIGN (0x4)
                [!provide]                        PROVIDE (__fini_array_start = .)
 *(SORT_BY_NAME(.fini_array.*))
 *(.fini_array*)
 .fini_array    0x08008498        0x4 C:/ST/STM32CubeIDE_1.18.1/STM32CubeIDE/plugins/com.st.stm32cube.ide.mcu.externaltools.gnu-tools-for-stm32.13.3.rel1.win32_1.0.100.202509120712/tools/bin/../lib/gcc/arm-none-eabi/13.3.1/thumb/v7e-m+fp/hard/crtbegin.o
                [!provide]                        PROVIDE (__fini_array_end = .)
                0x0800849c                        . = ALIGN (0x4)
                0x0800849c                        _sidata = LOADADDR (.data)

.rel.dyn        0x0800849c        0x0
 .rel.iplt      0x0800849c        0x0 C:/ST/STM32CubeIDE_1.18.1/STM32CubeIDE/plugins/com.st.stm32cube.ide.mcu.externaltools.gnu-tools-for-stm32.13.3.rel1.win32_1.0.100.202509120712/tools/bin/../lib/gcc/arm-none-eabi/13.3.1/thumb/v7e-m+fp/hard/crtbegin.o

.data           0x20000000      0x154 load address 0x0800849c
                0x20000000                        . = ALIGN (0x4)
                0x20000000                        _sdata = .
 *(.data)
 *(.data*)
 .data.h_tx     0x20000000       0x10 ./Core/Src/main.o
                0x20000000                h_tx
 .data.h_buffs  0x20000010        0x8 ./Core/Src/main.o
                0x20000010                h_buffs
 .data.h_sys    0x20000018        0x2 ./Core/Src/main.o
                0x20000018                h_sys
 *fill*         0x2000001a        0x2 
 .data.lptim_tick_msb
                0x2000001c        0x4 ./Core/Src/main.o
                0x2000001c                lptim_tick_msb
 .data.pyl1     0x20000020       0x24 ./Core/Src/main.o
                0x20000020                pyl1
 .data.pyl1_len
                0x20000044        0x1 ./Core/Src/main.o
                0x20000044                pyl1_len
 *fill*         0x20000045        0x3 
 .data.pyl2     0x20000048       0x24 ./Core/Src/main.o
                0x20000048                pyl2
 .data.pyl2_len
                0x2000006c        0x1 ./Core/Src/main.o
                0x2000006c                pyl2_len
 *fill*         0x2000006d        0x3 
 .data.pyl3     0x20000070       0x24 ./Core/Src/main.o
                0x20000070                pyl3
 .data.pyl3_len
                0x20000094        0x1 ./Core/Src/main.o
                0x20000094                pyl3_len
 *fill*         0x20000095        0x3 
 .data.test_buffs
                0x20000098       0x54 ./Core/Src/main.o
                0x20000098                test_buffs
 .data.SystemCoreClock
                0x200000ec        0x4 ./Core/Src/system_stm32l4xx.o
                0x200000ec                SystemCoreClock
 .data.uwTickPrio
                0x200000f0        0x4 ./Drivers/STM32L4xx_HAL_Driver/Src/stm32l4xx_hal.o
                0x200000f0                uwTickPrio
 .data.uwTickFreq
                0x200000f4        0x1 ./Drivers/STM32L4xx_HAL_Driver/Src/stm32l4xx_hal.o
                0x200000f4                uwTickFreq
 *fill*         0x200000f5        0x3 
 .data.__sglue  0x200000f8        0xc C:/ST/STM32CubeIDE_1.18.1/STM32CubeIDE/plugins/com.st.stm32cube.ide.mcu.externaltools.gnu-tools-for-stm32.13.3.rel1.win32_1.0.100.202509120712/tools/bin/../lib/gcc/arm-none-eabi/13.3.1/../../../../arm-none-eabi/lib/thumb/v7e-m+fp/hard\libc_nano.a(libc_a-findfp.o)
                0x200000f8                __sglue
 .data._impure_ptr
                0x20000104        0x4 C:/ST/STM32CubeIDE_1.18.1/STM32CubeIDE/plugins/com.st.stm32cube.ide.mcu.externaltools.gnu-tools-for-stm32.13.3.rel1.win32_1.0.100.202509120712/tools/bin/../lib/gcc/arm-none-eabi/13.3.1/../../../../arm-none-eabi/lib/thumb/v7e-m+fp/hard\libc_nano.a(libc_a-impure.o)
                0x20000104                _impure_ptr
 .data._impure_data
                0x20000108       0x4c C:/ST/STM32CubeIDE_1.18.1/STM32CubeIDE/plugins/com.st.stm32cube.ide.mcu.externaltools.gnu-tools-for-stm32.13.3.rel1.win32_1.0.100.202509120712/tools/bin/../lib/gcc/arm-none-eabi/13.3.1/../../../../arm-none-eabi/lib/thumb/v7e-m+fp/hard\libc_nano.a(libc_a-impure.o)
                0x20000108                _impure_data
 *(.RamFunc)
 *(.RamFunc*)
                0x20000154                        . = ALIGN (0x4)
                0x20000154                        _edata = .

.igot.plt       0x20000154        0x0 load address 0x080085f0
 .igot.plt      0x20000154        0x0 C:/ST/STM32CubeIDE_1.18.1/STM32CubeIDE/plugins/com.st.stm32cube.ide.mcu.externaltools.gnu-tools-for-stm32.13.3.rel1.win32_1.0.100.202509120712/tools/bin/../lib/gcc/arm-none-eabi/13.3.1/thumb/v7e-m+fp/hard/crtbegin.o
                0x20000154                        . = ALIGN (0x4)

.bss            0x20000154     0x25d8 load address 0x080085f0
                0x20000154                        _sbss = .
                0x20000154                        __bss_start__ = _sbss
 *(.bss)
 .bss           0x20000154       0x1c C:/ST/STM32CubeIDE_1.18.1/STM32CubeIDE/plugins/com.st.stm32cube.ide.mcu.externaltools.gnu-tools-for-stm32.13.3.rel1.win32_1.0.100.202509120712/tools/bin/../lib/gcc/arm-none-eabi/13.3.1/thumb/v7e-m+fp/hard/crtbegin.o
 *(.bss*)
 .bss.pa_config
                0x20000170        0x1 ./Core/Src/lora.o
 *fill*         0x20000171        0x3 
 .bss.rfm95_handle
                0x20000174       0x50 ./Core/Src/main.o
                0x20000174                rfm95_handle
 .bss.tx_buff   0x200001c4      0x320 ./Core/Src/main.o
                0x200001c4                tx_buff
 .bss.h_rx      0x200004e4     0x1a90 ./Core/Src/main.o
                0x200004e4                h_rx
 .bss.hlptim1   0x20001f74       0x38 ./Core/Src/main.o
                0x20001f74                hlptim1
 .bss.hrng      0x20001fac       0x10 ./Core/Src/main.o
                0x20001fac                hrng
 .bss.hrtc      0x20001fbc       0x24 ./Core/Src/main.o
                0x20001fbc                hrtc
 .bss.hspi3     0x20001fe0       0x64 ./Core/Src/main.o
                0x20001fe0                hspi3
 .bss.huart2    0x20002044       0x88 ./Core/Src/main.o
                0x20002044                huart2
 .bss.tx_evt    0x200020cc        0x1 ./Core/Src/main.o
                0x200020cc                tx_evt
 .bss.tx_seq_idx
                0x200020cd        0x1 ./Core/Src/main.o
                0x200020cd                tx_seq_idx
 *fill*         0x200020ce        0x2 
 .bss.e1_p1_bc22
                0x200020d0       0x37 ./Core/Src/main.o
                0x200020d0                e1_p1_bc22
 *fill*         0x20002107        0x1 
 .bss.e1_p1_bc54
                0x20002108       0x37 ./Core/Src/main.o
                0x20002108                e1_p1_bc54
 *fill*         0x2000213f        0x1 
 .bss.e1_p1_bc543
                0x20002140       0x37 ./Core/Src/main.o
                0x20002140                e1_p1_bc543
 *fill*         0x20002177        0x1 
 .bss.e1_p1_bc51
                0x20002178       0x37 ./Core/Src/main.o
                0x20002178                e1_p1_bc51
 *fill*         0x200021af        0x1 
 .bss.e1_p1_bc64
                0x200021b0       0x37 ./Core/Src/main.o
                0x200021b0                e1_p1_bc64
 *fill*         0x200021e7        0x1 
 .bss.e1_p2_bc41
                0x200021e8       0x37 ./Core/Src/main.o
                0x200021e8                e1_p2_bc41
 *fill*         0x2000221f        0x1 
 .bss.e1_p1_bc21
                0x20002220       0x37 ./Core/Src/main.o
                0x20002220                e1_p1_bc21
 *fill*         0x20002257        0x1 
 .bss.e1_p1_bc31
                0x20002258       0x37 ./Core/Src/main.o
                0x20002258                e1_p1_bc31
 *fill*         0x2000228f        0x1 
 .bss.e1_p2_bc22
                0x20002290       0x37 ./Core/Src/main.o
                0x20002290                e1_p2_bc22
 *fill*         0x200022c7        0x1 
 .bss.e1_p2_bc43
                0x200022c8       0x37 ./Core/Src/main.o
                0x200022c8                e1_p2_bc43
 *fill*         0x200022ff        0x1 
 .bss.e1_p1_bc22_a
                0x20002300       0x37 ./Core/Src/main.o
                0x20002300                e1_p1_bc22_a
 *fill*         0x20002337        0x1 
 .bss.e1_p1_bc54_a
                0x20002338       0x37 ./Core/Src/main.o
                0x20002338                e1_p1_bc54_a
 *fill*         0x2000236f        0x1 
 .bss.e1_p2_bc54_a
                0x20002370       0x37 ./Core/Src/main.o
                0x20002370                e1_p2_bc54_a
 *fill*         0x200023a7        0x1 
 .bss.e1_p2_bc51_a
                0x200023a8       0x37 ./Core/Src/main.o
                0x200023a8                e1_p2_bc51_a
 *fill*         0x200023df        0x1 
 .bss.e1_p1_bc51_a
                0x200023e0       0x37 ./Core/Src/main.o
                0x200023e0                e1_p1_bc51_a
 *fill*         0x20002417        0x1 
 .bss.e1_p1_bc543_a
                0x20002418       0x37 ./Core/Src/main.o
                0x20002418                e1_p1_bc543_a
 *fill*         0x2000244f        0x1 
 .bss.e1_p1_bc43_A
                0x20002450       0x37 ./Core/Src/main.o
                0x20002450                e1_p1_bc43_A
 *fill*         0x20002487        0x1 
 .bss.e1_p1_bc543_A
                0x20002488       0x37 ./Core/Src/main.o
                0x20002488                e1_p1_bc543_A
 *fill*         0x200024bf        0x1 
 .bss.e2_p1_bc51
                0x200024c0       0x37 ./Core/Src/main.o
                0x200024c0                e2_p1_bc51
 *fill*         0x200024f7        0x1 
 .bss.e2_p1_bc64_a
                0x200024f8       0x37 ./Core/Src/main.o
                0x200024f8                e2_p1_bc64_a
 *fill*         0x2000252f        0x1 
 .bss.e3_p1_bc53
                0x20002530       0x37 ./Core/Src/main.o
                0x20002530                e3_p1_bc53
 *fill*         0x20002567        0x1 
 .bss.e3_p1_bc64
                0x20002568       0x37 ./Core/Src/main.o
                0x20002568                e3_p1_bc64
 *fill*         0x2000259f        0x1 
 .bss.e3_p1_bc64_a
                0x200025a0       0x37 ./Core/Src/main.o
                0x200025a0                e3_p1_bc64_a
 *fill*         0x200025d7        0x1 
 .bss.__sbrk_heap_end
                0x200025d8        0x4 ./Core/Src/sysmem.o
 .bss.uwTick    0x200025dc        0x4 ./Drivers/STM32L4xx_HAL_Driver/Src/stm32l4xx_hal.o
                0x200025dc                uwTick
 .bss.__sf      0x200025e0      0x138 C:/ST/STM32CubeIDE_1.18.1/STM32CubeIDE/plugins/com.st.stm32cube.ide.mcu.externaltools.gnu-tools-for-stm32.13.3.rel1.win32_1.0.100.202509120712/tools/bin/../lib/gcc/arm-none-eabi/13.3.1/../../../../arm-none-eabi/lib/thumb/v7e-m+fp/hard\libc_nano.a(libc_a-findfp.o)
                0x200025e0                __sf
 .bss.__stdio_exit_handler
                0x20002718        0x4 C:/ST/STM32CubeIDE_1.18.1/STM32CubeIDE/plugins/com.st.stm32cube.ide.mcu.externaltools.gnu-tools-for-stm32.13.3.rel1.win32_1.0.100.202509120712/tools/bin/../lib/gcc/arm-none-eabi/13.3.1/../../../../arm-none-eabi/lib/thumb/v7e-m+fp/hard\libc_nano.a(libc_a-findfp.o)
                0x20002718                __stdio_exit_handler
 .bss.errno     0x2000271c        0x4 C:/ST/STM32CubeIDE_1.18.1/STM32CubeIDE/plugins/com.st.stm32cube.ide.mcu.externaltools.gnu-tools-for-stm32.13.3.rel1.win32_1.0.100.202509120712/tools/bin/../lib/gcc/arm-none-eabi/13.3.1/../../../../arm-none-eabi/lib/thumb/v7e-m+fp/hard\libc_nano.a(libc_a-reent.o)
                0x2000271c                errno
 .bss.__lock___malloc_recursive_mutex
                0x20002720        0x1 C:/ST/STM32CubeIDE_1.18.1/STM32CubeIDE/plugins/com.st.stm32cube.ide.mcu.externaltools.gnu-tools-for-stm32.13.3.rel1.win32_1.0.100.202509120712/tools/bin/../lib/gcc/arm-none-eabi/13.3.1/../../../../arm-none-eabi/lib/thumb/v7e-m+fp/hard\libc_nano.a(libc_a-lock.o)
                0x20002720                __lock___malloc_recursive_mutex
 .bss.__lock___sfp_recursive_mutex
                0x20002721        0x1 C:/ST/STM32CubeIDE_1.18.1/STM32CubeIDE/plugins/com.st.stm32cube.ide.mcu.externaltools.gnu-tools-for-stm32.13.3.rel1.win32_1.0.100.202509120712/tools/bin/../lib/gcc/arm-none-eabi/13.3.1/../../../../arm-none-eabi/lib/thumb/v7e-m+fp/hard\libc_nano.a(libc_a-lock.o)
                0x20002721                __lock___sfp_recursive_mutex
 *fill*         0x20002722        0x2 
 .bss.__malloc_sbrk_start
                0x20002724        0x4 C:/ST/STM32CubeIDE_1.18.1/STM32CubeIDE/plugins/com.st.stm32cube.ide.mcu.externaltools.gnu-tools-for-stm32.13.3.rel1.win32_1.0.100.202509120712/tools/bin/../lib/gcc/arm-none-eabi/13.3.1/../../../../arm-none-eabi/lib/thumb/v7e-m+fp/hard\libc_nano.a(libc_a-mallocr.o)
                0x20002724                __malloc_sbrk_start
 .bss.__malloc_free_list
                0x20002728        0x4 C:/ST/STM32CubeIDE_1.18.1/STM32CubeIDE/plugins/com.st.stm32cube.ide.mcu.externaltools.gnu-tools-for-stm32.13.3.rel1.win32_1.0.100.202509120712/tools/bin/../lib/gcc/arm-none-eabi/13.3.1/../../../../arm-none-eabi/lib/thumb/v7e-m+fp/hard\libc_nano.a(libc_a-mallocr.o)
                0x20002728                __malloc_free_list
 *(COMMON)
                0x2000272c                        . = ALIGN (0x4)
                0x2000272c                        _ebss = .
                0x2000272c                        __bss_end__ = _ebss

._user_heap_stack
                0x2000272c      0x604 load address 0x080085f0
                0x20002730                        . = ALIGN (0x8)
 *fill*         0x2000272c        0x4 
                [!provide]                        PROVIDE (end = .)
                0x20002730                        PROVIDE (_end = .)
                0x20002930                        . = (. + _Min_Heap_Size)
 *fill*         0x20002730      0x200 
                0x20002d30                        . = (. + _Min_Stack_Size)
 *fill*         0x20002930      0x400 
                0x20002d30                        . = ALIGN (0x8)

/DISCARD/
 libc.a(*)
 libm.a(*)
 libgcc.a(*)

.ARM.attributes
                0x00000000       0x30
 *(.ARM.attributes)
 .ARM.attributes
                0x00000000       0x22 C:/ST/STM32CubeIDE_1.18.1/STM32CubeIDE/plugins/com.st.stm32cube.ide.mcu.externaltools.gnu-tools-for-stm32.13.3.rel1.win32_1.0.100.202509120712/tools/bin/../lib/gcc/arm-none-eabi/13.3.1/thumb/v7e-m+fp/hard/crti.o
 .ARM.attributes
                0x00000022       0x34 C:/ST/STM32CubeIDE_1.18.1/STM32CubeIDE/plugins/com.st.stm32cube.ide.mcu.externaltools.gnu-tools-for-stm32.13.3.rel1.win32_1.0.100.202509120712/tools/bin/../lib/gcc/arm-none-eabi/13.3.1/thumb/v7e-m+fp/hard/crtbegin.o
 .ARM.attributes
                0x00000056       0x34 ./Core/Src/LinkedList.o
 .ARM.attributes
                0x0000008a       0x34 ./Core/Src/buff_manager.o
 .ARM.attributes
                0x000000be       0x34 ./Core/Src/lora.o
 .ARM.attributes
                0x000000f2       0x34 ./Core/Src/main.o
 .ARM.attributes
                0x00000126       0x34 ./Core/Src/stm32l4xx_hal_msp.o
 .ARM.attributes
                0x0000015a       0x34 ./Core/Src/stm32l4xx_it.o
 .ARM.attributes
                0x0000018e       0x34 ./Core/Src/syscalls.o
 .ARM.attributes
                0x000001c2       0x34 ./Core/Src/sysmem.o
 .ARM.attributes
                0x000001f6       0x34 ./Core/Src/system_stm32l4xx.o
 .ARM.attributes
                0x0000022a       0x21 ./Core/Startup/startup_stm32l476rgtx.o
 .ARM.attributes
                0x0000024b       0x34 ./Drivers/STM32L4xx_HAL_Driver/Src/stm32l4xx_hal.o
 .ARM.attributes
                0x0000027f       0x34 ./Drivers/STM32L4xx_HAL_Driver/Src/stm32l4xx_hal_cortex.o
 .ARM.attributes
                0x000002b3       0x34 ./Drivers/STM32L4xx_HAL_Driver/Src/stm32l4xx_hal_gpio.o
 .ARM.attributes
                0x000002e7       0x34 ./Drivers/STM32L4xx_HAL_Driver/Src/stm32l4xx_hal_lptim.o
 .ARM.attributes
                0x0000031b       0x34 ./Drivers/STM32L4xx_HAL_Driver/Src/stm32l4xx_hal_pwr.o
 .ARM.attributes
                0x0000034f       0x34 ./Drivers/STM32L4xx_HAL_Driver/Src/stm32l4xx_hal_pwr_ex.o
 .ARM.attributes
                0x00000383       0x34 ./Drivers/STM32L4xx_HAL_Driver/Src/stm32l4xx_hal_rcc.o
 .ARM.attributes
                0x000003b7       0x34 ./Drivers/STM32L4xx_HAL_Driver/Src/stm32l4xx_hal_rcc_ex.o
 .ARM.attributes
                0x000003eb       0x34 ./Drivers/STM32L4xx_HAL_Driver/Src/stm32l4xx_hal_rng.o
 .ARM.attributes
                0x0000041f       0x34 ./Drivers/STM32L4xx_HAL_Driver/Src/stm32l4xx_hal_rtc.o
 .ARM.attributes
                0x00000453       0x34 ./Drivers/STM32L4xx_HAL_Driver/Src/stm32l4xx_hal_rtc_ex.o
 .ARM.attributes
                0x00000487       0x34 ./Drivers/STM32L4xx_HAL_Driver/Src/stm32l4xx_hal_spi.o
 .ARM.attributes
                0x000004bb       0x34 ./Drivers/STM32L4xx_HAL_Driver/Src/stm32l4xx_hal_uart.o
 .ARM.attributes
                0x000004ef       0x34 C:/ST/STM32CubeIDE_1.18.1/STM32CubeIDE/plugins/com.st.stm32cube.ide.mcu.externaltools.gnu-tools-for-stm32.13.3.rel1.win32_1.0.100.202509120712/tools/bin/../lib/gcc/arm-none-eabi/13.3.1/../../../../arm-none-eabi/lib/thumb/v7e-m+fp/hard\libc_nano.a(libc_a-findfp.o)
 .ARM.attributes
                0x00000523       0x34 C:/ST/STM32CubeIDE_1.18.1/STM32CubeIDE/plugins/com.st.stm32cube.ide.mcu.externaltools.gnu-tools-for-stm32.13.3.rel1.win32_1.0.100.202509120712/tools/bin/../lib/gcc/arm-none-eabi/13.3.1/../../../../arm-none-eabi/lib/thumb/v7e-m+fp/hard\libc_nano.a(libc_a-fwalk.o)
 .ARM.attributes
                0x00000557       0x34 C:/ST/STM32CubeIDE_1.18.1/STM32CubeIDE/plugins/com.st.stm32cube.ide.mcu.externaltools.gnu-tools-for-stm32.13.3.rel1.win32_1.0.100.202509120712/tools/bin/../lib/gcc/arm-none-eabi/13.3.1/../../../../arm-none-eabi/lib/thumb/v7e-m+fp/hard\libc_nano.a(libc_a-printf.o)
 .ARM.attributes
                0x0000058b       0x34 C:/ST/STM32CubeIDE_1.18.1/STM32CubeIDE/plugins/com.st.stm32cube.ide.mcu.externaltools.gnu-tools-for-stm32.13.3.rel1.win32_1.0.100.202509120712/tools/bin/../lib/gcc/arm-none-eabi/13.3.1/../../../../arm-none-eabi/lib/thumb/v7e-m+fp/hard\libc_nano.a(libc_a-puts.o)
 .ARM.attributes
                0x000005bf       0x34 C:/ST/STM32CubeIDE_1.18.1/STM32CubeIDE/plugins/com.st.stm32cube.ide.mcu.externaltools.gnu-tools-for-stm32.13.3.rel1.win32_1.0.100.202509120712/tools/bin/../lib/gcc/arm-none-eabi/13.3.1/../../../../arm-none-eabi/lib/thumb/v7e-m+fp/hard\libc_nano.a(libc_a-stdio.o)
 .ARM.attributes
                0x000005f3       0x34 C:/ST/STM32CubeIDE_1.18.1/STM32CubeIDE/plugins/com.st.stm32cube.ide.mcu.externaltools.gnu-tools-for-stm32.13.3.rel1.win32_1.0.100.202509120712/tools/bin/../lib/gcc/arm-none-eabi/13.3.1/../../../../arm-none-eabi/lib/thumb/v7e-m+fp/hard\libc_nano.a(libc_a-wbuf.o)
 .ARM.attributes
                0x00000627       0x34 C:/ST/STM32CubeIDE_1.18.1/STM32CubeIDE/plugins/com.st.stm32cube.ide.mcu.externaltools.gnu-tools-for-stm32.13.3.rel1.win32_1.0.100.202509120712/tools/bin/../lib/gcc/arm-none-eabi/13.3.1/../../../../arm-none-eabi/lib/thumb/v7e-m+fp/hard\libc_nano.a(libc_a-wsetup.o)
 .ARM.attributes
                0x0000065b       0x34 C:/ST/STM32CubeIDE_1.18.1/STM32CubeIDE/plugins/com.st.stm32cube.ide.mcu.externaltools.gnu-tools-for-stm32.13.3.rel1.win32_1.0.100.202509120712/tools/bin/../lib/gcc/arm-none-eabi/13.3.1/../../../../arm-none-eabi/lib/thumb/v7e-m+fp/hard\libc_nano.a(libc_a-memset.o)
 .ARM.attributes
                0x0000068f       0x34 C:/ST/STM32CubeIDE_1.18.1/STM32CubeIDE/plugins/com.st.stm32cube.ide.mcu.externaltools.gnu-tools-for-stm32.13.3.rel1.win32_1.0.100.202509120712/tools/bin/../lib/gcc/arm-none-eabi/13.3.1/../../../../arm-none-eabi/lib/thumb/v7e-m+fp/hard\libc_nano.a(libc_a-closer.o)
 .ARM.attributes
                0x000006c3       0x34 C:/ST/STM32CubeIDE_1.18.1/STM32CubeIDE/plugins/com.st.stm32cube.ide.mcu.externaltools.gnu-tools-for-stm32.13.3.rel1.win32_1.0.100.202509120712/tools/bin/../lib/gcc/arm-none-eabi/13.3.1/../../../../arm-none-eabi/lib/thumb/v7e-m+fp/hard\libc_nano.a(libc_a-reent.o)
 .ARM.attributes
                0x000006f7       0x34 C:/ST/STM32CubeIDE_1.18.1/STM32CubeIDE/plugins/com.st.stm32cube.ide.mcu.externaltools.gnu-tools-for-stm32.13.3.rel1.win32_1.0.100.202509120712/tools/bin/../lib/gcc/arm-none-eabi/13.3.1/../../../../arm-none-eabi/lib/thumb/v7e-m+fp/hard\libc_nano.a(libc_a-impure.o)
 .ARM.attributes
                0x0000072b       0x34 C:/ST/STM32CubeIDE_1.18.1/STM32CubeIDE/plugins/com.st.stm32cube.ide.mcu.externaltools.gnu-tools-for-stm32.13.3.rel1.win32_1.0.100.202509120712/tools/bin/../lib/gcc/arm-none-eabi/13.3.1/../../../../arm-none-eabi/lib/thumb/v7e-m+fp/hard\libc_nano.a(libc_a-lseekr.o)
 .ARM.attributes
                0x0000075f       0x34 C:/ST/STM32CubeIDE_1.18.1/STM32CubeIDE/plugins/com.st.stm32cube.ide.mcu.externaltools.gnu-tools-for-stm32.13.3.rel1.win32_1.0.100.202509120712/tools/bin/../lib/gcc/arm-none-eabi/13.3.1/../../../../arm-none-eabi/lib/thumb/v7e-m+fp/hard\libc_nano.a(libc_a-readr.o)
 .ARM.attributes
                0x00000793       0x34 C:/ST/STM32CubeIDE_1.18.1/STM32CubeIDE/plugins/com.st.stm32cube.ide.mcu.externaltools.gnu-tools-for-stm32.13.3.rel1.win32_1.0.100.202509120712/tools/bin/../lib/gcc/arm-none-eabi/13.3.1/../../../../arm-none-eabi/lib/thumb/v7e-m+fp/hard\libc_nano.a(libc_a-writer.o)
 .ARM.attributes
                0x000007c7       0x34 C:/ST/STM32CubeIDE_1.18.1/STM32CubeIDE/plugins/com.st.stm32cube.ide.mcu.externaltools.gnu-tools-for-stm32.13.3.rel1.win32_1.0.100.202509120712/tools/bin/../lib/gcc/arm-none-eabi/13.3.1/../../../../arm-none-eabi/lib/thumb/v7e-m+fp/hard\libc_nano.a(libc_a-errno.o)
 .ARM.attributes
                0x000007fb       0x34 C:/ST/STM32CubeIDE_1.18.1/STM32CubeIDE/plugins/com.st.stm32cube.ide.mcu.externaltools.gnu-tools-for-stm32.13.3.rel1.win32_1.0.100.202509120712/tools/bin/../lib/gcc/arm-none-eabi/13.3.1/../../../../arm-none-eabi/lib/thumb/v7e-m+fp/hard\libc_nano.a(libc_a-init.o)
 .ARM.attributes
                0x0000082f       0x34 C:/ST/STM32CubeIDE_1.18.1/STM32CubeIDE/plugins/com.st.stm32cube.ide.mcu.externaltools.gnu-tools-for-stm32.13.3.rel1.win32_1.0.100.202509120712/tools/bin/../lib/gcc/arm-none-eabi/13.3.1/../../../../arm-none-eabi/lib/thumb/v7e-m+fp/hard\libc_nano.a(libc_a-lock.o)
 .ARM.attributes
                0x00000863       0x34 C:/ST/STM32CubeIDE_1.18.1/STM32CubeIDE/plugins/com.st.stm32cube.ide.mcu.externaltools.gnu-tools-for-stm32.13.3.rel1.win32_1.0.100.202509120712/tools/bin/../lib/gcc/arm-none-eabi/13.3.1/../../../../arm-none-eabi/lib/thumb/v7e-m+fp/hard\libc_nano.a(libc_a-memcpy-stub.o)
 .ARM.attributes
                0x00000897       0x34 C:/ST/STM32CubeIDE_1.18.1/STM32CubeIDE/plugins/com.st.stm32cube.ide.mcu.externaltools.gnu-tools-for-stm32.13.3.rel1.win32_1.0.100.202509120712/tools/bin/../lib/gcc/arm-none-eabi/13.3.1/../../../../arm-none-eabi/lib/thumb/v7e-m+fp/hard\libc_nano.a(libc_a-freer.o)
 .ARM.attributes
                0x000008cb       0x34 C:/ST/STM32CubeIDE_1.18.1/STM32CubeIDE/plugins/com.st.stm32cube.ide.mcu.externaltools.gnu-tools-for-stm32.13.3.rel1.win32_1.0.100.202509120712/tools/bin/../lib/gcc/arm-none-eabi/13.3.1/../../../../arm-none-eabi/lib/thumb/v7e-m+fp/hard\libc_nano.a(libc_a-mallocr.o)
 .ARM.attributes
                0x000008ff       0x34 C:/ST/STM32CubeIDE_1.18.1/STM32CubeIDE/plugins/com.st.stm32cube.ide.mcu.externaltools.gnu-tools-for-stm32.13.3.rel1.win32_1.0.100.202509120712/tools/bin/../lib/gcc/arm-none-eabi/13.3.1/../../../../arm-none-eabi/lib/thumb/v7e-m+fp/hard\libc_nano.a(libc_a-mlock.o)
 .ARM.attributes
                0x00000933       0x34 C:/ST/STM32CubeIDE_1.18.1/STM32CubeIDE/plugins/com.st.stm32cube.ide.mcu.externaltools.gnu-tools-for-stm32.13.3.rel1.win32_1.0.100.202509120712/tools/bin/../lib/gcc/arm-none-eabi/13.3.1/../../../../arm-none-eabi/lib/thumb/v7e-m+fp/hard\libc_nano.a(libc_a-nano-vfprintf.o)
 .ARM.attributes
                0x00000967       0x34 C:/ST/STM32CubeIDE_1.18.1/STM32CubeIDE/plugins/com.st.stm32cube.ide.mcu.externaltools.gnu-tools-for-stm32.13.3.rel1.win32_1.0.100.202509120712/tools/bin/../lib/gcc/arm-none-eabi/13.3.1/../../../../arm-none-eabi/lib/thumb/v7e-m+fp/hard\libc_nano.a(libc_a-nano-vfprintf_i.o)
 .ARM.attributes
                0x0000099b       0x34 C:/ST/STM32CubeIDE_1.18.1/STM32CubeIDE/plugins/com.st.stm32cube.ide.mcu.externaltools.gnu-tools-for-stm32.13.3.rel1.win32_1.0.100.202509120712/tools/bin/../lib/gcc/arm-none-eabi/13.3.1/../../../../arm-none-eabi/lib/thumb/v7e-m+fp/hard\libc_nano.a(libc_a-fflush.o)
 .ARM.attributes
                0x000009cf       0x34 C:/ST/STM32CubeIDE_1.18.1/STM32CubeIDE/plugins/com.st.stm32cube.ide.mcu.externaltools.gnu-tools-for-stm32.13.3.rel1.win32_1.0.100.202509120712/tools/bin/../lib/gcc/arm-none-eabi/13.3.1/../../../../arm-none-eabi/lib/thumb/v7e-m+fp/hard\libc_nano.a(libc_a-makebuf.o)
 .ARM.attributes
                0x00000a03       0x34 C:/ST/STM32CubeIDE_1.18.1/STM32CubeIDE/plugins/com.st.stm32cube.ide.mcu.externaltools.gnu-tools-for-stm32.13.3.rel1.win32_1.0.100.202509120712/tools/bin/../lib/gcc/arm-none-eabi/13.3.1/../../../../arm-none-eabi/lib/thumb/v7e-m+fp/hard\libc_nano.a(libc_a-fstatr.o)
 .ARM.attributes
                0x00000a37       0x34 C:/ST/STM32CubeIDE_1.18.1/STM32CubeIDE/plugins/com.st.stm32cube.ide.mcu.externaltools.gnu-tools-for-stm32.13.3.rel1.win32_1.0.100.202509120712/tools/bin/../lib/gcc/arm-none-eabi/13.3.1/../../../../arm-none-eabi/lib/thumb/v7e-m+fp/hard\libc_nano.a(libc_a-isattyr.o)
 .ARM.attributes
                0x00000a6b       0x34 C:/ST/STM32CubeIDE_1.18.1/STM32CubeIDE/plugins/com.st.stm32cube.ide.mcu.externaltools.gnu-tools-for-stm32.13.3.rel1.win32_1.0.100.202509120712/tools/bin/../lib/gcc/arm-none-eabi/13.3.1/../../../../arm-none-eabi/lib/thumb/v7e-m+fp/hard\libc_nano.a(libc_a-sbrkr.o)
 .ARM.attributes
                0x00000a9f       0x1c C:/ST/STM32CubeIDE_1.18.1/STM32CubeIDE/plugins/com.st.stm32cube.ide.mcu.externaltools.gnu-tools-for-stm32.13.3.rel1.win32_1.0.100.202509120712/tools/bin/../lib/gcc/arm-none-eabi/13.3.1/../../../../arm-none-eabi/lib/thumb/v7e-m+fp/hard\libc_nano.a(libc_a-memchr.o)
 .ARM.attributes
                0x00000abb       0x22 C:/ST/STM32CubeIDE_1.18.1/STM32CubeIDE/plugins/com.st.stm32cube.ide.mcu.externaltools.gnu-tools-for-stm32.13.3.rel1.win32_1.0.100.202509120712/tools/bin/../lib/gcc/arm-none-eabi/13.3.1/thumb/v7e-m+fp/hard\libgcc.a(_aeabi_uldivmod.o)
 .ARM.attributes
                0x00000add       0x34 C:/ST/STM32CubeIDE_1.18.1/STM32CubeIDE/plugins/com.st.stm32cube.ide.mcu.externaltools.gnu-tools-for-stm32.13.3.rel1.win32_1.0.100.202509120712/tools/bin/../lib/gcc/arm-none-eabi/13.3.1/thumb/v7e-m+fp/hard\libgcc.a(_udivmoddi4.o)
 .ARM.attributes
                0x00000b11       0x22 C:/ST/STM32CubeIDE_1.18.1/STM32CubeIDE/plugins/com.st.stm32cube.ide.mcu.externaltools.gnu-tools-for-stm32.13.3.rel1.win32_1.0.100.202509120712/tools/bin/../lib/gcc/arm-none-eabi/13.3.1/thumb/v7e-m+fp/hard\libgcc.a(_dvmd_tls.o)
 .ARM.attributes
                0x00000b33       0x22 C:/ST/STM32CubeIDE_1.18.1/STM32CubeIDE/plugins/com.st.stm32cube.ide.mcu.externaltools.gnu-tools-for-stm32.13.3.rel1.win32_1.0.100.202509120712/tools/bin/../lib/gcc/arm-none-eabi/13.3.1/thumb/v7e-m+fp/hard/crtn.o
OUTPUT(BC_LoRa_Hop_test.elf elf32-littlearm)
LOAD linker stubs
LOAD C:/ST/STM32CubeIDE_1.18.1/STM32CubeIDE/plugins/com.st.stm32cube.ide.mcu.externaltools.gnu-tools-for-stm32.13.3.rel1.win32_1.0.100.202509120712/tools/bin/../lib/gcc/arm-none-eabi/13.3.1/../../../../arm-none-eabi/lib/thumb/v7e-m+fp/hard\libc.a
LOAD C:/ST/STM32CubeIDE_1.18.1/STM32CubeIDE/plugins/com.st.stm32cube.ide.mcu.externaltools.gnu-tools-for-stm32.13.3.rel1.win32_1.0.100.202509120712/tools/bin/../lib/gcc/arm-none-eabi/13.3.1/../../../../arm-none-eabi/lib/thumb/v7e-m+fp/hard\libm.a
LOAD C:/ST/STM32CubeIDE_1.18.1/STM32CubeIDE/plugins/com.st.stm32cube.ide.mcu.externaltools.gnu-tools-for-stm32.13.3.rel1.win32_1.0.100.202509120712/tools/bin/../lib/gcc/arm-none-eabi/13.3.1/thumb/v7e-m+fp/hard\libgcc.a

.debug_info     0x00000000    0x14c5f
 .debug_info    0x00000000      0x31c ./Core/Src/LinkedList.o
 .debug_info    0x0000031c      0x61f ./Core/Src/buff_manager.o
 .debug_info    0x0000093b     0x1479 ./Core/Src/lora.o
 .debug_info    0x00001db4     0x2ed4 ./Core/Src/main.o
 .debug_info    0x00004c88     0x1ad0 ./Core/Src/stm32l4xx_hal_msp.o
 .debug_info    0x00006758      0x7d7 ./Core/Src/stm32l4xx_it.o
 .debug_info    0x00006f2f      0x6a3 ./Core/Src/syscalls.o
 .debug_info    0x000075d2      0x168 ./Core/Src/sysmem.o
 .debug_info    0x0000773a      0x5b1 ./Core/Src/system_stm32l4xx.o
 .debug_info    0x00007ceb       0x30 ./Core/Startup/startup_stm32l476rgtx.o
 .debug_info    0x00007d1b      0xc09 ./Drivers/STM32L4xx_HAL_Driver/Src/stm32l4xx_hal.o
 .debug_info    0x00008924      0xd81 ./Drivers/STM32L4xx_HAL_Driver/Src/stm32l4xx_hal_cortex.o
 .debug_info    0x000096a5      0x757 ./Drivers/STM32L4xx_HAL_Driver/Src/stm32l4xx_hal_gpio.o
 .debug_info    0x00009dfc      0xed5 ./Drivers/STM32L4xx_HAL_Driver/Src/stm32l4xx_hal_lptim.o
 .debug_info    0x0000acd1      0x91e ./Drivers/STM32L4xx_HAL_Driver/Src/stm32l4xx_hal_pwr.o
 .debug_info    0x0000b5ef      0x99e ./Drivers/STM32L4xx_HAL_Driver/Src/stm32l4xx_hal_pwr_ex.o
 .debug_info    0x0000bf8d      0xc14 ./Drivers/STM32L4xx_HAL_Driver/Src/stm32l4xx_hal_rcc.o
 .debug_info    0x0000cba1      0xe11 ./Drivers/STM32L4xx_HAL_Driver/Src/stm32l4xx_hal_rcc_ex.o
 .debug_info    0x0000d9b2      0x4a5 ./Drivers/STM32L4xx_HAL_Driver/Src/stm32l4xx_hal_rng.o
 .debug_info    0x0000de57      0xd7d ./Drivers/STM32L4xx_HAL_Driver/Src/stm32l4xx_hal_rtc.o
 .debug_info    0x0000ebd4      0xfd9 ./Drivers/STM32L4xx_HAL_Driver/Src/stm32l4xx_hal_rtc_ex.o
 .debug_info    0x0000fbad     0x1549 ./Drivers/STM32L4xx_HAL_Driver/Src/stm32l4xx_hal_spi.o
 .debug_info    0x000110f6     0x3b69 ./Drivers/STM32L4xx_HAL_Driver/Src/stm32l4xx_hal_uart.o

.debug_abbrev   0x00000000     0x2ef0
 .debug_abbrev  0x00000000      0x10b ./Core/Src/LinkedList.o
 .debug_abbrev  0x0000010b      0x1b8 ./Core/Src/buff_manager.o
 .debug_abbrev  0x000002c3      0x319 ./Core/Src/lora.o
 .debug_abbrev  0x000005dc      0x418 ./Core/Src/main.o
 .debug_abbrev  0x000009f4      0x235 ./Core/Src/stm32l4xx_hal_msp.o
 .debug_abbrev  0x00000c29      0x14d ./Core/Src/stm32l4xx_it.o
 .debug_abbrev  0x00000d76      0x1b6 ./Core/Src/syscalls.o
 .debug_abbrev  0x00000f2c       0xbc ./Core/Src/sysmem.o
 .debug_abbrev  0x00000fe8      0x11a ./Core/Src/system_stm32l4xx.o
 .debug_abbrev  0x00001102       0x24 ./Core/Startup/startup_stm32l476rgtx.o
 .debug_abbrev  0x00001126      0x243 ./Drivers/STM32L4xx_HAL_Driver/Src/stm32l4xx_hal.o
 .debug_abbrev  0x00001369      0x31c ./Drivers/STM32L4xx_HAL_Driver/Src/stm32l4xx_hal_cortex.o
 .debug_abbrev  0x00001685      0x1cb ./Drivers/STM32L4xx_HAL_Driver/Src/stm32l4xx_hal_gpio.o
 .debug_abbrev  0x00001850      0x269 ./Drivers/STM32L4xx_HAL_Driver/Src/stm32l4xx_hal_lptim.o
 .debug_abbrev  0x00001ab9      0x1d4 ./Drivers/STM32L4xx_HAL_Driver/Src/stm32l4xx_hal_pwr.o
 .debug_abbrev  0x00001c8d      0x1f9 ./Drivers/STM32L4xx_HAL_Driver/Src/stm32l4xx_hal_pwr_ex.o
 .debug_abbrev  0x00001e86      0x2cb ./Drivers/STM32L4xx_HAL_Driver/Src/stm32l4xx_hal_rcc.o
 .debug_abbrev  0x00002151      0x2a6 ./Drivers/STM32L4xx_HAL_Driver/Src/stm32l4xx_hal_rcc_ex.o
 .debug_abbrev  0x000023f7      0x1b7 ./Drivers/STM32L4xx_HAL_Driver/Src/stm32l4xx_hal_rng.o
 .debug_abbrev  0x000025ae      0x201 ./Drivers/STM32L4xx_HAL_Driver/Src/stm32l4xx_hal_rtc.o
 .debug_abbrev  0x000027af      0x211 ./Drivers/STM32L4xx_HAL_Driver/Src/stm32l4xx_hal_rtc_ex.o
 .debug_abbrev  0x000029c0      0x260 ./Drivers/STM32L4xx_HAL_Driver/Src/stm32l4xx_hal_spi.o
 .debug_abbrev  0x00002c20      0x2d0 ./Drivers/STM32L4xx_HAL_Driver/Src/stm32l4xx_hal_uart.o

.debug_aranges  0x00000000     0x12a8
 .debug_aranges
                0x00000000       0x58 ./Core/Src/LinkedList.o
 .debug_aranges
                0x00000058       0x58 ./Core/Src/buff_manager.o
 .debug_aranges
                0x000000b0       0xe0 ./Core/Src/lora.o
 .debug_aranges
                0x00000190      0x100 ./Core/Src/main.o
 .debug_aranges
                0x00000290       0x70 ./Core/Src/stm32l4xx_hal_msp.o
 .debug_aranges
                0x00000300       0x80 ./Core/Src/stm32l4xx_it.o
 .debug_aranges
                0x00000380       0xa8 ./Core/Src/syscalls.o
 .debug_aranges
                0x00000428       0x20 ./Core/Src/sysmem.o
 .debug_aranges
                0x00000448       0x28 ./Core/Src/system_stm32l4xx.o
 .debug_aranges
                0x00000470       0x28 ./Core/Startup/startup_stm32l476rgtx.o
 .debug_aranges
                0x00000498      0x130 ./Drivers/STM32L4xx_HAL_Driver/Src/stm32l4xx_hal.o
 .debug_aranges
                0x000005c8      0x128 ./Drivers/STM32L4xx_HAL_Driver/Src/stm32l4xx_hal_cortex.o
 .debug_aranges
                0x000006f0       0x58 ./Drivers/STM32L4xx_HAL_Driver/Src/stm32l4xx_hal_gpio.o
 .debug_aranges
                0x00000748      0x168 ./Drivers/STM32L4xx_HAL_Driver/Src/stm32l4xx_hal_lptim.o
 .debug_aranges
                0x000008b0       0x98 ./Drivers/STM32L4xx_HAL_Driver/Src/stm32l4xx_hal_pwr.o
 .debug_aranges
                0x00000948      0x160 ./Drivers/STM32L4xx_HAL_Driver/Src/stm32l4xx_hal_pwr_ex.o
 .debug_aranges
                0x00000aa8       0x90 ./Drivers/STM32L4xx_HAL_Driver/Src/stm32l4xx_hal_rcc.o
 .debug_aranges
                0x00000b38       0xc0 ./Drivers/STM32L4xx_HAL_Driver/Src/stm32l4xx_hal_rcc_ex.o
 .debug_aranges
                0x00000bf8       0x88 ./Drivers/STM32L4xx_HAL_Driver/Src/stm32l4xx_hal_rng.o
 .debug_aranges
                0x00000c80       0xe8 ./Drivers/STM32L4xx_HAL_Driver/Src/stm32l4xx_hal_rtc.o
 .debug_aranges
                0x00000d68      0x140 ./Drivers/STM32L4xx_HAL_Driver/Src/stm32l4xx_hal_rtc_ex.o
 .debug_aranges
                0x00000ea8      0x1d8 ./Drivers/STM32L4xx_HAL_Driver/Src/stm32l4xx_hal_spi.o
 .debug_aranges
                0x00001080      0x228 ./Drivers/STM32L4xx_HAL_Driver/Src/stm32l4xx_hal_uart.o

.debug_rnglists
                0x00000000      0xe6b
 .debug_rnglists
                0x00000000       0x3f ./Core/Src/LinkedList.o
 .debug_rnglists
                0x0000003f       0x4b ./Core/Src/buff_manager.o
 .debug_rnglists
                0x0000008a       0xab ./Core/Src/lora.o
 .debug_rnglists
                0x00000135       0xd6 ./Core/Src/main.o
 .debug_rnglists
                0x0000020b       0x51 ./Core/Src/stm32l4xx_hal_msp.o
 .debug_rnglists
                0x0000025c       0x5b ./Core/Src/stm32l4xx_it.o
 .debug_rnglists
                0x000002b7       0x79 ./Core/Src/syscalls.o
 .debug_rnglists
                0x00000330       0x13 ./Core/Src/sysmem.o
 .debug_rnglists
                0x00000343       0x1a ./Core/Src/system_stm32l4xx.o
 .debug_rnglists
                0x0000035d       0x19 ./Core/Startup/startup_stm32l476rgtx.o
 .debug_rnglists
                0x00000376       0xdf ./Drivers/STM32L4xx_HAL_Driver/Src/stm32l4xx_hal.o
 .debug_rnglists
                0x00000455       0xda ./Drivers/STM32L4xx_HAL_Driver/Src/stm32l4xx_hal_cortex.o
 .debug_rnglists
                0x0000052f       0x3f ./Drivers/STM32L4xx_HAL_Driver/Src/stm32l4xx_hal_gpio.o
 .debug_rnglists
                0x0000056e      0x11d ./Drivers/STM32L4xx_HAL_Driver/Src/stm32l4xx_hal_lptim.o
 .debug_rnglists
                0x0000068b       0x6e ./Drivers/STM32L4xx_HAL_Driver/Src/stm32l4xx_hal_pwr.o
 .debug_rnglists
                0x000006f9      0x109 ./Drivers/STM32L4xx_HAL_Driver/Src/stm32l4xx_hal_pwr_ex.o
 .debug_rnglists
                0x00000802       0x6d ./Drivers/STM32L4xx_HAL_Driver/Src/stm32l4xx_hal_rcc.o
 .debug_rnglists
                0x0000086f       0x95 ./Drivers/STM32L4xx_HAL_Driver/Src/stm32l4xx_hal_rcc_ex.o
 .debug_rnglists
                0x00000904       0x64 ./Drivers/STM32L4xx_HAL_Driver/Src/stm32l4xx_hal_rng.o
 .debug_rnglists
                0x00000968       0xb4 ./Drivers/STM32L4xx_HAL_Driver/Src/stm32l4xx_hal_rtc.o
 .debug_rnglists
                0x00000a1c       0xfc ./Drivers/STM32L4xx_HAL_Driver/Src/stm32l4xx_hal_rtc_ex.o
 .debug_rnglists
                0x00000b18      0x178 ./Drivers/STM32L4xx_HAL_Driver/Src/stm32l4xx_hal_spi.o
 .debug_rnglists
                0x00000c90      0x1db ./Drivers/STM32L4xx_HAL_Driver/Src/stm32l4xx_hal_uart.o

.debug_macro    0x00000000     0x4d68
 .debug_macro   0x00000000       0x7b ./Core/Src/LinkedList.o
 .debug_macro   0x0000007b      0xad8 ./Core/Src/LinkedList.o
 .debug_macro   0x00000b53       0x22 ./Core/Src/LinkedList.o
 .debug_macro   0x00000b75       0x8e ./Core/Src/LinkedList.o
 .debug_macro   0x00000c03       0x51 ./Core/Src/LinkedList.o
 .debug_macro   0x00000c54      0x103 ./Core/Src/LinkedList.o
 .debug_macro   0x00000d57       0x6a ./Core/Src/LinkedList.o
 .debug_macro   0x00000dc1      0x1df ./Core/Src/LinkedList.o
 .debug_macro   0x00000fa0      0x1a2 ./Core/Src/LinkedList.o
 .debug_macro   0x00001142       0x1c ./Core/Src/LinkedList.o