../Drivers/CMSIS/Include/core_cm4.h:1770:22:__NVIC_ClearPendingIRQ	16	static
../Core/Src/main.c:137:5:main	120	static
../Core/Src/main.c:268:6:SystemClock_Config	96	static
../Core/Src/main.c:324:13:MX_LPTIM1_Init	8	static
../Core/Src/main.c:358:13:MX_RNG_Init	8	static
../Core/Src/main.c:384:13:MX_RTC_Init	32	static
../Core/Src/main.c:451:13:MX_SPI3_Init	16	static
../Core/Src/main.c:496:13:MX_USART2_UART_Init	8	static
../Core/Src/main.c:531:13:MX_GPIO_Init	48	static
../Core/Src/main.c:646:6:init_rfm	8	static
../Core/Src/main.c:687:17:get_precision_tick	16	static,ignoring_inline_asm
../Core/Src/main.c:697:13:precision_sleep_until	32	static
../Core/Src/main.c:736:16:get_battery_level	4	static
../Core/Src/main.c:744:6:rfm95_after_interrupts_configured	8	static
../Core/Src/main.c:758:9:get_random_number	24	static
../Core/Src/main.c:804:17:random_wait	24	static
../Core/Src/main.c:836:13:schedule_tx_evt	64	static
../Core/Src/main.c:890:6:enterStopMode	8	static
../Core/Src/main.c:923:6:MySystemClock_Config	96	static
../Core/Src/main.c:985:6:HAL_LPTIM_AutoReloadMatchCallback	16	static
../Core/Src/main.c:990:6:HAL_LPTIM_CompareMatchCallback	16	static
../Core/Src/main.c:995:6:HAL_RTCEx_WakeUpTimerEventCallback	16	static
../Core/Src/main.c:1000:6:HAL_GPIO_EXTI_Callback	16	static
../Core/Src/main.c:1024:6:print_LL	16	static
../Core/Src/main.c:1056:5:_write	24	static
../Core/Src/main.c:1073:6:debug_pin_set	8	static
../Core/Src/main.c:1077:6:debug_pin_rst	8	static
../Core/Src/main.c:1089:6:Error_Handler	4	static,ignoring_inline_asm
