../Drivers/CMSIS/Include/core_cm4.h:1770:22:__NVIC_ClearPendingIRQ	16	static
../Core/Src/main.c:222:5:main	192	static
../Core/Src/main.c:509:6:SystemClock_Config	96	static
../Core/Src/main.c:565:13:MX_LPTIM1_Init	8	static
../Core/Src/main.c:599:13:MX_RNG_Init	8	static
../Core/Src/main.c:625:13:MX_RTC_Init	32	static
../Core/Src/main.c:692:13:MX_SPI3_Init	16	static
../Core/Src/main.c:737:13:MX_USART2_UART_Init	8	static
../Core/Src/main.c:772:13:MX_GPIO_Init	48	static
../Core/Src/main.c:887:6:init_rfm	8	static
../Core/Src/main.c:928:17:get_precision_tick	16	static,ignoring_inline_asm
../Core/Src/main.c:938:13:precision_sleep_until	32	static
../Core/Src/main.c:977:16:get_battery_level	4	static
../Core/Src/main.c:985:6:rfm95_after_interrupts_configured	8	static
../Core/Src/main.c:999:9:get_random_number	24	static
../Core/Src/main.c:1045:17:random_wait	24	static
../Core/Src/main.c:1077:13:schedule_tx_evt	64	static
../Core/Src/main.c:1131:6:enterStopMode	8	static
../Core/Src/main.c:1164:6:MySystemClock_Config	96	static
../Core/Src/main.c:1226:6:HAL_LPTIM_AutoReloadMatchCallback	16	static
../Core/Src/main.c:1231:6:HAL_LPTIM_CompareMatchCallback	16	static
../Core/Src/main.c:1236:6:HAL_RTCEx_WakeUpTimerEventCallback	16	static
../Core/Src/main.c:1241:6:HAL_GPIO_EXTI_Callback	16	static
../Core/Src/main.c:1265:6:build_pkt	24	static
../Core/Src/main.c:1292:6:print_LL	16	static
../Core/Src/main.c:1324:5:_write	24	static
../Core/Src/main.c:1341:6:debug_pin_set	8	static
../Core/Src/main.c:1345:6:debug_pin_rst	8	static
../Core/Src/main.c:1357:6:Error_Handler	4	static,ignoring_inline_asm
