../Drivers/CMSIS/Include/core_cm4.h:1770:22:__NVIC_ClearPendingIRQ	16	static
../Core/Src/main.c:236:5:main	192	static
../Core/Src/main.c:538:6:SystemClock_Config	96	static
../Core/Src/main.c:594:13:MX_LPTIM1_Init	8	static
../Core/Src/main.c:628:13:MX_RNG_Init	8	static
../Core/Src/main.c:654:13:MX_RTC_Init	32	static
../Core/Src/main.c:721:13:MX_SPI3_Init	16	static
../Core/Src/main.c:766:13:MX_USART2_UART_Init	8	static
../Core/Src/main.c:801:13:MX_GPIO_Init	48	static
../Core/Src/main.c:916:6:init_rfm	8	static
../Core/Src/main.c:957:17:get_precision_tick	16	static,ignoring_inline_asm
../Core/Src/main.c:967:13:precision_sleep_until	32	static
../Core/Src/main.c:1006:16:get_battery_level	4	static
../Core/Src/main.c:1014:6:rfm95_after_interrupts_configured	8	static
../Core/Src/main.c:1028:9:get_random_number	24	static
../Core/Src/main.c:1074:17:random_wait	24	static
../Core/Src/main.c:1106:13:schedule_tx_evt	64	static
../Core/Src/main.c:1160:6:enterStopMode	8	static
../Core/Src/main.c:1193:6:MySystemClock_Config	96	static
../Core/Src/main.c:1255:6:HAL_LPTIM_AutoReloadMatchCallback	16	static
../Core/Src/main.c:1260:6:HAL_LPTIM_CompareMatchCallback	16	static
../Core/Src/main.c:1265:6:HAL_RTCEx_WakeUpTimerEventCallback	16	static
../Core/Src/main.c:1270:6:HAL_GPIO_EXTI_Callback	16	static
../Core/Src/main.c:1294:6:build_pkt	24	static
../Core/Src/main.c:1321:6:print_LL	16	static
../Core/Src/main.c:1353:5:_write	24	static
../Core/Src/main.c:1370:6:debug_pin_set	8	static
../Core/Src/main.c:1374:6:debug_pin_rst	8	static
../Core/Src/main.c:1386:6:Error_Handler	4	static,ignoring_inline_asm
