../Drivers/CMSIS/Include/core_cm4.h:1770:22:__NVIC_ClearPendingIRQ	2
../Core/Src/main.c:196:5:main	15
../Core/Src/main.c:423:6:SystemClock_Config	4
../Core/Src/main.c:479:13:MX_LPTIM1_Init	2
../Core/Src/main.c:513:13:MX_RNG_Init	2
../Core/Src/main.c:539:13:MX_RTC_Init	4
../Core/Src/main.c:606:13:MX_SPI3_Init	2
../Core/Src/main.c:651:13:MX_USART2_UART_Init	2
../Core/Src/main.c:686:13:MX_GPIO_Init	1
../Core/Src/main.c:801:6:init_rfm	3
../Core/Src/main.c:842:17:get_precision_tick	1
../Core/Src/main.c:852:13:precision_sleep_until	6
../Core/Src/main.c:891:16:get_battery_level	1
../Core/Src/main.c:899:6:rfm95_after_interrupts_configured	1
../Core/Src/main.c:913:9:get_random_number	6
../Core/Src/main.c:959:17:random_wait	4
../Core/Src/main.c:991:13:schedule_tx_evt	4
../Core/Src/main.c:1045:6:enterStopMode	2
../Core/Src/main.c:1078:6:MySystemClock_Config	6
../Core/Src/main.c:1140:6:HAL_LPTIM_AutoReloadMatchCallback	1
../Core/Src/main.c:1145:6:HAL_LPTIM_CompareMatchCallback	1
../Core/Src/main.c:1150:6:HAL_RTCEx_WakeUpTimerEventCallback	1
../Core/Src/main.c:1155:6:HAL_GPIO_EXTI_Callback	6
../Core/Src/main.c:1179:6:build_pkt	2
../Core/Src/main.c:1206:6:print_LL	4
../Core/Src/main.c:1238:5:_write	1
../Core/Src/main.c:1255:6:debug_pin_set	1
../Core/Src/main.c:1259:6:debug_pin_rst	1
../Core/Src/main.c:1271:6:Error_Handler	1
