../Drivers/CMSIS/Include/core_cm4.h:1770:22:__NVIC_ClearPendingIRQ	2
../Core/Src/main.c:236:5:main	17
../Core/Src/main.c:538:6:SystemClock_Config	4
../Core/Src/main.c:594:13:MX_LPTIM1_Init	2
../Core/Src/main.c:628:13:MX_RNG_Init	2
../Core/Src/main.c:654:13:MX_RTC_Init	4
../Core/Src/main.c:721:13:MX_SPI3_Init	2
../Core/Src/main.c:766:13:MX_USART2_UART_Init	2
../Core/Src/main.c:801:13:MX_GPIO_Init	1
../Core/Src/main.c:912:6:init_rfm	3
../Core/Src/main.c:953:17:get_precision_tick	1
../Core/Src/main.c:963:13:precision_sleep_until	6
../Core/Src/main.c:1002:16:get_battery_level	1
../Core/Src/main.c:1010:6:rfm95_after_interrupts_configured	1
../Core/Src/main.c:1024:9:get_random_number	6
../Core/Src/main.c:1070:17:random_wait	4
../Core/Src/main.c:1102:13:schedule_tx_evt	4
../Core/Src/main.c:1156:6:enterStopMode	2
../Core/Src/main.c:1189:6:MySystemClock_Config	6
../Core/Src/main.c:1251:6:HAL_LPTIM_AutoReloadMatchCallback	1
../Core/Src/main.c:1256:6:HAL_LPTIM_CompareMatchCallback	1
../Core/Src/main.c:1261:6:HAL_RTCEx_WakeUpTimerEventCallback	1
../Core/Src/main.c:1266:6:HAL_GPIO_EXTI_Callback	6
../Core/Src/main.c:1290:6:build_pkt	2
../Core/Src/main.c:1317:6:print_LL	4
../Core/Src/main.c:1349:5:_write	1
../Core/Src/main.c:1366:6:debug_pin_set	1
../Core/Src/main.c:1370:6:debug_pin_rst	1
../Core/Src/main.c:1382:6:Error_Handler	1
