../Core/Src/lora.c:83:13:read_register	32	static
../Core/Src/lora.c:111:13:write_register	24	static
../Core/Src/lora.c:134:13:rfm95_modify_power	24	static
../Core/Src/lora.c:166:13:rfm95_modify_SF	32	static
../Core/Src/lora.c:191:13:rfm95_modify_CR_BW	32	static
../Core/Src/lora.c:208:13:rfm95_modify_frequency	16	static
../Core/Src/lora.c:219:13:rfm95_modify_syncWord	16	static
../Core/Src/lora.c:237:13:config_load_default	16	static
../Core/Src/lora.c:255:10:rfm95_init	16	static
../Core/Src/lora.c:265:6:reset	16	static
../Core/Src/lora.c:284:6:rfm95_set_power	24	static
../Core/Src/lora.c:304:6:rfm95_set_SF	16	static
../Core/Src/lora.c:319:6:rfm95_set_CR	16	static
../Core/Src/lora.c:334:6:rfm95_set_BW	16	static
../Core/Src/lora.c:349:6:rfm95_set_frequency	24	static
../Core/Src/lora.c:368:6:rfm95_set_syncWord	24	static
../Core/Src/lora.c:376:10:rfm95_send	24	static
../Core/Src/lora.c:380:10:rfm95_enter_rx_mode	16	static
../Core/Src/lora.c:384:10:rfm95_receive	16	static
../Core/Src/lora.c:397:6:rfm95_on_interrupt	24	static
