../Drivers/CMSIS/Include/core_cm4.h:1770:22:__NVIC_ClearPendingIRQ	16	static
../Core/Src/main.c:144:5:main	24	static,ignoring_inline_asm
../Core/Src/main.c:438:6:SystemClock_Config	96	static
../Core/Src/main.c:494:13:MX_LPTIM1_Init	8	static
../Core/Src/main.c:528:13:MX_RNG_Init	8	static
../Core/Src/main.c:554:13:MX_RTC_Init	32	static
../Core/Src/main.c:641:13:MX_SPI3_Init	16	static
../Core/Src/main.c:686:13:MX_USART1_UART_Init	8	static
../Core/Src/main.c:721:13:MX_GPIO_Init	48	static
../Core/Src/main.c:826:6:init_rfm	8	static
../Core/Src/main.c:867:17:get_precision_tick	16	static,ignoring_inline_asm
../Core/Src/main.c:877:13:precision_sleep_until	32	static
../Core/Src/main.c:916:16:get_battery_level	4	static
../Core/Src/main.c:924:6:rfm95_after_interrupts_configured	8	static
../Core/Src/main.c:938:9:get_random_number	24	static
../Core/Src/main.c:984:17:random_wait	24	static
../Core/Src/main.c:1016:13:schedule_tx_evt	32	static
../Core/Src/main.c:1056:13:schedule_alrmOFF_evt	24	static
../Core/Src/main.c:1094:19:julian_day	48	static
../Core/Src/main.c:1110:17:get_currTime_ms	56	static
../Core/Src/main.c:1143:6:enterStopMode	8	static,ignoring_inline_asm
../Core/Src/main.c:1179:6:MySystemClock_Config	96	static
../Core/Src/main.c:1241:6:HAL_LPTIM_AutoReloadMatchCallback	16	static
../Core/Src/main.c:1246:6:HAL_LPTIM_CompareMatchCallback	16	static
../Core/Src/main.c:1251:6:HAL_RTCEx_WakeUpTimerEventCallback	16	static
../Core/Src/main.c:1257:6:HAL_GPIO_EXTI_Callback	16	static
../Core/Src/main.c:1279:6:print_LL	16	static
../Core/Src/main.c:1311:5:_write	24	static
../Core/Src/main.c:1328:6:debug_pin_set	8	static
../Core/Src/main.c:1332:6:debug_pin_rst	8	static
../Core/Src/main.c:1344:6:Error_Handler	4	static,ignoring_inline_asm
