../Drivers/CMSIS/Include/core_cm4.h:1770:22:__NVIC_ClearPendingIRQ	16	static
../Core/Src/main.c:135:5:main	8	static,ignoring_inline_asm
../Core/Src/main.c:375:6:SystemClock_Config	96	static
../Core/Src/main.c:431:13:MX_LPTIM1_Init	8	static
../Core/Src/main.c:465:13:MX_RNG_Init	8	static
../Core/Src/main.c:491:13:MX_RTC_Init	32	static
../Core/Src/main.c:558:13:MX_SPI3_Init	16	static
../Core/Src/main.c:603:13:MX_USART2_UART_Init	8	static
../Core/Src/main.c:638:13:MX_GPIO_Init	48	static
../Core/Src/main.c:753:6:init_rfm	8	static
../Core/Src/main.c:794:17:get_precision_tick	16	static,ignoring_inline_asm
../Core/Src/main.c:804:13:precision_sleep_until	32	static
../Core/Src/main.c:843:16:get_battery_level	4	static
../Core/Src/main.c:851:6:rfm95_after_interrupts_configured	8	static
../Core/Src/main.c:865:9:get_random_number	24	static
../Core/Src/main.c:911:17:random_wait	24	static
../Core/Src/main.c:943:13:schedule_tx_evt	64	static
../Core/Src/main.c:997:6:enterStopMode	8	static
../Core/Src/main.c:1030:6:MySystemClock_Config	96	static
../Core/Src/main.c:1092:6:HAL_LPTIM_AutoReloadMatchCallback	16	static
../Core/Src/main.c:1097:6:HAL_LPTIM_CompareMatchCallback	16	static
../Core/Src/main.c:1102:6:HAL_RTCEx_WakeUpTimerEventCallback	16	static
../Core/Src/main.c:1107:6:HAL_GPIO_EXTI_Callback	16	static
../Core/Src/main.c:1129:6:print_LL	16	static
../Core/Src/main.c:1161:5:_write	24	static
../Core/Src/main.c:1178:6:debug_pin_set	8	static
../Core/Src/main.c:1182:6:debug_pin_rst	8	static
../Core/Src/main.c:1194:6:Error_Handler	4	static,ignoring_inline_asm
