../Drivers/CMSIS/Include/core_cm4.h:1770:22:__NVIC_ClearPendingIRQ	16	static
../Core/Src/main.c:130:5:main	88	static
../Core/Src/main.c:260:6:SystemClock_Config	96	static
../Core/Src/main.c:316:13:MX_LPTIM1_Init	8	static
../Core/Src/main.c:350:13:MX_RNG_Init	8	static
../Core/Src/main.c:376:13:MX_RTC_Init	32	static
../Core/Src/main.c:463:13:MX_SPI3_Init	16	static
../Core/Src/main.c:508:13:MX_USART1_UART_Init	8	static
../Core/Src/main.c:541:13:MX_DMA_Init	16	static
../Core/Src/main.c:559:13:MX_GPIO_Init	48	static
../Core/Src/main.c:664:6:init_rfm	8	static
../Core/Src/main.c:705:17:get_precision_tick	16	static,ignoring_inline_asm
../Core/Src/main.c:715:13:precision_sleep_until	32	static
../Core/Src/main.c:754:16:get_battery_level	4	static
../Core/Src/main.c:762:6:rfm95_after_interrupts_configured	8	static
../Core/Src/main.c:776:9:get_random_number	24	static
../Core/Src/main.c:822:17:random_wait	24	static
../Core/Src/main.c:841:19:julian_day	48	static
../Core/Src/main.c:859:17:get_currTime_ms	56	static
../Core/Src/main.c:902:14:onRxEvt	32	static
../Core/Src/main.c:997:14:onTxEvt	24	static
../Core/Src/main.c:1025:6:enterStopMode	8	static,ignoring_inline_asm
../Core/Src/main.c:1061:6:MySystemClock_Config	96	static
../Core/Src/main.c:1123:6:HAL_LPTIM_AutoReloadMatchCallback	16	static
../Core/Src/main.c:1128:6:HAL_LPTIM_CompareMatchCallback	16	static
../Core/Src/main.c:1133:6:HAL_RTCEx_WakeUpTimerEventCallback	16	static
../Core/Src/main.c:1138:6:HAL_GPIO_EXTI_Callback	16	static
../Core/Src/main.c:1156:6:HAL_UART_TxCpltCallback	16	static
../Core/Src/main.c:1173:5:_write	24	static
../Core/Src/main.c:1190:6:debug_pin_set	8	static
../Core/Src/main.c:1194:6:debug_pin_rst	8	static
../Core/Src/main.c:1206:6:Error_Handler	4	static,ignoring_inline_asm
