../Drivers/CMSIS/Include/core_cm4.h:1770:22:__NVIC_ClearPendingIRQ	2
../Core/Src/main.c:130:5:main	11
../Core/Src/main.c:260:6:SystemClock_Config	4
../Core/Src/main.c:316:13:MX_LPTIM1_Init	2
../Core/Src/main.c:350:13:MX_RNG_Init	2
../Core/Src/main.c:376:13:MX_RTC_Init	6
../Core/Src/main.c:463:13:MX_SPI3_Init	2
../Core/Src/main.c:508:13:MX_USART1_UART_Init	2
../Core/Src/main.c:541:13:MX_DMA_Init	1
../Core/Src/main.c:559:13:MX_GPIO_Init	1
../Core/Src/main.c:664:6:init_rfm	3
../Core/Src/main.c:705:17:get_precision_tick	1
../Core/Src/main.c:715:13:precision_sleep_until	6
../Core/Src/main.c:754:16:get_battery_level	1
../Core/Src/main.c:762:6:rfm95_after_interrupts_configured	1
../Core/Src/main.c:776:9:get_random_number	6
../Core/Src/main.c:822:17:random_wait	4
../Core/Src/main.c:841:19:julian_day	3
../Core/Src/main.c:859:17:get_currTime_ms	1
../Core/Src/main.c:902:14:onRxEvt	15
../Core/Src/main.c:997:14:onTxEvt	5
../Core/Src/main.c:1025:6:enterStopMode	2
../Core/Src/main.c:1061:6:MySystemClock_Config	6
../Core/Src/main.c:1123:6:HAL_LPTIM_AutoReloadMatchCallback	1
../Core/Src/main.c:1128:6:HAL_LPTIM_CompareMatchCallback	1
../Core/Src/main.c:1133:6:HAL_RTCEx_WakeUpTimerEventCallback	1
../Core/Src/main.c:1138:6:HAL_GPIO_EXTI_Callback	5
../Core/Src/main.c:1156:6:HAL_UART_TxCpltCallback	2
../Core/Src/main.c:1173:5:_write	1
../Core/Src/main.c:1190:6:debug_pin_set	1
../Core/Src/main.c:1194:6:debug_pin_rst	1
../Core/Src/main.c:1206:6:Error_Handler	1
