../Drivers/CMSIS/Include/core_cm4.h:1770:22:__NVIC_ClearPendingIRQ	16	static
../Core/Src/main.c:133:5:main	88	static
../Core/Src/main.c:273:6:SystemClock_Config	96	static
../Core/Src/main.c:329:13:MX_LPTIM1_Init	8	static
../Core/Src/main.c:363:13:MX_RNG_Init	8	static
../Core/Src/main.c:389:13:MX_RTC_Init	32	static
../Core/Src/main.c:476:13:MX_SPI3_Init	16	static
../Core/Src/main.c:521:13:MX_USART1_UART_Init	8	static
../Core/Src/main.c:554:13:MX_DMA_Init	16	static
../Core/Src/main.c:572:13:MX_GPIO_Init	48	static
../Core/Src/main.c:677:6:init_rfm	8	static
../Core/Src/main.c:718:17:get_precision_tick	16	static,ignoring_inline_asm
../Core/Src/main.c:728:13:precision_sleep_until	32	static
../Core/Src/main.c:767:16:get_battery_level	4	static
../Core/Src/main.c:775:6:rfm95_after_interrupts_configured	8	static
../Core/Src/main.c:789:9:get_random_number	24	static
../Core/Src/main.c:835:17:random_wait	24	static
../Core/Src/main.c:854:19:julian_day	48	static
../Core/Src/main.c:872:17:get_currTime_ms	56	static
../Core/Src/main.c:915:14:onRxEvt	32	static
../Core/Src/main.c:1029:14:onTxEvt	24	static
../Core/Src/main.c:1057:6:enterStopMode	8	static,ignoring_inline_asm
../Core/Src/main.c:1093:6:MySystemClock_Config	96	static
../Core/Src/main.c:1155:6:HAL_LPTIM_AutoReloadMatchCallback	16	static
../Core/Src/main.c:1160:6:HAL_LPTIM_CompareMatchCallback	16	static
../Core/Src/main.c:1165:6:HAL_RTCEx_WakeUpTimerEventCallback	16	static
../Core/Src/main.c:1170:6:HAL_GPIO_EXTI_Callback	16	static
../Core/Src/main.c:1188:6:HAL_UART_TxCpltCallback	16	static
../Core/Src/main.c:1205:5:_write	24	static
../Core/Src/main.c:1222:6:debug_pin_set	8	static
../Core/Src/main.c:1226:6:debug_pin_rst	8	static
../Core/Src/main.c:1238:6:Error_Handler	4	static,ignoring_inline_asm
