../Drivers/CMSIS/Include/core_cm4.h:1770:22:__NVIC_ClearPendingIRQ	16	static
../Core/Src/main.c:130:5:main	88	static
../Core/Src/main.c:254:6:SystemClock_Config	96	static
../Core/Src/main.c:310:13:MX_LPTIM1_Init	8	static
../Core/Src/main.c:344:13:MX_RNG_Init	8	static
../Core/Src/main.c:370:13:MX_RTC_Init	32	static
../Core/Src/main.c:457:13:MX_SPI3_Init	16	static
../Core/Src/main.c:502:13:MX_USART1_UART_Init	8	static
../Core/Src/main.c:535:13:MX_DMA_Init	16	static
../Core/Src/main.c:553:13:MX_GPIO_Init	48	static
../Core/Src/main.c:658:6:init_rfm	8	static
../Core/Src/main.c:699:17:get_precision_tick	16	static,ignoring_inline_asm
../Core/Src/main.c:709:13:precision_sleep_until	32	static
../Core/Src/main.c:748:16:get_battery_level	4	static
../Core/Src/main.c:756:6:rfm95_after_interrupts_configured	8	static
../Core/Src/main.c:770:9:get_random_number	24	static
../Core/Src/main.c:816:17:random_wait	24	static
../Core/Src/main.c:835:19:julian_day	48	static
../Core/Src/main.c:851:17:get_currTime_ms	56	static
../Core/Src/main.c:878:14:onRxEvt	32	static
../Core/Src/main.c:969:14:onTxEvt	24	static
../Core/Src/main.c:997:6:enterStopMode	8	static,ignoring_inline_asm
../Core/Src/main.c:1033:6:MySystemClock_Config	96	static
../Core/Src/main.c:1095:6:HAL_LPTIM_AutoReloadMatchCallback	16	static
../Core/Src/main.c:1100:6:HAL_LPTIM_CompareMatchCallback	16	static
../Core/Src/main.c:1105:6:HAL_RTCEx_WakeUpTimerEventCallback	16	static
../Core/Src/main.c:1110:6:HAL_GPIO_EXTI_Callback	16	static
../Core/Src/main.c:1128:6:HAL_UART_TxCpltCallback	16	static
../Core/Src/main.c:1145:5:_write	24	static
../Core/Src/main.c:1162:6:debug_pin_set	8	static
../Core/Src/main.c:1166:6:debug_pin_rst	8	static
../Core/Src/main.c:1178:6:Error_Handler	4	static,ignoring_inline_asm
