../Core/Src/main.c:94:5:main	32	static
../Core/Src/main.c:212:6:SystemClock_Config	96	static
../Core/Src/main.c:268:13:MX_LPTIM1_Init	8	static
../Core/Src/main.c:302:13:MX_RTC_Init	8	static
../Core/Src/main.c:338:13:MX_SPI3_Init	8	static
../Core/Src/main.c:378:13:MX_USART2_UART_Init	8	static
../Core/Src/main.c:413:13:MX_GPIO_Init	48	static
../Core/Src/main.c:488:17:get_precision_tick	16	static,ignoring_inline_asm
../Core/Src/main.c:498:13:precision_sleep_until	32	static
../Core/Src/main.c:537:16:get_battery_level	4	static
../Core/Src/main.c:545:6:rfm95_after_interrupts_configured	8	static
../Core/Src/main.c:560:6:enterStopMode	8	static
../Core/Src/main.c:582:6:MySystemClock_Config	96	static
../Core/Src/main.c:644:6:HAL_LPTIM_AutoReloadMatchCallback	16	static
../Core/Src/main.c:649:6:HAL_LPTIM_CompareMatchCallback	16	static
../Core/Src/main.c:654:6:HAL_GPIO_EXTI_Callback	16	static
../Core/Src/main.c:674:5:_write	24	static
../Core/Src/main.c:686:6:Error_Handler	4	static,ignoring_inline_asm
